******************************************************************************
                  TI ARM Linker PC v20.2.5                     
******************************************************************************
>> Linked Tue Mar 15 23:01:41 2022

OUTPUT FILE NAME:   <dhcp.out>
ENTRY POINT SYMBOL: "_c_int00_noargs"  address: 00007559


MEMORY CONFIGURATION

         name            origin    length      used     unused   attr    fill
----------------------  --------  ---------  --------  --------  ----  --------
  FLASH                 00000000   00040000  000079bc  00038644  R  X
  SRAM                  20000000   00008000  0000112d  00006ed3  RW X


SEGMENT ALLOCATION MAP

run origin  load origin   length   init length attrs members
----------  ----------- ---------- ----------- ----- -------
00000000    00000000    000079c0   000079c0    r-x
  00000000    00000000    0000026c   0000026c    r-- .intvecs
  0000026c    0000026c    00007530   00007530    r-x .text
  000077a0    000077a0    000001e0   000001e0    r-- .const
  00007980    00007980    00000040   00000040    r-- .cinit
20000000    20000000    00001130   00000000    rw-
  20000000    20000000    00001000   00000000    rw- .stack
  20001000    20001000    000000e1   00000000    rw- .bss
  200010e4    200010e4    0000004c   00000000    rw- .data


SECTION ALLOCATION MAP

 output                                  attributes/
section   page    origin      length       input sections
--------  ----  ----------  ----------   ----------------
.intvecs   0    00000000    0000026c     
                  00000000    0000026c     tm4c123gh6pm_startup_ccs.obj (.intvecs)

.text      0    0000026c    00007530     
                  0000026c    000013a4     eth0.obj (.text)
                  00001610    00001290     dhcp.obj (.text)
                  000028a0    00000b14     rtsv7M4_T_le_v4SPD16_eabi.lib : _scanfi.c.obj (.text:__TI_scanfi)
                  000033b4    00000b08     ethernet1.obj (.text)
                  00003ebc    00000a4e     rtsv7M4_T_le_v4SPD16_eabi.lib : _printfi.c.obj (.text:__TI_printfi)
                  0000490a    00000002                                   : div0.asm.obj (.text)
                  0000490c    000007e4     gpio.obj (.text)
                  000050f0    00000460     rtsv7M4_T_le_v4SPD16_eabi.lib : strtod.c.obj (.text:strtod)
                  00005550    00000338     timer.obj (.text)
                  00005888    00000270     rtsv7M4_T_le_v4SPD16_eabi.lib : _printfi.c.obj (.text:_pconv_a)
                  00005af8    000001dc                                   : strtoll.c.obj (.text:strtoll)
                  00005cd4    000001d0                                   : _printfi.c.obj (.text:_pconv_g)
                  00005ea4    000001b6                                   : fd_add_t2.asm.obj (.text)
                  0000605a    00000002     --HOLE-- [fill = 0]
                  0000605c    00000190     uart0.obj (.text)
                  000061ec    00000160     spi0.obj (.text)
                  0000634c    0000015c     rtsv7M4_T_le_v4SPD16_eabi.lib : strtoull.c.obj (.text:strtoull)
                  000064a8    0000013c                                   : _printfi.c.obj (.text:_pconv_e)
                  000065e4    00000136                                   : fd_div_t2.asm.obj (.text)
                  0000671a    00000002     --HOLE-- [fill = 0]
                  0000671c    00000130                                   : strtol.c.obj (.text:strtol)
                  0000684c    00000124                                   : _printfi.c.obj (.text:fcvt)
                  00006970    00000110                                   : s_scalbn.c.obj (.text:scalbn)
                  00006a80    00000110                                   : strtoul.c.obj (.text:strtoul)
                  00006b90    000000fc                                   : fd_mul_t2.asm.obj (.text)
                  00006c8c    000000b1                                   : _printfi.c.obj (.text:_ltostr)
                  00006d3d    00000001     --HOLE-- [fill = 0]
                  00006d3e    0000009c                                   : memcpy_t2.asm.obj (.text)
                  00006dda    00000096                                   : ull_div_t2.asm.obj (.text)
                  00006e70    00000086                                   : fd_cmp_t2.asm.obj (.text:__aeabi_cdcmple)
                  00006ef6    00000086                                   : fd_cmp_t2.asm.obj (.text:__aeabi_cdrcmple)
                  00006f7c    00000084     eeprom.obj (.text)
                  00007000    0000007a     rtsv7M4_T_le_v4SPD16_eabi.lib : memset_t2.asm.obj (.text)
                  0000707a    0000006e                                   : _printfi.c.obj (.text:_mcpy)
                  000070e8    0000006e                                   : fd_tos_t2.asm.obj (.text)
                  00007156    00000002     --HOLE-- [fill = 0]
                  00007158    00000068                                   : sscanf.c.obj (.text:_chkmbc)
                  000071c0    00000068                                   : copy_decompress_lzss.c.obj (.text:decompress:lzss:__TI_decompress_lzss)
                  00007228    00000064                                   : s_frexp.c.obj (.text:frexp)
                  0000728c    00000056                                   : _printfi.c.obj (.text:_pconv_f)
                  000072e2    00000054                                   : _ltoa.c.obj (.text:__TI_ltoa)
                  00007336    00000052                                   : _printfi.c.obj (.text:_ecpy)
                  00007388    0000004c                                   : atoi.c.obj (.text:atoi)
                  000073d4    00000048                                   : fd_toi_t2.asm.obj (.text)
                  0000741c    00000044                                   : autoinit.c.obj (.text:__TI_auto_init_nobinit_nopinit:__TI_auto_init_nobinit_nopinit)
                  00007460    00000040                                   : sprintf.c.obj (.text:sprintf)
                  000074a0    00000040                                   : strtok.c.obj (.text:strtok)
                  000074e0    0000003e                                   : _printfi.c.obj (.text:_fcpy)
                  0000751e    00000002     --HOLE-- [fill = 0]
                  00007520    00000038                                   : sscanf.c.obj (.text:sscanf)
                  00007558    00000034                                   : boot_cortex_m.c.obj (.text:_c_int00_noargs:_c_int00_noargs)
                  0000758c    0000002e                                   : i_tofd_t2.asm.obj (.text)
                  000075ba    0000002a                                   : strspn.c.obj (.text:strspn)
                  000075e4    00000024                                   : strcspn.c.obj (.text:strcspn)
                  00007608    00000024     wait.obj (.text)
                  0000762c    0000001c     rtsv7M4_T_le_v4SPD16_eabi.lib : copy_zero_init.c.obj (.text:decompress:ZI:__TI_zero_init_nomemset:__TI_zero_init_nomemset)
                  00007648    0000001c                                   : memccpy.c.obj (.text:memccpy)
                  00007664    0000001a                                   : s_copysign.c.obj (.text:copysign)
                  0000767e    00000018                                   : sprintf.c.obj (.text:_outs)
                  00007696    00000018                                   : ll_mul_t2.asm.obj (.text)
                  000076ae    00000018                                   : strcmp.c.obj (.text:strcmp)
                  000076c6    00000018                                   : strrchr.c.obj (.text:strrchr)
                  000076de    00000016                                   : strchr.c.obj (.text:strchr)
                  000076f4    00000014                                   : strcpy.c.obj (.text:strcpy)
                  00007708    00000014                                   : strlen.c.obj (.text:strlen)
                  0000771c    00000012                                   : sscanf.c.obj (.text:_inpchar)
                  0000772e    00000012                                   : wcslen.c.obj (.text:wcslen)
                  00007740    00000010     clock.obj (.text)
                  00007750    00000010     rtsv7M4_T_le_v4SPD16_eabi.lib : tolower.c.obj (.text:tolower)
                  00007760    0000000e                                   : copy_decompress_none.c.obj (.text:decompress:none:__TI_decompress_none)
                  0000776e    0000000c     tm4c123gh6pm_startup_ccs.obj (.text)
                  0000777a    0000000a     rtsv7M4_T_le_v4SPD16_eabi.lib : sprintf.c.obj (.text:_outc)
                  00007784    00000008                                   : errno.c.obj (.text:__aeabi_errno_addr)
                  0000778c    00000008                                   : sscanf.c.obj (.text:_uninpchar)
                  00007794    00000004                                   : pre_init.c.obj (.text:_system_pre_init)
                  00007798    00000004                                   : exit.c.obj (.text:abort:abort)

.const     0    000077a0    000001e0     
                  000077a0    00000101     rtsv7M4_T_le_v4SPD16_eabi.lib : ctype.c.obj (.const:.string:_ctypes_)
                  000078a1    00000007     --HOLE-- [fill = 0]
                  000078a8    000000c8                                   : strtod.c.obj (.const:$O1$$)
                  00007970    00000010                                   : _scanfi.c.obj (.const:$O1$$)

.cinit     0    00007980    00000040     
                  00007980    00000019     (.cinit..data.load) [load image, compression = lzss]
                  00007999    00000003     --HOLE-- [fill = 0]
                  0000799c    0000000c     (__TI_handler_table)
                  000079a8    00000008     (.cinit..bss.load) [load image, compression = zero_init]
                  000079b0    00000010     (__TI_cinit_table)

.init_array 
*          0    00000000    00000000     UNINITIALIZED

.bss       0    20001000    000000e1     UNINITIALIZED
                  20001000    00000054     (.common:strInput)
                  20001054    00000028     (.common:fn)
                  2000107c    00000028     (.common:period)
                  200010a4    00000028     (.common:ticks)
                  200010cc    0000000c     (.common:reload)
                  200010d8    00000004     (.common:lease)
                  200010dc    00000004     (.common:token)
                  200010e0    00000001     (.common:requestBit)

.data      0    200010e4    0000004c     UNINITIALIZED
                  200010e4    0000000c     dhcp.obj (.data)
                  200010f0    00000006     eth0.obj (.data:hwAddress)
                  200010f6    00000002     --HOLE--
                  200010f8    00000005     ethernet1.obj (.data)
                  200010fd    00000004     dhcp.obj (.data:dhcpOfferedIpAdd)
                  20001101    00000004     eth0.obj (.data:dhcpServerAddress)
                  20001105    00000004     dhcp.obj (.data:dhcpServerIpAdd)
                  20001109    00000004     ethernet1.obj (.data:dummy)
                  2000110d    00000004     eth0.obj (.data)
                  20001111    00000004     eth0.obj (.data:ipAddress)
                  20001115    00000004     eth0.obj (.data:ipDnsAddress)
                  20001119    00000004     eth0.obj (.data:ipGwAddress)
                  2000111d    00000004     eth0.obj (.data:ipSubnetMask)
                  20001121    00000004     eth0.obj (.data:ipTimeServerAddress)
                  20001125    00000003     --HOLE--
                  20001128    00000004     rtsv7M4_T_le_v4SPD16_eabi.lib : errno.c.obj (.data)
                  2000112c    00000004                                   : strtok.c.obj (.data)

.stack     0    20000000    00001000     UNINITIALIZED
                  20000000    00000004     rtsv7M4_T_le_v4SPD16_eabi.lib : boot_cortex_m.c.obj (.stack)
                  20000004    00000ffc     --HOLE--

__llvm_prf_cnts 
*          0    20000000    00000000     UNINITIALIZED

MODULE SUMMARY

       Module                         code    ro data   rw data
       ------                         ----    -------   -------
    .\
       eth0.obj                       5028    0         34     
       dhcp.obj                       4752    0         25     
       ethernet1.obj                  2824    0         97     
       gpio.obj                       2020    0         0      
       timer.obj                      824     0         132    
       tm4c123gh6pm_startup_ccs.obj   12      620       0      
       uart0.obj                      400     0         0      
       spi0.obj                       352     0         0      
       eeprom.obj                     132     0         0      
       wait.obj                       36      0         0      
       clock.obj                      16      0         0      
    +--+------------------------------+-------+---------+---------+
       Total:                         16396   620       288    
                                                               
    C:\ti\ccs1110\ccs\tools\compiler\ti-cgt-arm_20.2.5.LTS\lib\rtsv7M4_T_le_v4SPD16_eabi.lib
       _printfi.c.obj                 4851    0         0      
       _scanfi.c.obj                  2836    16        0      
       strtod.c.obj                   1120    200       0      
       strtoll.c.obj                  476     0         0      
       fd_add_t2.asm.obj              438     0         0      
       strtoull.c.obj                 348     0         0      
       fd_div_t2.asm.obj              310     0         0      
       strtol.c.obj                   304     0         0      
       s_scalbn.c.obj                 272     0         0      
       strtoul.c.obj                  272     0         0      
       fd_cmp_t2.asm.obj              268     0         0      
       ctype.c.obj                    0       257       0      
       fd_mul_t2.asm.obj              252     0         0      
       sscanf.c.obj                   186     0         0      
       memcpy_t2.asm.obj              156     0         0      
       ull_div_t2.asm.obj             150     0         0      
       memset_t2.asm.obj              122     0         0      
       fd_tos_t2.asm.obj              110     0         0      
       copy_decompress_lzss.c.obj     104     0         0      
       s_frexp.c.obj                  100     0         0      
       sprintf.c.obj                  98      0         0      
       _ltoa.c.obj                    84      0         0      
       atoi.c.obj                     76      0         0      
       fd_toi_t2.asm.obj              72      0         0      
       autoinit.c.obj                 68      0         0      
       strtok.c.obj                   64      0         4      
       boot_cortex_m.c.obj            52      0         0      
       i_tofd_t2.asm.obj              46      0         0      
       strspn.c.obj                   42      0         0      
       strcspn.c.obj                  36      0         0      
       copy_zero_init.c.obj           28      0         0      
       memccpy.c.obj                  28      0         0      
       s_copysign.c.obj               26      0         0      
       ll_mul_t2.asm.obj              24      0         0      
       strcmp.c.obj                   24      0         0      
       strrchr.c.obj                  24      0         0      
       strchr.c.obj                   22      0         0      
       strcpy.c.obj                   20      0         0      
       strlen.c.obj                   20      0         0      
       wcslen.c.obj                   18      0         0      
       tolower.c.obj                  16      0         0      
       copy_decompress_none.c.obj     14      0         0      
       errno.c.obj                    8       0         4      
       exit.c.obj                     4       0         0      
       pre_init.c.obj                 4       0         0      
       div0.asm.obj                   2       0         0      
    +--+------------------------------+-------+---------+---------+
       Total:                         13595   473       8      
                                                               
       Stack:                         0       0         4096   
       Linker Generated:              0       61        0      
    +--+------------------------------+-------+---------+---------+
       Grand Total:                   29991   1154      4392   


LINKER GENERATED COPY TABLES

__TI_cinit_table @ 000079b0 records: 2, size/record: 8, table size: 16
	.data: load addr=00007980, load size=00000019 bytes, run addr=200010e4, run size=0000004c bytes, compression=lzss
	.bss: load addr=000079a8, load size=00000008 bytes, run addr=20001000, run size=000000e1 bytes, compression=zero_init


LINKER GENERATED HANDLER TABLE

__TI_handler_table @ 0000799c records: 3, size/record: 4, table size: 12
	index: 0, handler: __TI_decompress_lzss
	index: 1, handler: __TI_decompress_none
	index: 2, handler: __TI_zero_init


GLOBAL SYMBOLS: SORTED ALPHABETICALLY BY Name 

address   name                          
-------   ----                          
00007799  C$$EXIT                       
0000776f  ResetISR                      
200010e8  T1                            
200010ec  T2                            
20001000  __STACK_END                   
00001000  __STACK_SIZE                  
20000200  __STACK_TOP                   
000079b0  __TI_CINIT_Base               
000079c0  __TI_CINIT_Limit              
0000799c  __TI_Handler_Table_Base       
000079a8  __TI_Handler_Table_Limit      
0000741d  __TI_auto_init_nobinit_nopinit
000071c1  __TI_decompress_lzss          
00007761  __TI_decompress_none          
000072e3  __TI_ltoa                     
ffffffff  __TI_pprof_out_hndl           
00003ebd  __TI_printfi                  
ffffffff  __TI_prof_data_size           
ffffffff  __TI_prof_data_start          
000028a1  __TI_scanfi                   
00000000  __TI_static_base__            
0000762d  __TI_zero_init_nomemset       
00006e71  __aeabi_cdcmpeq               
00006e71  __aeabi_cdcmple               
00006ef7  __aeabi_cdrcmple              
000070e9  __aeabi_d2f                   
000073d5  __aeabi_d2iz                  
00005eaf  __aeabi_dadd                  
000065e5  __aeabi_ddiv                  
00006b91  __aeabi_dmul                  
00005ea5  __aeabi_dsub                  
00007785  __aeabi_errno_addr            
0000758d  __aeabi_i2d                   
0000490b  __aeabi_idiv0                 
0000490b  __aeabi_ldiv0                 
00007697  __aeabi_lmul                  
00007001  __aeabi_memclr                
00007001  __aeabi_memclr4               
00007001  __aeabi_memclr8               
00006d3f  __aeabi_memcpy                
00006d3f  __aeabi_memcpy4               
00006d3f  __aeabi_memcpy8               
00007003  __aeabi_memset                
00007003  __aeabi_memset4               
00007003  __aeabi_memset8               
00006ddb  __aeabi_uldivmod              
ffffffff  __binit__                     
ffffffff  __c_args__                    
UNDEFED   __mpu_init                    
20000000  __stack                       
20000000  __start___llvm_prf_cnts       
20000000  __stop___llvm_prf_cnts        
00007559  _c_int00_noargs               
000077a0  _ctypes_                      
UNDEFED   _system_post_cinit            
00007795  _system_pre_init              
00007799  abort                         
00003427  arptimer                      
000037f5  asciiToUint8                  
00007389  atoi                          
ffffffff  binit                         
00004f61  clearPinInterrupt             
00007665  copysign                      
00007665  copysignl                     
200010fc  count                         
0000165f  dhcpDisable                   
00001657  dhcpEnable                    
20001110  dhcpEnabled                   
000016a1  dhcpGetLeaseSeconds           
00001625  dhcpGetState                  
000024b9  dhcpHandleAck                 
000022a1  dhcpIsAck                     
0000166f  dhcpIsEnabled                 
000021a3  dhcpIsOffer                   
200010fd  dhcpOfferedIpAdd              
000027bd  dhcpProcessArpResponse        
0000270d  dhcpProcessDhcpResponse       
00001691  dhcpRequestRebind             
00001699  dhcpRequestRelease            
00001681  dhcpRequestRenew              
000016bd  dhcpSendMessage               
000025cf  dhcpSendPendingMessages       
20001101  dhcpServerAddress             
20001105  dhcpServerIpAdd               
00001611  dhcpSetState                  
200010e4  dhcpState                     
00004f3d  disablePinInterrupt           
00004c75  disablePinPulldown            
00004c2d  disablePinPullup              
000049c9  disablePort                   
00003413  discovertimer                 
00003499  displayConnectionInfo         
20001109  dummy                         
00004f19  enablePinInterrupt            
00004c51  enablePinPulldown             
00004bff  enablePinPullup               
0000490d  enablePort                    
20001128  errno                         
000008dd  etherCalcIpChecksum           
0000032b  etherClearReg                 
00000283  etherCsOff                    
0000026d  etherCsOn                     
000014a1  etherGetDhcpServerAddress     
00001221  etherGetId                    
00001297  etherGetIpAddress             
000013f3  etherGetIpDnsAddress          
0000137f  etherGetIpGatewayAddress      
0000130b  etherGetIpSubnetMask          
000014db  etherGetIpTimeServerAddress   
000015a9  etherGetMacAddress            
00000661  etherGetPacket                
00000f25  etherGetUdpData               
0000122d  etherIncId                    
00000477  etherInit                     
00000ba1  etherIsArpRequest             
00000c3f  etherIsArpResponse            
00000617  etherIsDataAvailable          
000010f5  etherIsDhcpResponse           
00000971  etherIsIp                     
000009e1  etherIsIpUnicast              
00001237  etherIsIpValid                
000005fd  etherIsLinkUp                 
00000631  etherIsOverflow               
00000a45  etherIsPingRequest            
0000114f  etherIsTcp                    
00000e7d  etherIsUdp                    
00000751  etherPutPacket                
0000045f  etherReadMem                  
0000044d  etherReadMemStart             
0000046f  etherReadMemStop              
000003b3  etherReadPhy                  
000002c5  etherReadReg                  
00000d69  etherSendArpRequest           
00000c99  etherSendArpResponse          
00000a91  etherSendPingResponse         
00000f55  etherSendUdpResponse          
0000035f  etherSetBank                  
00001467  etherSetDhcpServerAddress     
0000125d  etherSetIpAddress             
000013b9  etherSetIpDnsAddress          
00001345  etherSetIpGatewayAddress      
000012d1  etherSetIpSubnetMask          
0000142d  etherSetIpTimeServerAddress   
00001529  etherSetMacAddress            
000002f7  etherSetReg                   
00000837  etherSumWords                 
00000431  etherWriteMem                 
0000041f  etherWriteMemStart            
00000445  etherWriteMemStop             
0000037b  etherWritePhy                 
00000291  etherWriteReg                 
20001054  fn                            
00007229  frexp                         
00007229  frexpl                        
00000000  g_pfnVectors                  
000008ab  getEtherChecksum              
00001651  getLease                      
00002081  getOption                     
00004fab  getPinValue                   
00005061  getPortValue                  
0000163f  getRequestBit                 
00001645  getT1                         
0000164b  getT2                         
00006179  getcUart0                     
0000093d  htonl                         
00000919  htons                         
200010f0  hwAddress                     
00006f7d  initEeprom                    
000033b5  initHw                        
000061ed  initSpi0                      
00007741  initSystemClockTo40Mhz        
00005551  initTimer                     
0000605d  initUart0                     
20001111  ipAddress                     
20001115  ipDnsAddress                  
20001119  ipGwAddress                   
2000111d  ipSubnetMask                  
20001121  ipTimeServerAddress           
0000618d  kbhitUart0                    
00006971  ldexp                         
00006971  ldexpl                        
200010d8  lease                         
00003479  leasetimer                    
00003cb1  main                          
00007649  memccpy                       
00006d3f  memcpy                        
00007009  memset                        
200010e5  needDiscover                  
200010e7  needRelease                   
200010e6  needRequest                   
2000110d  nextPacketLsb                 
2000110e  nextPacketMsb                 
2000107c  period                        
000038d1  processShell                  
00006131  putcUart0                     
0000614d  putsUart0                     
0000584b  random32                      
00003747  readConfiguration             
00006fc5  readEeprom                    
00006325  readSpi0Data                  
00003471  rebindtimer                   
200010cc  reload                        
00003463  renewRequestTimer             
00003455  renewtimer                    
200010e0  requestBit                    
0000341d  requesttimer                  
000033f1  reset_values                  
00005763  restartTimer                  
00006971  scalbn                        
00006971  scalbnl                       
00004b33  selectPinAnalogInput          
00004ae5  selectPinDigitalInput         
00004e4f  selectPinInterruptBothEdges   
00004dff  selectPinInterruptFallingEdge 
00004ea5  selectPinInterruptHighLevel   
00004edf  selectPinInterruptLowLevel    
00004daf  selectPinInterruptRisingEdge  
00004a97  selectPinOpenDrainOutput      
00004a49  selectPinPushPullOutput       
2000110f  sequenceId                    
00004c9d  setPinAuxFunction             
00004b83  setPinCommitControl           
00004f85  setPinValue                   
00004fe5  setPortValue                  
0000162b  setRequestBit                 
00006289  setSpi0BaudRate               
000062bf  setSpi0Mode                   
000060f1  setUart0BaudRate              
00007461  sprintf                       
00007521  sscanf                        
000055f1  startOneshotTimer             
00005677  startPeriodicTimer            
000056fd  stopTimer                     
20001000  strInput                      
000076df  strchr                        
000076af  strcmp                        
000076f5  strcpy                        
000075e5  strcspn                       
00007709  strlen                        
000076c7  strrchr                       
000075bb  strspn                        
000050f1  strtod                        
000074a1  strtok                        
0000671d  strtol                        
000050f1  strtold                       
00005af9  strtoll                       
00006a81  strtoul                       
0000634d  strtoull                      
000057d1  tickIsr                       
200010a4  ticks                         
200010dc  token                         
00007751  tolower                       
00007609  waitMicrosecond               
0000772f  wcslen                        
00006f93  writeEeprom                   
0000630d  writeSpi0Data                 
200010f8  x                             


GLOBAL SYMBOLS: SORTED BY Symbol Address 

address   name                          
-------   ----                          
00000000  __TI_static_base__            
00000000  g_pfnVectors                  
0000026d  etherCsOn                     
00000283  etherCsOff                    
00000291  etherWriteReg                 
000002c5  etherReadReg                  
000002f7  etherSetReg                   
0000032b  etherClearReg                 
0000035f  etherSetBank                  
0000037b  etherWritePhy                 
000003b3  etherReadPhy                  
0000041f  etherWriteMemStart            
00000431  etherWriteMem                 
00000445  etherWriteMemStop             
0000044d  etherReadMemStart             
0000045f  etherReadMem                  
0000046f  etherReadMemStop              
00000477  etherInit                     
000005fd  etherIsLinkUp                 
00000617  etherIsDataAvailable          
00000631  etherIsOverflow               
00000661  etherGetPacket                
00000751  etherPutPacket                
00000837  etherSumWords                 
000008ab  getEtherChecksum              
000008dd  etherCalcIpChecksum           
00000919  htons                         
0000093d  htonl                         
00000971  etherIsIp                     
000009e1  etherIsIpUnicast              
00000a45  etherIsPingRequest            
00000a91  etherSendPingResponse         
00000ba1  etherIsArpRequest             
00000c3f  etherIsArpResponse            
00000c99  etherSendArpResponse          
00000d69  etherSendArpRequest           
00000e7d  etherIsUdp                    
00000f25  etherGetUdpData               
00000f55  etherSendUdpResponse          
00001000  __STACK_SIZE                  
000010f5  etherIsDhcpResponse           
0000114f  etherIsTcp                    
00001221  etherGetId                    
0000122d  etherIncId                    
00001237  etherIsIpValid                
0000125d  etherSetIpAddress             
00001297  etherGetIpAddress             
000012d1  etherSetIpSubnetMask          
0000130b  etherGetIpSubnetMask          
00001345  etherSetIpGatewayAddress      
0000137f  etherGetIpGatewayAddress      
000013b9  etherSetIpDnsAddress          
000013f3  etherGetIpDnsAddress          
0000142d  etherSetIpTimeServerAddress   
00001467  etherSetDhcpServerAddress     
000014a1  etherGetDhcpServerAddress     
000014db  etherGetIpTimeServerAddress   
00001529  etherSetMacAddress            
000015a9  etherGetMacAddress            
00001611  dhcpSetState                  
00001625  dhcpGetState                  
0000162b  setRequestBit                 
0000163f  getRequestBit                 
00001645  getT1                         
0000164b  getT2                         
00001651  getLease                      
00001657  dhcpEnable                    
0000165f  dhcpDisable                   
0000166f  dhcpIsEnabled                 
00001681  dhcpRequestRenew              
00001691  dhcpRequestRebind             
00001699  dhcpRequestRelease            
000016a1  dhcpGetLeaseSeconds           
000016bd  dhcpSendMessage               
00002081  getOption                     
000021a3  dhcpIsOffer                   
000022a1  dhcpIsAck                     
000024b9  dhcpHandleAck                 
000025cf  dhcpSendPendingMessages       
0000270d  dhcpProcessDhcpResponse       
000027bd  dhcpProcessArpResponse        
000028a1  __TI_scanfi                   
000033b5  initHw                        
000033f1  reset_values                  
00003413  discovertimer                 
0000341d  requesttimer                  
00003427  arptimer                      
00003455  renewtimer                    
00003463  renewRequestTimer             
00003471  rebindtimer                   
00003479  leasetimer                    
00003499  displayConnectionInfo         
00003747  readConfiguration             
000037f5  asciiToUint8                  
000038d1  processShell                  
00003cb1  main                          
00003ebd  __TI_printfi                  
0000490b  __aeabi_idiv0                 
0000490b  __aeabi_ldiv0                 
0000490d  enablePort                    
000049c9  disablePort                   
00004a49  selectPinPushPullOutput       
00004a97  selectPinOpenDrainOutput      
00004ae5  selectPinDigitalInput         
00004b33  selectPinAnalogInput          
00004b83  setPinCommitControl           
00004bff  enablePinPullup               
00004c2d  disablePinPullup              
00004c51  enablePinPulldown             
00004c75  disablePinPulldown            
00004c9d  setPinAuxFunction             
00004daf  selectPinInterruptRisingEdge  
00004dff  selectPinInterruptFallingEdge 
00004e4f  selectPinInterruptBothEdges   
00004ea5  selectPinInterruptHighLevel   
00004edf  selectPinInterruptLowLevel    
00004f19  enablePinInterrupt            
00004f3d  disablePinInterrupt           
00004f61  clearPinInterrupt             
00004f85  setPinValue                   
00004fab  getPinValue                   
00004fe5  setPortValue                  
00005061  getPortValue                  
000050f1  strtod                        
000050f1  strtold                       
00005551  initTimer                     
000055f1  startOneshotTimer             
00005677  startPeriodicTimer            
000056fd  stopTimer                     
00005763  restartTimer                  
000057d1  tickIsr                       
0000584b  random32                      
00005af9  strtoll                       
00005ea5  __aeabi_dsub                  
00005eaf  __aeabi_dadd                  
0000605d  initUart0                     
000060f1  setUart0BaudRate              
00006131  putcUart0                     
0000614d  putsUart0                     
00006179  getcUart0                     
0000618d  kbhitUart0                    
000061ed  initSpi0                      
00006289  setSpi0BaudRate               
000062bf  setSpi0Mode                   
0000630d  writeSpi0Data                 
00006325  readSpi0Data                  
0000634d  strtoull                      
000065e5  __aeabi_ddiv                  
0000671d  strtol                        
00006971  ldexp                         
00006971  ldexpl                        
00006971  scalbn                        
00006971  scalbnl                       
00006a81  strtoul                       
00006b91  __aeabi_dmul                  
00006d3f  __aeabi_memcpy                
00006d3f  __aeabi_memcpy4               
00006d3f  __aeabi_memcpy8               
00006d3f  memcpy                        
00006ddb  __aeabi_uldivmod              
00006e71  __aeabi_cdcmpeq               
00006e71  __aeabi_cdcmple               
00006ef7  __aeabi_cdrcmple              
00006f7d  initEeprom                    
00006f93  writeEeprom                   
00006fc5  readEeprom                    
00007001  __aeabi_memclr                
00007001  __aeabi_memclr4               
00007001  __aeabi_memclr8               
00007003  __aeabi_memset                
00007003  __aeabi_memset4               
00007003  __aeabi_memset8               
00007009  memset                        
000070e9  __aeabi_d2f                   
000071c1  __TI_decompress_lzss          
00007229  frexp                         
00007229  frexpl                        
000072e3  __TI_ltoa                     
00007389  atoi                          
000073d5  __aeabi_d2iz                  
0000741d  __TI_auto_init_nobinit_nopinit
00007461  sprintf                       
000074a1  strtok                        
00007521  sscanf                        
00007559  _c_int00_noargs               
0000758d  __aeabi_i2d                   
000075bb  strspn                        
000075e5  strcspn                       
00007609  waitMicrosecond               
0000762d  __TI_zero_init_nomemset       
00007649  memccpy                       
00007665  copysign                      
00007665  copysignl                     
00007697  __aeabi_lmul                  
000076af  strcmp                        
000076c7  strrchr                       
000076df  strchr                        
000076f5  strcpy                        
00007709  strlen                        
0000772f  wcslen                        
00007741  initSystemClockTo40Mhz        
00007751  tolower                       
00007761  __TI_decompress_none          
0000776f  ResetISR                      
00007785  __aeabi_errno_addr            
00007795  _system_pre_init              
00007799  C$$EXIT                       
00007799  abort                         
000077a0  _ctypes_                      
0000799c  __TI_Handler_Table_Base       
000079a8  __TI_Handler_Table_Limit      
000079b0  __TI_CINIT_Base               
000079c0  __TI_CINIT_Limit              
20000000  __stack                       
20000000  __start___llvm_prf_cnts       
20000000  __stop___llvm_prf_cnts        
20000200  __STACK_TOP                   
20001000  __STACK_END                   
20001000  strInput                      
20001054  fn                            
2000107c  period                        
200010a4  ticks                         
200010cc  reload                        
200010d8  lease                         
200010dc  token                         
200010e0  requestBit                    
200010e4  dhcpState                     
200010e5  needDiscover                  
200010e6  needRequest                   
200010e7  needRelease                   
200010e8  T1                            
200010ec  T2                            
200010f0  hwAddress                     
200010f8  x                             
200010fc  count                         
200010fd  dhcpOfferedIpAdd              
20001101  dhcpServerAddress             
20001105  dhcpServerIpAdd               
20001109  dummy                         
2000110d  nextPacketLsb                 
2000110e  nextPacketMsb                 
2000110f  sequenceId                    
20001110  dhcpEnabled                   
20001111  ipAddress                     
20001115  ipDnsAddress                  
20001119  ipGwAddress                   
2000111d  ipSubnetMask                  
20001121  ipTimeServerAddress           
20001128  errno                         
ffffffff  __TI_pprof_out_hndl           
ffffffff  __TI_prof_data_size           
ffffffff  __TI_prof_data_start          
ffffffff  __binit__                     
ffffffff  __c_args__                    
ffffffff  binit                         
UNDEFED   __mpu_init                    
UNDEFED   _system_post_cinit            

[257 symbols]
