******************************************************************************
                  TI ARM Linker PC v20.2.5                     
******************************************************************************
>> Linked Mon Mar 21 23:38:23 2022

OUTPUT FILE NAME:   <dhcp.out>
ENTRY POINT SYMBOL: "_c_int00_noargs"  address: 00007661


MEMORY CONFIGURATION

         name            origin    length      used     unused   attr    fill
----------------------  --------  ---------  --------  --------  ----  --------
  FLASH                 00000000   00040000  00007ac4  0003853c  R  X
  SRAM                  20000000   00008000  0000112d  00006ed3  RW X


SEGMENT ALLOCATION MAP

run origin  load origin   length   init length attrs members
----------  ----------- ---------- ----------- ----- -------
00000000    00000000    00007ac8   00007ac8    r-x
  00000000    00000000    0000026c   0000026c    r-- .intvecs
  0000026c    0000026c    00007638   00007638    r-x .text
  000078a8    000078a8    000001e0   000001e0    r-- .const
  00007a88    00007a88    00000040   00000040    r-- .cinit
20000000    20000000    00001130   00000000    rw-
  20000000    20000000    00001000   00000000    rw- .stack
  20001000    20001000    000000e1   00000000    rw- .bss
  200010e4    200010e4    0000004c   00000000    rw- .data


SECTION ALLOCATION MAP

 output                                  attributes/
section   page    origin      length       input sections
--------  ----  ----------  ----------   ----------------
.intvecs   0    00000000    0000026c     
                  00000000    0000026c     tm4c123gh6pm_startup_ccs.obj (.intvecs)

.text      0    0000026c    00007638     
                  0000026c    000013a4     eth0.obj (.text)
                  00001610    0000139c     dhcp.obj (.text)
                  000029ac    00000b14     rtsv7M4_T_le_v4SPD16_eabi.lib : _scanfi.c.obj (.text:__TI_scanfi)
                  000034c0    00000b04     ethernet1.obj (.text)
                  00003fc4    00000a4e     rtsv7M4_T_le_v4SPD16_eabi.lib : _printfi.c.obj (.text:__TI_printfi)
                  00004a12    00000002                                   : div0.asm.obj (.text)
                  00004a14    000007e4     gpio.obj (.text)
                  000051f8    00000460     rtsv7M4_T_le_v4SPD16_eabi.lib : strtod.c.obj (.text:strtod)
                  00005658    00000338     timer.obj (.text)
                  00005990    00000270     rtsv7M4_T_le_v4SPD16_eabi.lib : _printfi.c.obj (.text:_pconv_a)
                  00005c00    000001dc                                   : strtoll.c.obj (.text:strtoll)
                  00005ddc    000001d0                                   : _printfi.c.obj (.text:_pconv_g)
                  00005fac    000001b6                                   : fd_add_t2.asm.obj (.text)
                  00006162    00000002     --HOLE-- [fill = 0]
                  00006164    00000190     uart0.obj (.text)
                  000062f4    00000160     spi0.obj (.text)
                  00006454    0000015c     rtsv7M4_T_le_v4SPD16_eabi.lib : strtoull.c.obj (.text:strtoull)
                  000065b0    0000013c                                   : _printfi.c.obj (.text:_pconv_e)
                  000066ec    00000136                                   : fd_div_t2.asm.obj (.text)
                  00006822    00000002     --HOLE-- [fill = 0]
                  00006824    00000130                                   : strtol.c.obj (.text:strtol)
                  00006954    00000124                                   : _printfi.c.obj (.text:fcvt)
                  00006a78    00000110                                   : s_scalbn.c.obj (.text:scalbn)
                  00006b88    00000110                                   : strtoul.c.obj (.text:strtoul)
                  00006c98    000000fc                                   : fd_mul_t2.asm.obj (.text)
                  00006d94    000000b1                                   : _printfi.c.obj (.text:_ltostr)
                  00006e45    00000001     --HOLE-- [fill = 0]
                  00006e46    0000009c                                   : memcpy_t2.asm.obj (.text)
                  00006ee2    00000096                                   : ull_div_t2.asm.obj (.text)
                  00006f78    00000086                                   : fd_cmp_t2.asm.obj (.text:__aeabi_cdcmple)
                  00006ffe    00000086                                   : fd_cmp_t2.asm.obj (.text:__aeabi_cdrcmple)
                  00007084    00000084     eeprom.obj (.text)
                  00007108    0000007a     rtsv7M4_T_le_v4SPD16_eabi.lib : memset_t2.asm.obj (.text)
                  00007182    0000006e                                   : _printfi.c.obj (.text:_mcpy)
                  000071f0    0000006e                                   : fd_tos_t2.asm.obj (.text)
                  0000725e    00000002     --HOLE-- [fill = 0]
                  00007260    00000068                                   : sscanf.c.obj (.text:_chkmbc)
                  000072c8    00000068                                   : copy_decompress_lzss.c.obj (.text:decompress:lzss:__TI_decompress_lzss)
                  00007330    00000064                                   : s_frexp.c.obj (.text:frexp)
                  00007394    00000056                                   : _printfi.c.obj (.text:_pconv_f)
                  000073ea    00000054                                   : _ltoa.c.obj (.text:__TI_ltoa)
                  0000743e    00000052                                   : _printfi.c.obj (.text:_ecpy)
                  00007490    0000004c                                   : atoi.c.obj (.text:atoi)
                  000074dc    00000048                                   : fd_toi_t2.asm.obj (.text)
                  00007524    00000044                                   : autoinit.c.obj (.text:__TI_auto_init_nobinit_nopinit:__TI_auto_init_nobinit_nopinit)
                  00007568    00000040                                   : sprintf.c.obj (.text:sprintf)
                  000075a8    00000040                                   : strtok.c.obj (.text:strtok)
                  000075e8    0000003e                                   : _printfi.c.obj (.text:_fcpy)
                  00007626    00000002     --HOLE-- [fill = 0]
                  00007628    00000038                                   : sscanf.c.obj (.text:sscanf)
                  00007660    00000034                                   : boot_cortex_m.c.obj (.text:_c_int00_noargs:_c_int00_noargs)
                  00007694    0000002e                                   : i_tofd_t2.asm.obj (.text)
                  000076c2    0000002a                                   : strspn.c.obj (.text:strspn)
                  000076ec    00000024                                   : strcspn.c.obj (.text:strcspn)
                  00007710    00000024     wait.obj (.text)
                  00007734    0000001c     rtsv7M4_T_le_v4SPD16_eabi.lib : copy_zero_init.c.obj (.text:decompress:ZI:__TI_zero_init_nomemset:__TI_zero_init_nomemset)
                  00007750    0000001c                                   : memccpy.c.obj (.text:memccpy)
                  0000776c    0000001a                                   : s_copysign.c.obj (.text:copysign)
                  00007786    00000018                                   : sprintf.c.obj (.text:_outs)
                  0000779e    00000018                                   : ll_mul_t2.asm.obj (.text)
                  000077b6    00000018                                   : strcmp.c.obj (.text:strcmp)
                  000077ce    00000018                                   : strrchr.c.obj (.text:strrchr)
                  000077e6    00000016                                   : strchr.c.obj (.text:strchr)
                  000077fc    00000014                                   : strcpy.c.obj (.text:strcpy)
                  00007810    00000014                                   : strlen.c.obj (.text:strlen)
                  00007824    00000012                                   : sscanf.c.obj (.text:_inpchar)
                  00007836    00000012                                   : wcslen.c.obj (.text:wcslen)
                  00007848    00000010     clock.obj (.text)
                  00007858    00000010     rtsv7M4_T_le_v4SPD16_eabi.lib : tolower.c.obj (.text:tolower)
                  00007868    0000000e                                   : copy_decompress_none.c.obj (.text:decompress:none:__TI_decompress_none)
                  00007876    0000000c     tm4c123gh6pm_startup_ccs.obj (.text)
                  00007882    0000000a     rtsv7M4_T_le_v4SPD16_eabi.lib : sprintf.c.obj (.text:_outc)
                  0000788c    00000008                                   : errno.c.obj (.text:__aeabi_errno_addr)
                  00007894    00000008                                   : sscanf.c.obj (.text:_uninpchar)
                  0000789c    00000004                                   : pre_init.c.obj (.text:_system_pre_init)
                  000078a0    00000004                                   : exit.c.obj (.text:abort:abort)

.const     0    000078a8    000001e0     
                  000078a8    00000101     rtsv7M4_T_le_v4SPD16_eabi.lib : ctype.c.obj (.const:.string:_ctypes_)
                  000079a9    00000007     --HOLE-- [fill = 0]
                  000079b0    000000c8                                   : strtod.c.obj (.const:$O1$$)
                  00007a78    00000010                                   : _scanfi.c.obj (.const:$O1$$)

.cinit     0    00007a88    00000040     
                  00007a88    00000019     (.cinit..data.load) [load image, compression = lzss]
                  00007aa1    00000003     --HOLE-- [fill = 0]
                  00007aa4    0000000c     (__TI_handler_table)
                  00007ab0    00000008     (.cinit..bss.load) [load image, compression = zero_init]
                  00007ab8    00000010     (__TI_cinit_table)

.init_array 
*          0    00000000    00000000     UNINITIALIZED

.bss       0    20001000    000000e1     UNINITIALIZED
                  20001000    00000054     (.common:strInput)
                  20001054    00000028     (.common:fn)
                  2000107c    00000028     (.common:period)
                  200010a4    00000028     (.common:ticks)
                  200010cc    0000000c     (.common:reload)
                  200010d8    00000004     (.common:lease)
                  200010dc    00000004     (.common:token)
                  200010e0    00000001     (.common:requestBit)

.data      0    200010e4    0000004c     UNINITIALIZED
                  200010e4    0000000c     dhcp.obj (.data)
                  200010f0    00000006     eth0.obj (.data:hwAddress)
                  200010f6    00000002     --HOLE--
                  200010f8    00000005     ethernet1.obj (.data)
                  200010fd    00000004     dhcp.obj (.data:dhcpOfferedIpAdd)
                  20001101    00000004     eth0.obj (.data:dhcpServerAddress)
                  20001105    00000004     dhcp.obj (.data:dhcpServerIpAdd)
                  20001109    00000004     ethernet1.obj (.data:dummy)
                  2000110d    00000004     eth0.obj (.data)
                  20001111    00000004     eth0.obj (.data:ipAddress)
                  20001115    00000004     eth0.obj (.data:ipDnsAddress)
                  20001119    00000004     eth0.obj (.data:ipGwAddress)
                  2000111d    00000004     eth0.obj (.data:ipSubnetMask)
                  20001121    00000004     eth0.obj (.data:ipTimeServerAddress)
                  20001125    00000003     --HOLE--
                  20001128    00000004     rtsv7M4_T_le_v4SPD16_eabi.lib : errno.c.obj (.data)
                  2000112c    00000004                                   : strtok.c.obj (.data)

.stack     0    20000000    00001000     UNINITIALIZED
                  20000000    00000004     rtsv7M4_T_le_v4SPD16_eabi.lib : boot_cortex_m.c.obj (.stack)
                  20000004    00000ffc     --HOLE--

__llvm_prf_cnts 
*          0    20000000    00000000     UNINITIALIZED

MODULE SUMMARY

       Module                         code    ro data   rw data
       ------                         ----    -------   -------
    .\
       eth0.obj                       5028    0         34     
       dhcp.obj                       5020    0         25     
       ethernet1.obj                  2820    0         97     
       gpio.obj                       2020    0         0      
       timer.obj                      824     0         132    
       tm4c123gh6pm_startup_ccs.obj   12      620       0      
       uart0.obj                      400     0         0      
       spi0.obj                       352     0         0      
       eeprom.obj                     132     0         0      
       wait.obj                       36      0         0      
       clock.obj                      16      0         0      
    +--+------------------------------+-------+---------+---------+
       Total:                         16660   620       288    
                                                               
    C:\ti\ccs1110\ccs\tools\compiler\ti-cgt-arm_20.2.5.LTS\lib\rtsv7M4_T_le_v4SPD16_eabi.lib
       _printfi.c.obj                 4851    0         0      
       _scanfi.c.obj                  2836    16        0      
       strtod.c.obj                   1120    200       0      
       strtoll.c.obj                  476     0         0      
       fd_add_t2.asm.obj              438     0         0      
       strtoull.c.obj                 348     0         0      
       fd_div_t2.asm.obj              310     0         0      
       strtol.c.obj                   304     0         0      
       s_scalbn.c.obj                 272     0         0      
       strtoul.c.obj                  272     0         0      
       fd_cmp_t2.asm.obj              268     0         0      
       ctype.c.obj                    0       257       0      
       fd_mul_t2.asm.obj              252     0         0      
       sscanf.c.obj                   186     0         0      
       memcpy_t2.asm.obj              156     0         0      
       ull_div_t2.asm.obj             150     0         0      
       memset_t2.asm.obj              122     0         0      
       fd_tos_t2.asm.obj              110     0         0      
       copy_decompress_lzss.c.obj     104     0         0      
       s_frexp.c.obj                  100     0         0      
       sprintf.c.obj                  98      0         0      
       _ltoa.c.obj                    84      0         0      
       atoi.c.obj                     76      0         0      
       fd_toi_t2.asm.obj              72      0         0      
       autoinit.c.obj                 68      0         0      
       strtok.c.obj                   64      0         4      
       boot_cortex_m.c.obj            52      0         0      
       i_tofd_t2.asm.obj              46      0         0      
       strspn.c.obj                   42      0         0      
       strcspn.c.obj                  36      0         0      
       copy_zero_init.c.obj           28      0         0      
       memccpy.c.obj                  28      0         0      
       s_copysign.c.obj               26      0         0      
       ll_mul_t2.asm.obj              24      0         0      
       strcmp.c.obj                   24      0         0      
       strrchr.c.obj                  24      0         0      
       strchr.c.obj                   22      0         0      
       strcpy.c.obj                   20      0         0      
       strlen.c.obj                   20      0         0      
       wcslen.c.obj                   18      0         0      
       tolower.c.obj                  16      0         0      
       copy_decompress_none.c.obj     14      0         0      
       errno.c.obj                    8       0         4      
       exit.c.obj                     4       0         0      
       pre_init.c.obj                 4       0         0      
       div0.asm.obj                   2       0         0      
    +--+------------------------------+-------+---------+---------+
       Total:                         13595   473       8      
                                                               
       Stack:                         0       0         4096   
       Linker Generated:              0       61        0      
    +--+------------------------------+-------+---------+---------+
       Grand Total:                   30255   1154      4392   


LINKER GENERATED COPY TABLES

__TI_cinit_table @ 00007ab8 records: 2, size/record: 8, table size: 16
	.data: load addr=00007a88, load size=00000019 bytes, run addr=200010e4, run size=0000004c bytes, compression=lzss
	.bss: load addr=00007ab0, load size=00000008 bytes, run addr=20001000, run size=000000e1 bytes, compression=zero_init


LINKER GENERATED HANDLER TABLE

__TI_handler_table @ 00007aa4 records: 3, size/record: 4, table size: 12
	index: 0, handler: __TI_decompress_lzss
	index: 1, handler: __TI_decompress_none
	index: 2, handler: __TI_zero_init


GLOBAL SYMBOLS: SORTED ALPHABETICALLY BY Name 

address   name                          
-------   ----                          
000078a1  C$$EXIT                       
00007877  ResetISR                      
200010e8  T1                            
200010ec  T2                            
20001000  __STACK_END                   
00001000  __STACK_SIZE                  
20000200  __STACK_TOP                   
00007ab8  __TI_CINIT_Base               
00007ac8  __TI_CINIT_Limit              
00007aa4  __TI_Handler_Table_Base       
00007ab0  __TI_Handler_Table_Limit      
00007525  __TI_auto_init_nobinit_nopinit
000072c9  __TI_decompress_lzss          
00007869  __TI_decompress_none          
000073eb  __TI_ltoa                     
ffffffff  __TI_pprof_out_hndl           
00003fc5  __TI_printfi                  
ffffffff  __TI_prof_data_size           
ffffffff  __TI_prof_data_start          
000029ad  __TI_scanfi                   
00000000  __TI_static_base__            
00007735  __TI_zero_init_nomemset       
00006f79  __aeabi_cdcmpeq               
00006f79  __aeabi_cdcmple               
00006fff  __aeabi_cdrcmple              
000071f1  __aeabi_d2f                   
000074dd  __aeabi_d2iz                  
00005fb7  __aeabi_dadd                  
000066ed  __aeabi_ddiv                  
00006c99  __aeabi_dmul                  
00005fad  __aeabi_dsub                  
0000788d  __aeabi_errno_addr            
00007695  __aeabi_i2d                   
00004a13  __aeabi_idiv0                 
00004a13  __aeabi_ldiv0                 
0000779f  __aeabi_lmul                  
00007109  __aeabi_memclr                
00007109  __aeabi_memclr4               
00007109  __aeabi_memclr8               
00006e47  __aeabi_memcpy                
00006e47  __aeabi_memcpy4               
00006e47  __aeabi_memcpy8               
0000710b  __aeabi_memset                
0000710b  __aeabi_memset4               
0000710b  __aeabi_memset8               
00006ee3  __aeabi_uldivmod              
ffffffff  __binit__                     
ffffffff  __c_args__                    
UNDEFED   __mpu_init                    
20000000  __stack                       
20000000  __start___llvm_prf_cnts       
20000000  __stop___llvm_prf_cnts        
00007661  _c_int00_noargs               
000078a8  _ctypes_                      
UNDEFED   _system_post_cinit            
0000789d  _system_pre_init              
000078a1  abort                         
00003533  arptimer                      
00003901  asciiToUint8                  
00007491  atoi                          
ffffffff  binit                         
00005069  clearPinInterrupt             
0000776d  copysign                      
0000776d  copysignl                     
200010fc  count                         
0000165f  dhcpDisable                   
00001657  dhcpEnable                    
20001110  dhcpEnabled                   
000016a1  dhcpGetLeaseSeconds           
00001625  dhcpGetState                  
000025c5  dhcpHandleAck                 
000023af  dhcpIsAck                     
0000166f  dhcpIsEnabled                 
000022bb  dhcpIsOffer                   
200010fd  dhcpOfferedIpAdd              
000028c9  dhcpProcessArpResponse        
00002819  dhcpProcessDhcpResponse       
00001691  dhcpRequestRebind             
00001699  dhcpRequestRelease            
00001681  dhcpRequestRenew              
000016bd  dhcpSendMessage               
000026db  dhcpSendPendingMessages       
20001101  dhcpServerAddress             
20001105  dhcpServerIpAdd               
00001611  dhcpSetState                  
200010e4  dhcpState                     
00005045  disablePinInterrupt           
00004d7d  disablePinPulldown            
00004d35  disablePinPullup              
00004ad1  disablePort                   
0000351f  discovertimer                 
000035a5  displayConnectionInfo         
20001109  dummy                         
00005021  enablePinInterrupt            
00004d59  enablePinPulldown             
00004d07  enablePinPullup               
00004a15  enablePort                    
20001128  errno                         
000008dd  etherCalcIpChecksum           
0000032b  etherClearReg                 
00000283  etherCsOff                    
0000026d  etherCsOn                     
000014a1  etherGetDhcpServerAddress     
00001221  etherGetId                    
00001297  etherGetIpAddress             
000013f3  etherGetIpDnsAddress          
0000137f  etherGetIpGatewayAddress      
0000130b  etherGetIpSubnetMask          
000014db  etherGetIpTimeServerAddress   
000015a9  etherGetMacAddress            
00000661  etherGetPacket                
00000f25  etherGetUdpData               
0000122d  etherIncId                    
00000477  etherInit                     
00000ba1  etherIsArpRequest             
00000c3f  etherIsArpResponse            
00000617  etherIsDataAvailable          
000010f5  etherIsDhcpResponse           
00000971  etherIsIp                     
000009e1  etherIsIpUnicast              
00001237  etherIsIpValid                
000005fd  etherIsLinkUp                 
00000631  etherIsOverflow               
00000a45  etherIsPingRequest            
0000114f  etherIsTcp                    
00000e7d  etherIsUdp                    
00000751  etherPutPacket                
0000045f  etherReadMem                  
0000044d  etherReadMemStart             
0000046f  etherReadMemStop              
000003b3  etherReadPhy                  
000002c5  etherReadReg                  
00000d69  etherSendArpRequest           
00000c99  etherSendArpResponse          
00000a91  etherSendPingResponse         
00000f55  etherSendUdpResponse          
0000035f  etherSetBank                  
00001467  etherSetDhcpServerAddress     
0000125d  etherSetIpAddress             
000013b9  etherSetIpDnsAddress          
00001345  etherSetIpGatewayAddress      
000012d1  etherSetIpSubnetMask          
0000142d  etherSetIpTimeServerAddress   
00001529  etherSetMacAddress            
000002f7  etherSetReg                   
00000837  etherSumWords                 
00000431  etherWriteMem                 
0000041f  etherWriteMemStart            
00000445  etherWriteMemStop             
0000037b  etherWritePhy                 
00000291  etherWriteReg                 
20001054  fn                            
00007331  frexp                         
00007331  frexpl                        
00000000  g_pfnVectors                  
000008ab  getEtherChecksum              
00001651  getLease                      
00002199  getOption                     
000050b3  getPinValue                   
00005169  getPortValue                  
0000163f  getRequestBit                 
00001645  getT1                         
0000164b  getT2                         
00006281  getcUart0                     
0000093d  htonl                         
00000919  htons                         
200010f0  hwAddress                     
00007085  initEeprom                    
000034c1  initHw                        
000062f5  initSpi0                      
00007849  initSystemClockTo40Mhz        
00005659  initTimer                     
00006165  initUart0                     
20001111  ipAddress                     
20001115  ipDnsAddress                  
20001119  ipGwAddress                   
2000111d  ipSubnetMask                  
20001121  ipTimeServerAddress           
00006295  kbhitUart0                    
00006a79  ldexp                         
00006a79  ldexpl                        
200010d8  lease                         
00003585  leasetimer                    
00003dbd  main                          
00007751  memccpy                       
00006e47  memcpy                        
00007111  memset                        
200010e5  needDiscover                  
200010e7  needRelease                   
200010e6  needRequest                   
2000110d  nextPacketLsb                 
2000110e  nextPacketMsb                 
2000107c  period                        
000039dd  processShell                  
00006239  putcUart0                     
00006255  putsUart0                     
00005953  random32                      
00003853  readConfiguration             
000070cd  readEeprom                    
0000642d  readSpi0Data                  
0000357d  rebindtimer                   
200010cc  reload                        
0000356f  renewRequestTimer             
00003561  renewtimer                    
200010e0  requestBit                    
00003529  requesttimer                  
000034fd  reset_values                  
0000586b  restartTimer                  
00006a79  scalbn                        
00006a79  scalbnl                       
00004c3b  selectPinAnalogInput          
00004bed  selectPinDigitalInput         
00004f57  selectPinInterruptBothEdges   
00004f07  selectPinInterruptFallingEdge 
00004fad  selectPinInterruptHighLevel   
00004fe7  selectPinInterruptLowLevel    
00004eb7  selectPinInterruptRisingEdge  
00004b9f  selectPinOpenDrainOutput      
00004b51  selectPinPushPullOutput       
2000110f  sequenceId                    
00004da5  setPinAuxFunction             
00004c8b  setPinCommitControl           
0000508d  setPinValue                   
000050ed  setPortValue                  
0000162b  setRequestBit                 
00006391  setSpi0BaudRate               
000063c7  setSpi0Mode                   
000061f9  setUart0BaudRate              
00007569  sprintf                       
00007629  sscanf                        
000056f9  startOneshotTimer             
0000577f  startPeriodicTimer            
00005805  stopTimer                     
20001000  strInput                      
000077e7  strchr                        
000077b7  strcmp                        
000077fd  strcpy                        
000076ed  strcspn                       
00007811  strlen                        
000077cf  strrchr                       
000076c3  strspn                        
000051f9  strtod                        
000075a9  strtok                        
00006825  strtol                        
000051f9  strtold                       
00005c01  strtoll                       
00006b89  strtoul                       
00006455  strtoull                      
000058d9  tickIsr                       
200010a4  ticks                         
200010dc  token                         
00007859  tolower                       
00007711  waitMicrosecond               
00007837  wcslen                        
0000709b  writeEeprom                   
00006415  writeSpi0Data                 
200010f8  x                             


GLOBAL SYMBOLS: SORTED BY Symbol Address 

address   name                          
-------   ----                          
00000000  __TI_static_base__            
00000000  g_pfnVectors                  
0000026d  etherCsOn                     
00000283  etherCsOff                    
00000291  etherWriteReg                 
000002c5  etherReadReg                  
000002f7  etherSetReg                   
0000032b  etherClearReg                 
0000035f  etherSetBank                  
0000037b  etherWritePhy                 
000003b3  etherReadPhy                  
0000041f  etherWriteMemStart            
00000431  etherWriteMem                 
00000445  etherWriteMemStop             
0000044d  etherReadMemStart             
0000045f  etherReadMem                  
0000046f  etherReadMemStop              
00000477  etherInit                     
000005fd  etherIsLinkUp                 
00000617  etherIsDataAvailable          
00000631  etherIsOverflow               
00000661  etherGetPacket                
00000751  etherPutPacket                
00000837  etherSumWords                 
000008ab  getEtherChecksum              
000008dd  etherCalcIpChecksum           
00000919  htons                         
0000093d  htonl                         
00000971  etherIsIp                     
000009e1  etherIsIpUnicast              
00000a45  etherIsPingRequest            
00000a91  etherSendPingResponse         
00000ba1  etherIsArpRequest             
00000c3f  etherIsArpResponse            
00000c99  etherSendArpResponse          
00000d69  etherSendArpRequest           
00000e7d  etherIsUdp                    
00000f25  etherGetUdpData               
00000f55  etherSendUdpResponse          
00001000  __STACK_SIZE                  
000010f5  etherIsDhcpResponse           
0000114f  etherIsTcp                    
00001221  etherGetId                    
0000122d  etherIncId                    
00001237  etherIsIpValid                
0000125d  etherSetIpAddress             
00001297  etherGetIpAddress             
000012d1  etherSetIpSubnetMask          
0000130b  etherGetIpSubnetMask          
00001345  etherSetIpGatewayAddress      
0000137f  etherGetIpGatewayAddress      
000013b9  etherSetIpDnsAddress          
000013f3  etherGetIpDnsAddress          
0000142d  etherSetIpTimeServerAddress   
00001467  etherSetDhcpServerAddress     
000014a1  etherGetDhcpServerAddress     
000014db  etherGetIpTimeServerAddress   
00001529  etherSetMacAddress            
000015a9  etherGetMacAddress            
00001611  dhcpSetState                  
00001625  dhcpGetState                  
0000162b  setRequestBit                 
0000163f  getRequestBit                 
00001645  getT1                         
0000164b  getT2                         
00001651  getLease                      
00001657  dhcpEnable                    
0000165f  dhcpDisable                   
0000166f  dhcpIsEnabled                 
00001681  dhcpRequestRenew              
00001691  dhcpRequestRebind             
00001699  dhcpRequestRelease            
000016a1  dhcpGetLeaseSeconds           
000016bd  dhcpSendMessage               
00002199  getOption                     
000022bb  dhcpIsOffer                   
000023af  dhcpIsAck                     
000025c5  dhcpHandleAck                 
000026db  dhcpSendPendingMessages       
00002819  dhcpProcessDhcpResponse       
000028c9  dhcpProcessArpResponse        
000029ad  __TI_scanfi                   
000034c1  initHw                        
000034fd  reset_values                  
0000351f  discovertimer                 
00003529  requesttimer                  
00003533  arptimer                      
00003561  renewtimer                    
0000356f  renewRequestTimer             
0000357d  rebindtimer                   
00003585  leasetimer                    
000035a5  displayConnectionInfo         
00003853  readConfiguration             
00003901  asciiToUint8                  
000039dd  processShell                  
00003dbd  main                          
00003fc5  __TI_printfi                  
00004a13  __aeabi_idiv0                 
00004a13  __aeabi_ldiv0                 
00004a15  enablePort                    
00004ad1  disablePort                   
00004b51  selectPinPushPullOutput       
00004b9f  selectPinOpenDrainOutput      
00004bed  selectPinDigitalInput         
00004c3b  selectPinAnalogInput          
00004c8b  setPinCommitControl           
00004d07  enablePinPullup               
00004d35  disablePinPullup              
00004d59  enablePinPulldown             
00004d7d  disablePinPulldown            
00004da5  setPinAuxFunction             
00004eb7  selectPinInterruptRisingEdge  
00004f07  selectPinInterruptFallingEdge 
00004f57  selectPinInterruptBothEdges   
00004fad  selectPinInterruptHighLevel   
00004fe7  selectPinInterruptLowLevel    
00005021  enablePinInterrupt            
00005045  disablePinInterrupt           
00005069  clearPinInterrupt             
0000508d  setPinValue                   
000050b3  getPinValue                   
000050ed  setPortValue                  
00005169  getPortValue                  
000051f9  strtod                        
000051f9  strtold                       
00005659  initTimer                     
000056f9  startOneshotTimer             
0000577f  startPeriodicTimer            
00005805  stopTimer                     
0000586b  restartTimer                  
000058d9  tickIsr                       
00005953  random32                      
00005c01  strtoll                       
00005fad  __aeabi_dsub                  
00005fb7  __aeabi_dadd                  
00006165  initUart0                     
000061f9  setUart0BaudRate              
00006239  putcUart0                     
00006255  putsUart0                     
00006281  getcUart0                     
00006295  kbhitUart0                    
000062f5  initSpi0                      
00006391  setSpi0BaudRate               
000063c7  setSpi0Mode                   
00006415  writeSpi0Data                 
0000642d  readSpi0Data                  
00006455  strtoull                      
000066ed  __aeabi_ddiv                  
00006825  strtol                        
00006a79  ldexp                         
00006a79  ldexpl                        
00006a79  scalbn                        
00006a79  scalbnl                       
00006b89  strtoul                       
00006c99  __aeabi_dmul                  
00006e47  __aeabi_memcpy                
00006e47  __aeabi_memcpy4               
00006e47  __aeabi_memcpy8               
00006e47  memcpy                        
00006ee3  __aeabi_uldivmod              
00006f79  __aeabi_cdcmpeq               
00006f79  __aeabi_cdcmple               
00006fff  __aeabi_cdrcmple              
00007085  initEeprom                    
0000709b  writeEeprom                   
000070cd  readEeprom                    
00007109  __aeabi_memclr                
00007109  __aeabi_memclr4               
00007109  __aeabi_memclr8               
0000710b  __aeabi_memset                
0000710b  __aeabi_memset4               
0000710b  __aeabi_memset8               
00007111  memset                        
000071f1  __aeabi_d2f                   
000072c9  __TI_decompress_lzss          
00007331  frexp                         
00007331  frexpl                        
000073eb  __TI_ltoa                     
00007491  atoi                          
000074dd  __aeabi_d2iz                  
00007525  __TI_auto_init_nobinit_nopinit
00007569  sprintf                       
000075a9  strtok                        
00007629  sscanf                        
00007661  _c_int00_noargs               
00007695  __aeabi_i2d                   
000076c3  strspn                        
000076ed  strcspn                       
00007711  waitMicrosecond               
00007735  __TI_zero_init_nomemset       
00007751  memccpy                       
0000776d  copysign                      
0000776d  copysignl                     
0000779f  __aeabi_lmul                  
000077b7  strcmp                        
000077cf  strrchr                       
000077e7  strchr                        
000077fd  strcpy                        
00007811  strlen                        
00007837  wcslen                        
00007849  initSystemClockTo40Mhz        
00007859  tolower                       
00007869  __TI_decompress_none          
00007877  ResetISR                      
0000788d  __aeabi_errno_addr            
0000789d  _system_pre_init              
000078a1  C$$EXIT                       
000078a1  abort                         
000078a8  _ctypes_                      
00007aa4  __TI_Handler_Table_Base       
00007ab0  __TI_Handler_Table_Limit      
00007ab8  __TI_CINIT_Base               
00007ac8  __TI_CINIT_Limit              
20000000  __stack                       
20000000  __start___llvm_prf_cnts       
20000000  __stop___llvm_prf_cnts        
20000200  __STACK_TOP                   
20001000  __STACK_END                   
20001000  strInput                      
20001054  fn                            
2000107c  period                        
200010a4  ticks                         
200010cc  reload                        
200010d8  lease                         
200010dc  token                         
200010e0  requestBit                    
200010e4  dhcpState                     
200010e5  needDiscover                  
200010e6  needRequest                   
200010e7  needRelease                   
200010e8  T1                            
200010ec  T2                            
200010f0  hwAddress                     
200010f8  x                             
200010fc  count                         
200010fd  dhcpOfferedIpAdd              
20001101  dhcpServerAddress             
20001105  dhcpServerIpAdd               
20001109  dummy                         
2000110d  nextPacketLsb                 
2000110e  nextPacketMsb                 
2000110f  sequenceId                    
20001110  dhcpEnabled                   
20001111  ipAddress                     
20001115  ipDnsAddress                  
20001119  ipGwAddress                   
2000111d  ipSubnetMask                  
20001121  ipTimeServerAddress           
20001128  errno                         
ffffffff  __TI_pprof_out_hndl           
ffffffff  __TI_prof_data_size           
ffffffff  __TI_prof_data_start          
ffffffff  __binit__                     
ffffffff  __c_args__                    
ffffffff  binit                         
UNDEFED   __mpu_init                    
UNDEFED   _system_post_cinit            

[257 symbols]
