<?xml version="1.0" encoding="ISO-8859-1" ?>
<link_info>
   <banner>TI ARM Linker PC v20.2.5.LTS</banner>
   <copyright>Copyright (c) 1996-2018 Texas Instruments Incorporated</copyright>
   <link_time>0x62316125</link_time>
   <link_errors>0x0</link_errors>
   <output_file>dhcp.out</output_file>
   <entry_point>
      <name>_c_int00_noargs</name>
      <address>0x7559</address>
   </entry_point>
   <input_file_list>
      <input_file id="fl-2">
         <path>.\</path>
         <kind>object</kind>
         <file>clock.obj</file>
         <name>clock.obj</name>
      </input_file>
      <input_file id="fl-3">
         <path>.\</path>
         <kind>object</kind>
         <file>dhcp.obj</file>
         <name>dhcp.obj</name>
      </input_file>
      <input_file id="fl-4">
         <path>.\</path>
         <kind>object</kind>
         <file>eeprom.obj</file>
         <name>eeprom.obj</name>
      </input_file>
      <input_file id="fl-5">
         <path>.\</path>
         <kind>object</kind>
         <file>eth0.obj</file>
         <name>eth0.obj</name>
      </input_file>
      <input_file id="fl-6">
         <path>.\</path>
         <kind>object</kind>
         <file>ethernet1.obj</file>
         <name>ethernet1.obj</name>
      </input_file>
      <input_file id="fl-7">
         <path>.\</path>
         <kind>object</kind>
         <file>gpio.obj</file>
         <name>gpio.obj</name>
      </input_file>
      <input_file id="fl-8">
         <path>.\</path>
         <kind>object</kind>
         <file>spi0.obj</file>
         <name>spi0.obj</name>
      </input_file>
      <input_file id="fl-9">
         <path>.\</path>
         <kind>object</kind>
         <file>timer.obj</file>
         <name>timer.obj</name>
      </input_file>
      <input_file id="fl-a">
         <path>.\</path>
         <kind>object</kind>
         <file>tm4c123gh6pm_startup_ccs.obj</file>
         <name>tm4c123gh6pm_startup_ccs.obj</name>
      </input_file>
      <input_file id="fl-b">
         <path>.\</path>
         <kind>object</kind>
         <file>uart0.obj</file>
         <name>uart0.obj</name>
      </input_file>
      <input_file id="fl-c">
         <path>.\</path>
         <kind>object</kind>
         <file>wait.obj</file>
         <name>wait.obj</name>
      </input_file>
      <input_file id="fl-10">
         <kind>object</kind>
         <file>&lt;internal&gt;</file>
         <name>&lt;internal&gt;</name>
      </input_file>
      <input_file id="fl-c6">
         <path>C:\ti\ccs1110\ccs\tools\compiler\ti-cgt-arm_20.2.5.LTS\lib\</path>
         <kind>archive</kind>
         <file>rtsv7M4_T_le_v4SPD16_eabi.lib</file>
         <name>sprintf.c.obj</name>
      </input_file>
      <input_file id="fl-c7">
         <path>C:\ti\ccs1110\ccs\tools\compiler\ti-cgt-arm_20.2.5.LTS\lib\</path>
         <kind>archive</kind>
         <file>rtsv7M4_T_le_v4SPD16_eabi.lib</file>
         <name>sscanf.c.obj</name>
      </input_file>
      <input_file id="fl-c8">
         <path>C:\ti\ccs1110\ccs\tools\compiler\ti-cgt-arm_20.2.5.LTS\lib\</path>
         <kind>archive</kind>
         <file>rtsv7M4_T_le_v4SPD16_eabi.lib</file>
         <name>memcpy_t2.asm.obj</name>
      </input_file>
      <input_file id="fl-c9">
         <path>C:\ti\ccs1110\ccs\tools\compiler\ti-cgt-arm_20.2.5.LTS\lib\</path>
         <kind>archive</kind>
         <file>rtsv7M4_T_le_v4SPD16_eabi.lib</file>
         <name>memset_t2.asm.obj</name>
      </input_file>
      <input_file id="fl-ca">
         <path>C:\ti\ccs1110\ccs\tools\compiler\ti-cgt-arm_20.2.5.LTS\lib\</path>
         <kind>archive</kind>
         <file>rtsv7M4_T_le_v4SPD16_eabi.lib</file>
         <name>copy_zero_init.c.obj</name>
      </input_file>
      <input_file id="fl-cb">
         <path>C:\ti\ccs1110\ccs\tools\compiler\ti-cgt-arm_20.2.5.LTS\lib\</path>
         <kind>archive</kind>
         <file>rtsv7M4_T_le_v4SPD16_eabi.lib</file>
         <name>copy_decompress_none.c.obj</name>
      </input_file>
      <input_file id="fl-cc">
         <path>C:\ti\ccs1110\ccs\tools\compiler\ti-cgt-arm_20.2.5.LTS\lib\</path>
         <kind>archive</kind>
         <file>rtsv7M4_T_le_v4SPD16_eabi.lib</file>
         <name>copy_decompress_lzss.c.obj</name>
      </input_file>
      <input_file id="fl-cd">
         <path>C:\ti\ccs1110\ccs\tools\compiler\ti-cgt-arm_20.2.5.LTS\lib\</path>
         <kind>archive</kind>
         <file>rtsv7M4_T_le_v4SPD16_eabi.lib</file>
         <name>ctype.c.obj</name>
      </input_file>
      <input_file id="fl-ce">
         <path>C:\ti\ccs1110\ccs\tools\compiler\ti-cgt-arm_20.2.5.LTS\lib\</path>
         <kind>archive</kind>
         <file>rtsv7M4_T_le_v4SPD16_eabi.lib</file>
         <name>strcmp.c.obj</name>
      </input_file>
      <input_file id="fl-cf">
         <path>C:\ti\ccs1110\ccs\tools\compiler\ti-cgt-arm_20.2.5.LTS\lib\</path>
         <kind>archive</kind>
         <file>rtsv7M4_T_le_v4SPD16_eabi.lib</file>
         <name>strtok.c.obj</name>
      </input_file>
      <input_file id="fl-d0">
         <path>C:\ti\ccs1110\ccs\tools\compiler\ti-cgt-arm_20.2.5.LTS\lib\</path>
         <kind>archive</kind>
         <file>rtsv7M4_T_le_v4SPD16_eabi.lib</file>
         <name>tolower.c.obj</name>
      </input_file>
      <input_file id="fl-d1">
         <path>C:\ti\ccs1110\ccs\tools\compiler\ti-cgt-arm_20.2.5.LTS\lib\</path>
         <kind>archive</kind>
         <file>rtsv7M4_T_le_v4SPD16_eabi.lib</file>
         <name>boot_cortex_m.c.obj</name>
      </input_file>
      <input_file id="fl-d2">
         <path>C:\ti\ccs1110\ccs\tools\compiler\ti-cgt-arm_20.2.5.LTS\lib\</path>
         <kind>archive</kind>
         <file>rtsv7M4_T_le_v4SPD16_eabi.lib</file>
         <name>_printfi.c.obj</name>
      </input_file>
      <input_file id="fl-d3">
         <path>C:\ti\ccs1110\ccs\tools\compiler\ti-cgt-arm_20.2.5.LTS\lib\</path>
         <kind>archive</kind>
         <file>rtsv7M4_T_le_v4SPD16_eabi.lib</file>
         <name>_scanfi.c.obj</name>
      </input_file>
      <input_file id="fl-d4">
         <path>C:\ti\ccs1110\ccs\tools\compiler\ti-cgt-arm_20.2.5.LTS\lib\</path>
         <kind>archive</kind>
         <file>rtsv7M4_T_le_v4SPD16_eabi.lib</file>
         <name>s_frexp.c.obj</name>
      </input_file>
      <input_file id="fl-d5">
         <path>C:\ti\ccs1110\ccs\tools\compiler\ti-cgt-arm_20.2.5.LTS\lib\</path>
         <kind>archive</kind>
         <file>rtsv7M4_T_le_v4SPD16_eabi.lib</file>
         <name>s_scalbn.c.obj</name>
      </input_file>
      <input_file id="fl-d6">
         <path>C:\ti\ccs1110\ccs\tools\compiler\ti-cgt-arm_20.2.5.LTS\lib\</path>
         <kind>archive</kind>
         <file>rtsv7M4_T_le_v4SPD16_eabi.lib</file>
         <name>wcslen.c.obj</name>
      </input_file>
      <input_file id="fl-d7">
         <path>C:\ti\ccs1110\ccs\tools\compiler\ti-cgt-arm_20.2.5.LTS\lib\</path>
         <kind>archive</kind>
         <file>rtsv7M4_T_le_v4SPD16_eabi.lib</file>
         <name>fd_add_t2.asm.obj</name>
      </input_file>
      <input_file id="fl-d8">
         <path>C:\ti\ccs1110\ccs\tools\compiler\ti-cgt-arm_20.2.5.LTS\lib\</path>
         <kind>archive</kind>
         <file>rtsv7M4_T_le_v4SPD16_eabi.lib</file>
         <name>fd_cmp_t2.asm.obj</name>
      </input_file>
      <input_file id="fl-d9">
         <path>C:\ti\ccs1110\ccs\tools\compiler\ti-cgt-arm_20.2.5.LTS\lib\</path>
         <kind>archive</kind>
         <file>rtsv7M4_T_le_v4SPD16_eabi.lib</file>
         <name>fd_div_t2.asm.obj</name>
      </input_file>
      <input_file id="fl-da">
         <path>C:\ti\ccs1110\ccs\tools\compiler\ti-cgt-arm_20.2.5.LTS\lib\</path>
         <kind>archive</kind>
         <file>rtsv7M4_T_le_v4SPD16_eabi.lib</file>
         <name>fd_mul_t2.asm.obj</name>
      </input_file>
      <input_file id="fl-db">
         <path>C:\ti\ccs1110\ccs\tools\compiler\ti-cgt-arm_20.2.5.LTS\lib\</path>
         <kind>archive</kind>
         <file>rtsv7M4_T_le_v4SPD16_eabi.lib</file>
         <name>fd_toi_t2.asm.obj</name>
      </input_file>
      <input_file id="fl-dc">
         <path>C:\ti\ccs1110\ccs\tools\compiler\ti-cgt-arm_20.2.5.LTS\lib\</path>
         <kind>archive</kind>
         <file>rtsv7M4_T_le_v4SPD16_eabi.lib</file>
         <name>fd_tos_t2.asm.obj</name>
      </input_file>
      <input_file id="fl-dd">
         <path>C:\ti\ccs1110\ccs\tools\compiler\ti-cgt-arm_20.2.5.LTS\lib\</path>
         <kind>archive</kind>
         <file>rtsv7M4_T_le_v4SPD16_eabi.lib</file>
         <name>i_tofd_t2.asm.obj</name>
      </input_file>
      <input_file id="fl-de">
         <path>C:\ti\ccs1110\ccs\tools\compiler\ti-cgt-arm_20.2.5.LTS\lib\</path>
         <kind>archive</kind>
         <file>rtsv7M4_T_le_v4SPD16_eabi.lib</file>
         <name>ull_div_t2.asm.obj</name>
      </input_file>
      <input_file id="fl-df">
         <path>C:\ti\ccs1110\ccs\tools\compiler\ti-cgt-arm_20.2.5.LTS\lib\</path>
         <kind>archive</kind>
         <file>rtsv7M4_T_le_v4SPD16_eabi.lib</file>
         <name>autoinit.c.obj</name>
      </input_file>
      <input_file id="fl-e0">
         <path>C:\ti\ccs1110\ccs\tools\compiler\ti-cgt-arm_20.2.5.LTS\lib\</path>
         <kind>archive</kind>
         <file>rtsv7M4_T_le_v4SPD16_eabi.lib</file>
         <name>pre_init.c.obj</name>
      </input_file>
      <input_file id="fl-e1">
         <path>C:\ti\ccs1110\ccs\tools\compiler\ti-cgt-arm_20.2.5.LTS\lib\</path>
         <kind>archive</kind>
         <file>rtsv7M4_T_le_v4SPD16_eabi.lib</file>
         <name>cpy_tbl.c.obj</name>
      </input_file>
      <input_file id="fl-e2">
         <path>C:\ti\ccs1110\ccs\tools\compiler\ti-cgt-arm_20.2.5.LTS\lib\</path>
         <kind>archive</kind>
         <file>rtsv7M4_T_le_v4SPD16_eabi.lib</file>
         <name>exit.c.obj</name>
      </input_file>
      <input_file id="fl-e3">
         <path>C:\ti\ccs1110\ccs\tools\compiler\ti-cgt-arm_20.2.5.LTS\lib\</path>
         <kind>archive</kind>
         <file>rtsv7M4_T_le_v4SPD16_eabi.lib</file>
         <name>_lock.c.obj</name>
      </input_file>
      <input_file id="fl-e4">
         <path>C:\ti\ccs1110\ccs\tools\compiler\ti-cgt-arm_20.2.5.LTS\lib\</path>
         <kind>archive</kind>
         <file>rtsv7M4_T_le_v4SPD16_eabi.lib</file>
         <name>_ltoa.c.obj</name>
      </input_file>
      <input_file id="fl-e5">
         <path>C:\ti\ccs1110\ccs\tools\compiler\ti-cgt-arm_20.2.5.LTS\lib\</path>
         <kind>archive</kind>
         <file>rtsv7M4_T_le_v4SPD16_eabi.lib</file>
         <name>args_main.c.obj</name>
      </input_file>
      <input_file id="fl-e6">
         <path>C:\ti\ccs1110\ccs\tools\compiler\ti-cgt-arm_20.2.5.LTS\lib\</path>
         <kind>archive</kind>
         <file>rtsv7M4_T_le_v4SPD16_eabi.lib</file>
         <name>atoi.c.obj</name>
      </input_file>
      <input_file id="fl-e7">
         <path>C:\ti\ccs1110\ccs\tools\compiler\ti-cgt-arm_20.2.5.LTS\lib\</path>
         <kind>archive</kind>
         <file>rtsv7M4_T_le_v4SPD16_eabi.lib</file>
         <name>memccpy.c.obj</name>
      </input_file>
      <input_file id="fl-e8">
         <path>C:\ti\ccs1110\ccs\tools\compiler\ti-cgt-arm_20.2.5.LTS\lib\</path>
         <kind>archive</kind>
         <file>rtsv7M4_T_le_v4SPD16_eabi.lib</file>
         <name>strchr.c.obj</name>
      </input_file>
      <input_file id="fl-e9">
         <path>C:\ti\ccs1110\ccs\tools\compiler\ti-cgt-arm_20.2.5.LTS\lib\</path>
         <kind>archive</kind>
         <file>rtsv7M4_T_le_v4SPD16_eabi.lib</file>
         <name>strcpy.c.obj</name>
      </input_file>
      <input_file id="fl-ea">
         <path>C:\ti\ccs1110\ccs\tools\compiler\ti-cgt-arm_20.2.5.LTS\lib\</path>
         <kind>archive</kind>
         <file>rtsv7M4_T_le_v4SPD16_eabi.lib</file>
         <name>strcspn.c.obj</name>
      </input_file>
      <input_file id="fl-eb">
         <path>C:\ti\ccs1110\ccs\tools\compiler\ti-cgt-arm_20.2.5.LTS\lib\</path>
         <kind>archive</kind>
         <file>rtsv7M4_T_le_v4SPD16_eabi.lib</file>
         <name>strlen.c.obj</name>
      </input_file>
      <input_file id="fl-ec">
         <path>C:\ti\ccs1110\ccs\tools\compiler\ti-cgt-arm_20.2.5.LTS\lib\</path>
         <kind>archive</kind>
         <file>rtsv7M4_T_le_v4SPD16_eabi.lib</file>
         <name>strrchr.c.obj</name>
      </input_file>
      <input_file id="fl-ed">
         <path>C:\ti\ccs1110\ccs\tools\compiler\ti-cgt-arm_20.2.5.LTS\lib\</path>
         <kind>archive</kind>
         <file>rtsv7M4_T_le_v4SPD16_eabi.lib</file>
         <name>strspn.c.obj</name>
      </input_file>
      <input_file id="fl-ee">
         <path>C:\ti\ccs1110\ccs\tools\compiler\ti-cgt-arm_20.2.5.LTS\lib\</path>
         <kind>archive</kind>
         <file>rtsv7M4_T_le_v4SPD16_eabi.lib</file>
         <name>strtod.c.obj</name>
      </input_file>
      <input_file id="fl-ef">
         <path>C:\ti\ccs1110\ccs\tools\compiler\ti-cgt-arm_20.2.5.LTS\lib\</path>
         <kind>archive</kind>
         <file>rtsv7M4_T_le_v4SPD16_eabi.lib</file>
         <name>strtol.c.obj</name>
      </input_file>
      <input_file id="fl-f0">
         <path>C:\ti\ccs1110\ccs\tools\compiler\ti-cgt-arm_20.2.5.LTS\lib\</path>
         <kind>archive</kind>
         <file>rtsv7M4_T_le_v4SPD16_eabi.lib</file>
         <name>strtoll.c.obj</name>
      </input_file>
      <input_file id="fl-f1">
         <path>C:\ti\ccs1110\ccs\tools\compiler\ti-cgt-arm_20.2.5.LTS\lib\</path>
         <kind>archive</kind>
         <file>rtsv7M4_T_le_v4SPD16_eabi.lib</file>
         <name>strtoul.c.obj</name>
      </input_file>
      <input_file id="fl-f2">
         <path>C:\ti\ccs1110\ccs\tools\compiler\ti-cgt-arm_20.2.5.LTS\lib\</path>
         <kind>archive</kind>
         <file>rtsv7M4_T_le_v4SPD16_eabi.lib</file>
         <name>strtoull.c.obj</name>
      </input_file>
      <input_file id="fl-f3">
         <path>C:\ti\ccs1110\ccs\tools\compiler\ti-cgt-arm_20.2.5.LTS\lib\</path>
         <kind>archive</kind>
         <file>rtsv7M4_T_le_v4SPD16_eabi.lib</file>
         <name>errno.c.obj</name>
      </input_file>
      <input_file id="fl-f4">
         <path>C:\ti\ccs1110\ccs\tools\compiler\ti-cgt-arm_20.2.5.LTS\lib\</path>
         <kind>archive</kind>
         <file>rtsv7M4_T_le_v4SPD16_eabi.lib</file>
         <name>s_copysign.c.obj</name>
      </input_file>
      <input_file id="fl-f5">
         <path>C:\ti\ccs1110\ccs\tools\compiler\ti-cgt-arm_20.2.5.LTS\lib\</path>
         <kind>archive</kind>
         <file>rtsv7M4_T_le_v4SPD16_eabi.lib</file>
         <name>div0.asm.obj</name>
      </input_file>
      <input_file id="fl-f6">
         <path>C:\ti\ccs1110\ccs\tools\compiler\ti-cgt-arm_20.2.5.LTS\lib\</path>
         <kind>archive</kind>
         <file>rtsv7M4_T_le_v4SPD16_eabi.lib</file>
         <name>ll_mul_t2.asm.obj</name>
      </input_file>
   </input_file_list>
   <object_component_list>
      <object_component id="oc-12">
         <name>.intvecs</name>
         <load_address>0x0</load_address>
         <run_address>0x0</run_address>
         <size>0x26c</size>
         <input_file_ref idref="fl-a"/>
      </object_component>
      <object_component id="oc-ea">
         <name>.text</name>
         <load_address>0x26c</load_address>
         <run_address>0x26c</run_address>
         <size>0x13a4</size>
         <input_file_ref idref="fl-5"/>
      </object_component>
      <object_component id="oc-f0">
         <name>.text</name>
         <load_address>0x1610</load_address>
         <run_address>0x1610</run_address>
         <size>0x1290</size>
         <input_file_ref idref="fl-3"/>
      </object_component>
      <object_component id="oc-1cf">
         <name>.text:__TI_scanfi</name>
         <load_address>0x28a0</load_address>
         <run_address>0x28a0</run_address>
         <size>0xb14</size>
         <input_file_ref idref="fl-d3"/>
      </object_component>
      <object_component id="oc-b2">
         <name>.text</name>
         <load_address>0x33b4</load_address>
         <run_address>0x33b4</run_address>
         <size>0xb08</size>
         <input_file_ref idref="fl-6"/>
      </object_component>
      <object_component id="oc-1b0">
         <name>.text:__TI_printfi</name>
         <load_address>0x3ebc</load_address>
         <run_address>0x3ebc</run_address>
         <size>0xa4e</size>
         <input_file_ref idref="fl-d2"/>
      </object_component>
      <object_component id="oc-3b2">
         <name>.text</name>
         <load_address>0x490a</load_address>
         <run_address>0x490a</run_address>
         <size>0x2</size>
         <input_file_ref idref="fl-f5"/>
      </object_component>
      <object_component id="oc-e4">
         <name>.text</name>
         <load_address>0x490c</load_address>
         <run_address>0x490c</run_address>
         <size>0x7e4</size>
         <input_file_ref idref="fl-7"/>
      </object_component>
      <object_component id="oc-2ab">
         <name>.text:strtod</name>
         <load_address>0x50f0</load_address>
         <run_address>0x50f0</run_address>
         <size>0x460</size>
         <input_file_ref idref="fl-ee"/>
      </object_component>
      <object_component id="oc-2d">
         <name>.text</name>
         <load_address>0x5550</load_address>
         <run_address>0x5550</run_address>
         <size>0x338</size>
         <input_file_ref idref="fl-9"/>
      </object_component>
      <object_component id="oc-26c">
         <name>.text:_pconv_a</name>
         <load_address>0x5888</load_address>
         <run_address>0x5888</run_address>
         <size>0x270</size>
         <input_file_ref idref="fl-d2"/>
      </object_component>
      <object_component id="oc-2bc">
         <name>.text:strtoll</name>
         <load_address>0x5af8</load_address>
         <run_address>0x5af8</run_address>
         <size>0x1dc</size>
         <input_file_ref idref="fl-f0"/>
      </object_component>
      <object_component id="oc-25a">
         <name>.text:_pconv_g</name>
         <load_address>0x5cd4</load_address>
         <run_address>0x5cd4</run_address>
         <size>0x1d0</size>
         <input_file_ref idref="fl-d2"/>
      </object_component>
      <object_component id="oc-331">
         <name>.text</name>
         <load_address>0x5ea4</load_address>
         <run_address>0x5ea4</run_address>
         <size>0x1b6</size>
         <input_file_ref idref="fl-d7"/>
      </object_component>
      <object_component id="oc-f9">
         <name>.text</name>
         <load_address>0x605c</load_address>
         <run_address>0x605c</run_address>
         <size>0x190</size>
         <input_file_ref idref="fl-b"/>
      </object_component>
      <object_component id="oc-180">
         <name>.text</name>
         <load_address>0x61ec</load_address>
         <run_address>0x61ec</run_address>
         <size>0x160</size>
         <input_file_ref idref="fl-8"/>
      </object_component>
      <object_component id="oc-29f">
         <name>.text:strtoull</name>
         <load_address>0x634c</load_address>
         <run_address>0x634c</run_address>
         <size>0x15c</size>
         <input_file_ref idref="fl-f2"/>
      </object_component>
      <object_component id="oc-266">
         <name>.text:_pconv_e</name>
         <load_address>0x64a8</load_address>
         <run_address>0x64a8</run_address>
         <size>0x13c</size>
         <input_file_ref idref="fl-d2"/>
      </object_component>
      <object_component id="oc-317">
         <name>.text</name>
         <load_address>0x65e4</load_address>
         <run_address>0x65e4</run_address>
         <size>0x136</size>
         <input_file_ref idref="fl-d9"/>
      </object_component>
      <object_component id="oc-2b6">
         <name>.text:strtol</name>
         <load_address>0x671c</load_address>
         <run_address>0x671c</run_address>
         <size>0x130</size>
         <input_file_ref idref="fl-ef"/>
      </object_component>
      <object_component id="oc-343">
         <name>.text:fcvt</name>
         <load_address>0x684c</load_address>
         <run_address>0x684c</run_address>
         <size>0x124</size>
         <input_file_ref idref="fl-d2"/>
      </object_component>
      <object_component id="oc-357">
         <name>.text:scalbn</name>
         <load_address>0x6970</load_address>
         <run_address>0x6970</run_address>
         <size>0x110</size>
         <input_file_ref idref="fl-d5"/>
      </object_component>
      <object_component id="oc-2a5">
         <name>.text:strtoul</name>
         <load_address>0x6a80</load_address>
         <run_address>0x6a80</run_address>
         <size>0x110</size>
         <input_file_ref idref="fl-f1"/>
      </object_component>
      <object_component id="oc-312">
         <name>.text</name>
         <load_address>0x6b90</load_address>
         <run_address>0x6b90</run_address>
         <size>0xfc</size>
         <input_file_ref idref="fl-da"/>
      </object_component>
      <object_component id="oc-24f">
         <name>.text:_ltostr</name>
         <load_address>0x6c8c</load_address>
         <run_address>0x6c8c</run_address>
         <size>0xb1</size>
         <input_file_ref idref="fl-d2"/>
      </object_component>
      <object_component id="oc-41">
         <name>.text</name>
         <load_address>0x6d3e</load_address>
         <run_address>0x6d3e</run_address>
         <size>0x9c</size>
         <input_file_ref idref="fl-c8"/>
      </object_component>
      <object_component id="oc-30b">
         <name>.text</name>
         <load_address>0x6dda</load_address>
         <run_address>0x6dda</run_address>
         <size>0x96</size>
         <input_file_ref idref="fl-de"/>
      </object_component>
      <object_component id="oc-255">
         <name>.text:__aeabi_cdcmple</name>
         <load_address>0x6e70</load_address>
         <run_address>0x6e70</run_address>
         <size>0x86</size>
         <input_file_ref idref="fl-d8"/>
      </object_component>
      <object_component id="oc-31c">
         <name>.text:__aeabi_cdrcmple</name>
         <load_address>0x6ef6</load_address>
         <run_address>0x6ef6</run_address>
         <size>0x86</size>
         <input_file_ref idref="fl-d8"/>
      </object_component>
      <object_component id="oc-105">
         <name>.text</name>
         <load_address>0x6f7c</load_address>
         <run_address>0x6f7c</run_address>
         <size>0x84</size>
         <input_file_ref idref="fl-4"/>
      </object_component>
      <object_component id="oc-a6">
         <name>.text</name>
         <load_address>0x7000</load_address>
         <run_address>0x7000</run_address>
         <size>0x7a</size>
         <input_file_ref idref="fl-c9"/>
      </object_component>
      <object_component id="oc-33c">
         <name>.text:_mcpy</name>
         <load_address>0x707a</load_address>
         <run_address>0x707a</run_address>
         <size>0x6e</size>
         <input_file_ref idref="fl-d2"/>
      </object_component>
      <object_component id="oc-2b1">
         <name>.text</name>
         <load_address>0x70e8</load_address>
         <run_address>0x70e8</run_address>
         <size>0x6e</size>
         <input_file_ref idref="fl-dc"/>
      </object_component>
      <object_component id="oc-1e1">
         <name>.text:_chkmbc</name>
         <load_address>0x7158</load_address>
         <run_address>0x7158</run_address>
         <size>0x68</size>
         <input_file_ref idref="fl-c7"/>
      </object_component>
      <object_component id="oc-15">
         <name>.text:decompress:lzss:__TI_decompress_lzss</name>
         <load_address>0x71c0</load_address>
         <run_address>0x71c0</run_address>
         <size>0x68</size>
         <input_file_ref idref="fl-cc"/>
      </object_component>
      <object_component id="oc-351">
         <name>.text:frexp</name>
         <load_address>0x7228</load_address>
         <run_address>0x7228</run_address>
         <size>0x64</size>
         <input_file_ref idref="fl-d4"/>
      </object_component>
      <object_component id="oc-260">
         <name>.text:_pconv_f</name>
         <load_address>0x728c</load_address>
         <run_address>0x728c</run_address>
         <size>0x56</size>
         <input_file_ref idref="fl-d2"/>
      </object_component>
      <object_component id="oc-326">
         <name>.text:__TI_ltoa</name>
         <load_address>0x72e2</load_address>
         <run_address>0x72e2</run_address>
         <size>0x54</size>
         <input_file_ref idref="fl-e4"/>
      </object_component>
      <object_component id="oc-336">
         <name>.text:_ecpy</name>
         <load_address>0x7336</load_address>
         <run_address>0x7336</run_address>
         <size>0x52</size>
         <input_file_ref idref="fl-d2"/>
      </object_component>
      <object_component id="oc-249">
         <name>.text:atoi</name>
         <load_address>0x7388</load_address>
         <run_address>0x7388</run_address>
         <size>0x4c</size>
         <input_file_ref idref="fl-e6"/>
      </object_component>
      <object_component id="oc-321">
         <name>.text</name>
         <load_address>0x73d4</load_address>
         <run_address>0x73d4</run_address>
         <size>0x48</size>
         <input_file_ref idref="fl-db"/>
      </object_component>
      <object_component id="oc-13d">
         <name>.text:__TI_auto_init_nobinit_nopinit:__TI_auto_init_nobinit_nopinit</name>
         <load_address>0x741c</load_address>
         <run_address>0x741c</run_address>
         <size>0x44</size>
         <input_file_ref idref="fl-df"/>
      </object_component>
      <object_component id="oc-ff">
         <name>.text:sprintf</name>
         <load_address>0x7460</load_address>
         <run_address>0x7460</run_address>
         <size>0x40</size>
         <input_file_ref idref="fl-c6"/>
      </object_component>
      <object_component id="oc-117">
         <name>.text:strtok</name>
         <load_address>0x74a0</load_address>
         <run_address>0x74a0</run_address>
         <size>0x40</size>
         <input_file_ref idref="fl-cf"/>
      </object_component>
      <object_component id="oc-349">
         <name>.text:_fcpy</name>
         <load_address>0x74e0</load_address>
         <run_address>0x74e0</run_address>
         <size>0x3e</size>
         <input_file_ref idref="fl-d2"/>
      </object_component>
      <object_component id="oc-111">
         <name>.text:sscanf</name>
         <load_address>0x7520</load_address>
         <run_address>0x7520</run_address>
         <size>0x38</size>
         <input_file_ref idref="fl-c7"/>
      </object_component>
      <object_component id="oc-5f">
         <name>.text:_c_int00_noargs:_c_int00_noargs</name>
         <load_address>0x7558</load_address>
         <run_address>0x7558</run_address>
         <size>0x34</size>
         <input_file_ref idref="fl-d1"/>
      </object_component>
      <object_component id="oc-32c">
         <name>.text</name>
         <load_address>0x758c</load_address>
         <run_address>0x758c</run_address>
         <size>0x2e</size>
         <input_file_ref idref="fl-dd"/>
      </object_component>
      <object_component id="oc-1e9">
         <name>.text:strspn</name>
         <load_address>0x75ba</load_address>
         <run_address>0x75ba</run_address>
         <size>0x2a</size>
         <input_file_ref idref="fl-ed"/>
      </object_component>
      <object_component id="oc-1ef">
         <name>.text:strcspn</name>
         <load_address>0x75e4</load_address>
         <run_address>0x75e4</run_address>
         <size>0x24</size>
         <input_file_ref idref="fl-ea"/>
      </object_component>
      <object_component id="oc-12a">
         <name>.text</name>
         <load_address>0x7608</load_address>
         <run_address>0x7608</run_address>
         <size>0x24</size>
         <input_file_ref idref="fl-c"/>
      </object_component>
      <object_component id="oc-4d">
         <name>.text:decompress:ZI:__TI_zero_init_nomemset:__TI_zero_init_nomemset</name>
         <load_address>0x762c</load_address>
         <run_address>0x762c</run_address>
         <size>0x1c</size>
         <input_file_ref idref="fl-ca"/>
      </object_component>
      <object_component id="oc-272">
         <name>.text:memccpy</name>
         <load_address>0x7648</load_address>
         <run_address>0x7648</run_address>
         <size>0x1c</size>
         <input_file_ref idref="fl-e7"/>
      </object_component>
      <object_component id="oc-3cb">
         <name>.text:copysign</name>
         <load_address>0x7664</load_address>
         <run_address>0x7664</run_address>
         <size>0x1a</size>
         <input_file_ref idref="fl-f4"/>
      </object_component>
      <object_component id="oc-1b6">
         <name>.text:_outs</name>
         <load_address>0x767e</load_address>
         <run_address>0x767e</run_address>
         <size>0x18</size>
         <input_file_ref idref="fl-c6"/>
      </object_component>
      <object_component id="oc-381">
         <name>.text</name>
         <load_address>0x7696</load_address>
         <run_address>0x7696</run_address>
         <size>0x18</size>
         <input_file_ref idref="fl-f6"/>
      </object_component>
      <object_component id="oc-11d">
         <name>.text:strcmp</name>
         <load_address>0x76ae</load_address>
         <run_address>0x76ae</run_address>
         <size>0x18</size>
         <input_file_ref idref="fl-ce"/>
      </object_component>
      <object_component id="oc-2c2">
         <name>.text:strrchr</name>
         <load_address>0x76c6</load_address>
         <run_address>0x76c6</run_address>
         <size>0x18</size>
         <input_file_ref idref="fl-ec"/>
      </object_component>
      <object_component id="oc-2c8">
         <name>.text:strchr</name>
         <load_address>0x76de</load_address>
         <run_address>0x76de</run_address>
         <size>0x16</size>
         <input_file_ref idref="fl-e8"/>
      </object_component>
      <object_component id="oc-299">
         <name>.text:strcpy</name>
         <load_address>0x76f4</load_address>
         <run_address>0x76f4</run_address>
         <size>0x14</size>
         <input_file_ref idref="fl-e9"/>
      </object_component>
      <object_component id="oc-243">
         <name>.text:strlen</name>
         <load_address>0x7708</load_address>
         <run_address>0x7708</run_address>
         <size>0x14</size>
         <input_file_ref idref="fl-eb"/>
      </object_component>
      <object_component id="oc-1d5">
         <name>.text:_inpchar</name>
         <load_address>0x771c</load_address>
         <run_address>0x771c</run_address>
         <size>0x12</size>
         <input_file_ref idref="fl-c7"/>
      </object_component>
      <object_component id="oc-278">
         <name>.text:wcslen</name>
         <load_address>0x772e</load_address>
         <run_address>0x772e</run_address>
         <size>0x12</size>
         <input_file_ref idref="fl-d6"/>
      </object_component>
      <object_component id="oc-de">
         <name>.text</name>
         <load_address>0x7740</load_address>
         <run_address>0x7740</run_address>
         <size>0x10</size>
         <input_file_ref idref="fl-2"/>
      </object_component>
      <object_component id="oc-10b">
         <name>.text:tolower</name>
         <load_address>0x7750</load_address>
         <run_address>0x7750</run_address>
         <size>0x10</size>
         <input_file_ref idref="fl-d0"/>
      </object_component>
      <object_component id="oc-1b">
         <name>.text:decompress:none:__TI_decompress_none</name>
         <load_address>0x7760</load_address>
         <run_address>0x7760</run_address>
         <size>0xe</size>
         <input_file_ref idref="fl-cb"/>
      </object_component>
      <object_component id="oc-27">
         <name>.text</name>
         <load_address>0x776e</load_address>
         <run_address>0x776e</run_address>
         <size>0xc</size>
         <input_file_ref idref="fl-a"/>
      </object_component>
      <object_component id="oc-1bc">
         <name>.text:_outc</name>
         <load_address>0x777a</load_address>
         <run_address>0x777a</run_address>
         <size>0xa</size>
         <input_file_ref idref="fl-c6"/>
      </object_component>
      <object_component id="oc-27e">
         <name>.text:__aeabi_errno_addr</name>
         <load_address>0x7784</load_address>
         <run_address>0x7784</run_address>
         <size>0x8</size>
         <input_file_ref idref="fl-f3"/>
      </object_component>
      <object_component id="oc-1db">
         <name>.text:_uninpchar</name>
         <load_address>0x778c</load_address>
         <run_address>0x778c</run_address>
         <size>0x8</size>
         <input_file_ref idref="fl-c7"/>
      </object_component>
      <object_component id="oc-ac">
         <name>.text:_system_pre_init</name>
         <load_address>0x7794</load_address>
         <run_address>0x7794</run_address>
         <size>0x4</size>
         <input_file_ref idref="fl-e0"/>
      </object_component>
      <object_component id="oc-131">
         <name>.text:abort:abort</name>
         <load_address>0x7798</load_address>
         <run_address>0x7798</run_address>
         <size>0x4</size>
         <input_file_ref idref="fl-e2"/>
      </object_component>
      <object_component id="oc-1ca">
         <name>.const:.string:_ctypes_</name>
         <load_address>0x77a0</load_address>
         <run_address>0x77a0</run_address>
         <size>0x101</size>
         <input_file_ref idref="fl-cd"/>
      </object_component>
      <object_component id="oc-38a">
         <name>.const:$O1$$</name>
         <load_address>0x78a8</load_address>
         <run_address>0x78a8</run_address>
         <size>0xc8</size>
         <input_file_ref idref="fl-ee"/>
      </object_component>
      <object_component id="oc-2ce">
         <name>.const:$O1$$</name>
         <load_address>0x7970</load_address>
         <run_address>0x7970</run_address>
         <size>0x10</size>
         <input_file_ref idref="fl-d3"/>
      </object_component>
      <object_component id="oc-430">
         <name>.cinit..data.load</name>
         <load_address>0x7980</load_address>
         <run_address>0x7980</run_address>
         <size>0x19</size>
      </object_component>
      <object_component id="oc-42e">
         <name>__TI_handler_table</name>
         <load_address>0x799c</load_address>
         <run_address>0x799c</run_address>
         <size>0xc</size>
      </object_component>
      <object_component id="oc-431">
         <name>.cinit..bss.load</name>
         <load_address>0x79a8</load_address>
         <run_address>0x79a8</run_address>
         <size>0x8</size>
      </object_component>
      <object_component id="oc-42f">
         <name>__TI_cinit_table</name>
         <load_address>0x79b0</load_address>
         <run_address>0x79b0</run_address>
         <size>0x10</size>
      </object_component>
      <object_component id="oc-1a0">
         <name>.data</name>
         <load_address>0x200010e4</load_address>
         <run_address>0x200010e4</run_address>
         <size>0xc</size>
         <input_file_ref idref="fl-3"/>
      </object_component>
      <object_component id="oc-1a8">
         <name>.data:dhcpOfferedIpAdd</name>
         <load_address>0x200010fd</load_address>
         <run_address>0x200010fd</run_address>
         <size>0x4</size>
         <input_file_ref idref="fl-3"/>
      </object_component>
      <object_component id="oc-1a5">
         <name>.data:dhcpServerIpAdd</name>
         <load_address>0x20001105</load_address>
         <run_address>0x20001105</run_address>
         <size>0x4</size>
         <input_file_ref idref="fl-3"/>
      </object_component>
      <object_component id="oc-186">
         <name>.data</name>
         <load_address>0x2000110d</load_address>
         <run_address>0x2000110d</run_address>
         <size>0x4</size>
         <input_file_ref idref="fl-5"/>
      </object_component>
      <object_component id="oc-18c">
         <name>.data:hwAddress</name>
         <load_address>0x200010f0</load_address>
         <run_address>0x200010f0</run_address>
         <size>0x6</size>
         <input_file_ref idref="fl-5"/>
      </object_component>
      <object_component id="oc-189">
         <name>.data:ipAddress</name>
         <load_address>0x20001111</load_address>
         <run_address>0x20001111</run_address>
         <size>0x4</size>
         <input_file_ref idref="fl-5"/>
      </object_component>
      <object_component id="oc-18f">
         <name>.data:ipSubnetMask</name>
         <load_address>0x2000111d</load_address>
         <run_address>0x2000111d</run_address>
         <size>0x4</size>
         <input_file_ref idref="fl-5"/>
      </object_component>
      <object_component id="oc-192">
         <name>.data:ipGwAddress</name>
         <load_address>0x20001119</load_address>
         <run_address>0x20001119</run_address>
         <size>0x4</size>
         <input_file_ref idref="fl-5"/>
      </object_component>
      <object_component id="oc-195">
         <name>.data:ipDnsAddress</name>
         <load_address>0x20001115</load_address>
         <run_address>0x20001115</run_address>
         <size>0x4</size>
         <input_file_ref idref="fl-5"/>
      </object_component>
      <object_component id="oc-198">
         <name>.data:ipTimeServerAddress</name>
         <load_address>0x20001121</load_address>
         <run_address>0x20001121</run_address>
         <size>0x4</size>
         <input_file_ref idref="fl-5"/>
      </object_component>
      <object_component id="oc-19b">
         <name>.data:dhcpServerAddress</name>
         <load_address>0x20001101</load_address>
         <run_address>0x20001101</run_address>
         <size>0x4</size>
         <input_file_ref idref="fl-5"/>
      </object_component>
      <object_component id="oc-123">
         <name>.data</name>
         <load_address>0x200010f8</load_address>
         <run_address>0x200010f8</run_address>
         <size>0x5</size>
         <input_file_ref idref="fl-6"/>
      </object_component>
      <object_component id="oc-f6">
         <name>.data:dummy</name>
         <load_address>0x20001109</load_address>
         <run_address>0x20001109</run_address>
         <size>0x4</size>
         <input_file_ref idref="fl-6"/>
      </object_component>
      <object_component id="oc-1f5">
         <name>.data</name>
         <load_address>0x2000112c</load_address>
         <run_address>0x2000112c</run_address>
         <size>0x4</size>
         <input_file_ref idref="fl-cf"/>
      </object_component>
      <object_component id="oc-367">
         <name>.data</name>
         <load_address>0x20001128</load_address>
         <run_address>0x20001128</run_address>
         <size>0x4</size>
         <input_file_ref idref="fl-f3"/>
      </object_component>
      <object_component id="oc-1a4">
         <name>.common:lease</name>
         <uninitialized>true</uninitialized>
         <run_address>0x200010d8</run_address>
         <size>0x4</size>
      </object_component>
      <object_component id="oc-1a3">
         <name>.common:requestBit</name>
         <uninitialized>true</uninitialized>
         <run_address>0x200010e0</run_address>
         <size>0x1</size>
      </object_component>
      <object_component id="oc-126">
         <name>.common:strInput</name>
         <uninitialized>true</uninitialized>
         <run_address>0x20001000</run_address>
         <size>0x54</size>
      </object_component>
      <object_component id="oc-129">
         <name>.common:token</name>
         <uninitialized>true</uninitialized>
         <run_address>0x200010dc</run_address>
         <size>0x4</size>
      </object_component>
      <object_component id="oc-78">
         <name>.common:fn</name>
         <uninitialized>true</uninitialized>
         <run_address>0x20001054</run_address>
         <size>0x28</size>
      </object_component>
      <object_component id="oc-74">
         <name>.common:period</name>
         <uninitialized>true</uninitialized>
         <run_address>0x2000107c</run_address>
         <size>0x28</size>
      </object_component>
      <object_component id="oc-77">
         <name>.common:ticks</name>
         <uninitialized>true</uninitialized>
         <run_address>0x200010a4</run_address>
         <size>0x28</size>
      </object_component>
      <object_component id="oc-79">
         <name>.common:reload</name>
         <uninitialized>true</uninitialized>
         <run_address>0x200010cc</run_address>
         <size>0xc</size>
      </object_component>
      <object_component id="oc-24">
         <name>.stack</name>
         <uninitialized>true</uninitialized>
         <run_address>0x20000000</run_address>
         <size>0x4</size>
         <input_file_ref idref="fl-d1"/>
      </object_component>
      <object_component id="oc-433">
         <name>.stack</name>
         <uninitialized>true</uninitialized>
         <run_address>0x20000000</run_address>
         <size>0x0</size>
      </object_component>
      <object_component id="oc-cd">
         <name>.debug_info</name>
         <load_address>0x0</load_address>
         <run_address>0x0</run_address>
         <size>0x252</size>
         <input_file_ref idref="fl-2"/>
      </object_component>
      <object_component id="oc-df">
         <name>.debug_info</name>
         <load_address>0x252</load_address>
         <run_address>0x252</run_address>
         <size>0x10f</size>
         <input_file_ref idref="fl-2"/>
      </object_component>
      <object_component id="oc-8c">
         <name>.debug_info</name>
         <load_address>0x361</load_address>
         <run_address>0x361</run_address>
         <size>0x26b</size>
         <input_file_ref idref="fl-2"/>
      </object_component>
      <object_component id="oc-3c">
         <name>.debug_info</name>
         <load_address>0x5cc</load_address>
         <run_address>0x5cc</run_address>
         <size>0x84</size>
         <input_file_ref idref="fl-2"/>
      </object_component>
      <object_component id="oc-c6">
         <name>.debug_info</name>
         <load_address>0x650</load_address>
         <run_address>0x650</run_address>
         <size>0x2a4</size>
         <input_file_ref idref="fl-2"/>
      </object_component>
      <object_component id="oc-7b">
         <name>.debug_info</name>
         <load_address>0x8f4</load_address>
         <run_address>0x8f4</run_address>
         <size>0xbb</size>
         <input_file_ref idref="fl-2"/>
      </object_component>
      <object_component id="oc-cb">
         <name>.debug_info</name>
         <load_address>0x9af</load_address>
         <run_address>0x9af</run_address>
         <size>0x80e</size>
         <input_file_ref idref="fl-3"/>
      </object_component>
      <object_component id="oc-1a1">
         <name>.debug_info</name>
         <load_address>0x11bd</load_address>
         <run_address>0x11bd</run_address>
         <size>0x169</size>
         <input_file_ref idref="fl-3"/>
      </object_component>
      <object_component id="oc-1a9">
         <name>.debug_info</name>
         <load_address>0x1326</load_address>
         <run_address>0x1326</run_address>
         <size>0xd6</size>
         <input_file_ref idref="fl-3"/>
      </object_component>
      <object_component id="oc-1a6">
         <name>.debug_info</name>
         <load_address>0x13fc</load_address>
         <run_address>0x13fc</run_address>
         <size>0xd4</size>
         <input_file_ref idref="fl-3"/>
      </object_component>
      <object_component id="oc-f1">
         <name>.debug_info</name>
         <load_address>0x14d0</load_address>
         <run_address>0x14d0</run_address>
         <size>0x153e</size>
         <input_file_ref idref="fl-3"/>
      </object_component>
      <object_component id="oc-80">
         <name>.debug_info</name>
         <load_address>0x2a0e</load_address>
         <run_address>0x2a0e</run_address>
         <size>0x8b</size>
         <input_file_ref idref="fl-3"/>
      </object_component>
      <object_component id="oc-85">
         <name>.debug_info</name>
         <load_address>0x2a99</load_address>
         <run_address>0x2a99</run_address>
         <size>0x2c</size>
         <input_file_ref idref="fl-3"/>
      </object_component>
      <object_component id="oc-1c4">
         <name>.debug_info</name>
         <load_address>0x2ac5</load_address>
         <run_address>0x2ac5</run_address>
         <size>0x2c</size>
         <input_file_ref idref="fl-3"/>
      </object_component>
      <object_component id="oc-171">
         <name>.debug_info</name>
         <load_address>0x2af1</load_address>
         <run_address>0x2af1</run_address>
         <size>0x5d1</size>
         <input_file_ref idref="fl-3"/>
      </object_component>
      <object_component id="oc-107">
         <name>.debug_info</name>
         <load_address>0x30c2</load_address>
         <run_address>0x30c2</run_address>
         <size>0x1f7</size>
         <input_file_ref idref="fl-4"/>
      </object_component>
      <object_component id="oc-19f">
         <name>.debug_info</name>
         <load_address>0x32b9</load_address>
         <run_address>0x32b9</run_address>
         <size>0x4b2</size>
         <input_file_ref idref="fl-5"/>
      </object_component>
      <object_component id="oc-187">
         <name>.debug_info</name>
         <load_address>0x376b</load_address>
         <run_address>0x376b</run_address>
         <size>0x147</size>
         <input_file_ref idref="fl-5"/>
      </object_component>
      <object_component id="oc-18d">
         <name>.debug_info</name>
         <load_address>0x38b2</load_address>
         <run_address>0x38b2</run_address>
         <size>0xc8</size>
         <input_file_ref idref="fl-5"/>
      </object_component>
      <object_component id="oc-18a">
         <name>.debug_info</name>
         <load_address>0x397a</load_address>
         <run_address>0x397a</run_address>
         <size>0xc8</size>
         <input_file_ref idref="fl-5"/>
      </object_component>
      <object_component id="oc-190">
         <name>.debug_info</name>
         <load_address>0x3a42</load_address>
         <run_address>0x3a42</run_address>
         <size>0xce</size>
         <input_file_ref idref="fl-5"/>
      </object_component>
      <object_component id="oc-193">
         <name>.debug_info</name>
         <load_address>0x3b10</load_address>
         <run_address>0x3b10</run_address>
         <size>0xcc</size>
         <input_file_ref idref="fl-5"/>
      </object_component>
      <object_component id="oc-196">
         <name>.debug_info</name>
         <load_address>0x3bdc</load_address>
         <run_address>0x3bdc</run_address>
         <size>0xce</size>
         <input_file_ref idref="fl-5"/>
      </object_component>
      <object_component id="oc-199">
         <name>.debug_info</name>
         <load_address>0x3caa</load_address>
         <run_address>0x3caa</run_address>
         <size>0xdc</size>
         <input_file_ref idref="fl-5"/>
      </object_component>
      <object_component id="oc-19c">
         <name>.debug_info</name>
         <load_address>0x3d86</load_address>
         <run_address>0x3d86</run_address>
         <size>0xd8</size>
         <input_file_ref idref="fl-5"/>
      </object_component>
      <object_component id="oc-eb">
         <name>.debug_info</name>
         <load_address>0x3e5e</load_address>
         <run_address>0x3e5e</run_address>
         <size>0x2f83</size>
         <input_file_ref idref="fl-5"/>
      </object_component>
      <object_component id="oc-17a">
         <name>.debug_info</name>
         <load_address>0x6de1</load_address>
         <run_address>0x6de1</run_address>
         <size>0x88</size>
         <input_file_ref idref="fl-5"/>
      </object_component>
      <object_component id="oc-127">
         <name>.debug_info</name>
         <load_address>0x6e69</load_address>
         <run_address>0x6e69</run_address>
         <size>0xfcb</size>
         <input_file_ref idref="fl-6"/>
      </object_component>
      <object_component id="oc-124">
         <name>.debug_info</name>
         <load_address>0x7e34</load_address>
         <run_address>0x7e34</run_address>
         <size>0xd9</size>
         <input_file_ref idref="fl-6"/>
      </object_component>
      <object_component id="oc-f7">
         <name>.debug_info</name>
         <load_address>0x7f0d</load_address>
         <run_address>0x7f0d</run_address>
         <size>0xc5</size>
         <input_file_ref idref="fl-6"/>
      </object_component>
      <object_component id="oc-b5">
         <name>.debug_info</name>
         <load_address>0x7fd2</load_address>
         <run_address>0x7fd2</run_address>
         <size>0x1468</size>
         <input_file_ref idref="fl-6"/>
      </object_component>
      <object_component id="oc-200">
         <name>.debug_info</name>
         <load_address>0x943a</load_address>
         <run_address>0x943a</run_address>
         <size>0x35</size>
         <input_file_ref idref="fl-6"/>
      </object_component>
      <object_component id="oc-17f">
         <name>.debug_info</name>
         <load_address>0x946f</load_address>
         <run_address>0x946f</run_address>
         <size>0x257</size>
         <input_file_ref idref="fl-7"/>
      </object_component>
      <object_component id="oc-e7">
         <name>.debug_info</name>
         <load_address>0x96c6</load_address>
         <run_address>0x96c6</run_address>
         <size>0x103c</size>
         <input_file_ref idref="fl-7"/>
      </object_component>
      <object_component id="oc-181">
         <name>.debug_info</name>
         <load_address>0xa702</load_address>
         <run_address>0xa702</run_address>
         <size>0x449</size>
         <input_file_ref idref="fl-8"/>
      </object_component>
      <object_component id="oc-75">
         <name>.debug_info</name>
         <load_address>0xab4b</load_address>
         <run_address>0xab4b</run_address>
         <size>0x31c</size>
         <input_file_ref idref="fl-9"/>
      </object_component>
      <object_component id="oc-2e">
         <name>.debug_info</name>
         <load_address>0xae67</load_address>
         <run_address>0xae67</run_address>
         <size>0x49e</size>
         <input_file_ref idref="fl-9"/>
      </object_component>
      <object_component id="oc-35">
         <name>.debug_info</name>
         <load_address>0xb305</load_address>
         <run_address>0xb305</run_address>
         <size>0x2b9</size>
         <input_file_ref idref="fl-a"/>
      </object_component>
      <object_component id="oc-13">
         <name>.debug_info</name>
         <load_address>0xb5be</load_address>
         <run_address>0xb5be</run_address>
         <size>0xe2</size>
         <input_file_ref idref="fl-a"/>
      </object_component>
      <object_component id="oc-2b">
         <name>.debug_info</name>
         <load_address>0xb6a0</load_address>
         <run_address>0xb6a0</run_address>
         <size>0x25e</size>
         <input_file_ref idref="fl-a"/>
      </object_component>
      <object_component id="oc-1af">
         <name>.debug_info</name>
         <load_address>0xb8fe</load_address>
         <run_address>0xb8fe</run_address>
         <size>0x258</size>
         <input_file_ref idref="fl-b"/>
      </object_component>
      <object_component id="oc-fa">
         <name>.debug_info</name>
         <load_address>0xbb56</load_address>
         <run_address>0xbb56</run_address>
         <size>0x340</size>
         <input_file_ref idref="fl-b"/>
      </object_component>
      <object_component id="oc-12d">
         <name>.debug_info</name>
         <load_address>0xbe96</load_address>
         <run_address>0xbe96</run_address>
         <size>0x119</size>
         <input_file_ref idref="fl-c"/>
      </object_component>
      <object_component id="oc-1c3">
         <name>.debug_info</name>
         <load_address>0xbfaf</load_address>
         <run_address>0xbfaf</run_address>
         <size>0x333</size>
         <input_file_ref idref="fl-c6"/>
      </object_component>
      <object_component id="oc-102">
         <name>.debug_info</name>
         <load_address>0xc2e2</load_address>
         <run_address>0xc2e2</run_address>
         <size>0x1d1</size>
         <input_file_ref idref="fl-c6"/>
      </object_component>
      <object_component id="oc-1b7">
         <name>.debug_info</name>
         <load_address>0xc4b3</load_address>
         <run_address>0xc4b3</run_address>
         <size>0x18d</size>
         <input_file_ref idref="fl-c6"/>
      </object_component>
      <object_component id="oc-1be">
         <name>.debug_info</name>
         <load_address>0xc640</load_address>
         <run_address>0xc640</run_address>
         <size>0x16d</size>
         <input_file_ref idref="fl-c6"/>
      </object_component>
      <object_component id="oc-36e">
         <name>.debug_info</name>
         <load_address>0xc7ad</load_address>
         <run_address>0xc7ad</run_address>
         <size>0x2c</size>
         <input_file_ref idref="fl-c6"/>
      </object_component>
      <object_component id="oc-1e8">
         <name>.debug_info</name>
         <load_address>0xc7d9</load_address>
         <run_address>0xc7d9</run_address>
         <size>0x37a</size>
         <input_file_ref idref="fl-c7"/>
      </object_component>
      <object_component id="oc-115">
         <name>.debug_info</name>
         <load_address>0xcb53</load_address>
         <run_address>0xcb53</run_address>
         <size>0x17e</size>
         <input_file_ref idref="fl-c7"/>
      </object_component>
      <object_component id="oc-1df">
         <name>.debug_info</name>
         <load_address>0xccd1</load_address>
         <run_address>0xccd1</run_address>
         <size>0x171</size>
         <input_file_ref idref="fl-c7"/>
      </object_component>
      <object_component id="oc-1d8">
         <name>.debug_info</name>
         <load_address>0xce42</load_address>
         <run_address>0xce42</run_address>
         <size>0x17e</size>
         <input_file_ref idref="fl-c7"/>
      </object_component>
      <object_component id="oc-1e5">
         <name>.debug_info</name>
         <load_address>0xcfc0</load_address>
         <run_address>0xcfc0</run_address>
         <size>0x1de</size>
         <input_file_ref idref="fl-c7"/>
      </object_component>
      <object_component id="oc-43">
         <name>.debug_info</name>
         <load_address>0xd19e</load_address>
         <run_address>0xd19e</run_address>
         <size>0x119</size>
         <input_file_ref idref="fl-c8"/>
      </object_component>
      <object_component id="oc-a7">
         <name>.debug_info</name>
         <load_address>0xd2b7</load_address>
         <run_address>0xd2b7</run_address>
         <size>0x147</size>
         <input_file_ref idref="fl-c9"/>
      </object_component>
      <object_component id="oc-a5">
         <name>.debug_info</name>
         <load_address>0xd3fe</load_address>
         <run_address>0xd3fe</run_address>
         <size>0x2d4</size>
         <input_file_ref idref="fl-ca"/>
      </object_component>
      <object_component id="oc-4e">
         <name>.debug_info</name>
         <load_address>0xd6d2</load_address>
         <run_address>0xd6d2</run_address>
         <size>0x1d2</size>
         <input_file_ref idref="fl-ca"/>
      </object_component>
      <object_component id="oc-a0">
         <name>.debug_info</name>
         <load_address>0xd8a4</load_address>
         <run_address>0xd8a4</run_address>
         <size>0x46</size>
         <input_file_ref idref="fl-ca"/>
      </object_component>
      <object_component id="oc-d5">
         <name>.debug_info</name>
         <load_address>0xd8ea</load_address>
         <run_address>0xd8ea</run_address>
         <size>0x2c</size>
         <input_file_ref idref="fl-ca"/>
      </object_component>
      <object_component id="oc-4c">
         <name>.debug_info</name>
         <load_address>0xd916</load_address>
         <run_address>0xd916</run_address>
         <size>0x2a8</size>
         <input_file_ref idref="fl-cb"/>
      </object_component>
      <object_component id="oc-1d">
         <name>.debug_info</name>
         <load_address>0xdbbe</load_address>
         <run_address>0xdbbe</run_address>
         <size>0x1ea</size>
         <input_file_ref idref="fl-cb"/>
      </object_component>
      <object_component id="oc-47">
         <name>.debug_info</name>
         <load_address>0xdda8</load_address>
         <run_address>0xdda8</run_address>
         <size>0x46</size>
         <input_file_ref idref="fl-cb"/>
      </object_component>
      <object_component id="oc-98">
         <name>.debug_info</name>
         <load_address>0xddee</load_address>
         <run_address>0xddee</run_address>
         <size>0x2c</size>
         <input_file_ref idref="fl-cb"/>
      </object_component>
      <object_component id="oc-96">
         <name>.debug_info</name>
         <load_address>0xde1a</load_address>
         <run_address>0xde1a</run_address>
         <size>0x29e</size>
         <input_file_ref idref="fl-cc"/>
      </object_component>
      <object_component id="oc-16">
         <name>.debug_info</name>
         <load_address>0xe0b8</load_address>
         <run_address>0xe0b8</run_address>
         <size>0x250</size>
         <input_file_ref idref="fl-cc"/>
      </object_component>
      <object_component id="oc-37">
         <name>.debug_info</name>
         <load_address>0xe308</load_address>
         <run_address>0xe308</run_address>
         <size>0x60</size>
         <input_file_ref idref="fl-cc"/>
      </object_component>
      <object_component id="oc-ce">
         <name>.debug_info</name>
         <load_address>0xe368</load_address>
         <run_address>0xe368</run_address>
         <size>0x46</size>
         <input_file_ref idref="fl-cc"/>
      </object_component>
      <object_component id="oc-91">
         <name>.debug_info</name>
         <load_address>0xe3ae</load_address>
         <run_address>0xe3ae</run_address>
         <size>0x39</size>
         <input_file_ref idref="fl-cc"/>
      </object_component>
      <object_component id="oc-296">
         <name>.debug_info</name>
         <load_address>0xe3e7</load_address>
         <run_address>0xe3e7</run_address>
         <size>0xf9</size>
         <input_file_ref idref="fl-cd"/>
      </object_component>
      <object_component id="oc-1cb">
         <name>.debug_info</name>
         <load_address>0xe4e0</load_address>
         <run_address>0xe4e0</run_address>
         <size>0x105</size>
         <input_file_ref idref="fl-cd"/>
      </object_component>
      <object_component id="oc-1fb">
         <name>.debug_info</name>
         <load_address>0xe5e5</load_address>
         <run_address>0xe5e5</run_address>
         <size>0x28a</size>
         <input_file_ref idref="fl-ce"/>
      </object_component>
      <object_component id="oc-11f">
         <name>.debug_info</name>
         <load_address>0xe86f</load_address>
         <run_address>0xe86f</run_address>
         <size>0x273</size>
         <input_file_ref idref="fl-ce"/>
      </object_component>
      <object_component id="oc-1f9">
         <name>.debug_info</name>
         <load_address>0xeae2</load_address>
         <run_address>0xeae2</run_address>
         <size>0x2fe</size>
         <input_file_ref idref="fl-cf"/>
      </object_component>
      <object_component id="oc-1f6">
         <name>.debug_info</name>
         <load_address>0xede0</load_address>
         <run_address>0xede0</run_address>
         <size>0x105</size>
         <input_file_ref idref="fl-cf"/>
      </object_component>
      <object_component id="oc-11b">
         <name>.debug_info</name>
         <load_address>0xeee5</load_address>
         <run_address>0xeee5</run_address>
         <size>0x1ab</size>
         <input_file_ref idref="fl-cf"/>
      </object_component>
      <object_component id="oc-1ce">
         <name>.debug_info</name>
         <load_address>0xf090</load_address>
         <run_address>0xf090</run_address>
         <size>0x2b6</size>
         <input_file_ref idref="fl-d0"/>
      </object_component>
      <object_component id="oc-10c">
         <name>.debug_info</name>
         <load_address>0xf346</load_address>
         <run_address>0xf346</run_address>
         <size>0x154</size>
         <input_file_ref idref="fl-d0"/>
      </object_component>
      <object_component id="oc-25">
         <name>.debug_info</name>
         <load_address>0xf49a</load_address>
         <run_address>0xf49a</run_address>
         <size>0x10b</size>
         <input_file_ref idref="fl-d1"/>
      </object_component>
      <object_component id="oc-62">
         <name>.debug_info</name>
         <load_address>0xf5a5</load_address>
         <run_address>0xf5a5</run_address>
         <size>0x1a9</size>
         <input_file_ref idref="fl-d1"/>
      </object_component>
      <object_component id="oc-285">
         <name>.debug_info</name>
         <load_address>0xf74e</load_address>
         <run_address>0xf74e</run_address>
         <size>0x590</size>
         <input_file_ref idref="fl-d2"/>
      </object_component>
      <object_component id="oc-250">
         <name>.debug_info</name>
         <load_address>0xfcde</load_address>
         <run_address>0xfcde</run_address>
         <size>0x21e</size>
         <input_file_ref idref="fl-d2"/>
      </object_component>
      <object_component id="oc-337">
         <name>.debug_info</name>
         <load_address>0xfefc</load_address>
         <run_address>0xfefc</run_address>
         <size>0x1b3</size>
         <input_file_ref idref="fl-d2"/>
      </object_component>
      <object_component id="oc-33d">
         <name>.debug_info</name>
         <load_address>0x100af</load_address>
         <run_address>0x100af</run_address>
         <size>0x21b</size>
         <input_file_ref idref="fl-d2"/>
      </object_component>
      <object_component id="oc-25b">
         <name>.debug_info</name>
         <load_address>0x102ca</load_address>
         <run_address>0x102ca</run_address>
         <size>0x3c0</size>
         <input_file_ref idref="fl-d2"/>
      </object_component>
      <object_component id="oc-344">
         <name>.debug_info</name>
         <load_address>0x1068a</load_address>
         <run_address>0x1068a</run_address>
         <size>0x30a</size>
         <input_file_ref idref="fl-d2"/>
      </object_component>
      <object_component id="oc-34a">
         <name>.debug_info</name>
         <load_address>0x10994</load_address>
         <run_address>0x10994</run_address>
         <size>0x215</size>
         <input_file_ref idref="fl-d2"/>
      </object_component>
      <object_component id="oc-261">
         <name>.debug_info</name>
         <load_address>0x10ba9</load_address>
         <run_address>0x10ba9</run_address>
         <size>0x215</size>
         <input_file_ref idref="fl-d2"/>
      </object_component>
      <object_component id="oc-267">
         <name>.debug_info</name>
         <load_address>0x10dbe</load_address>
         <run_address>0x10dbe</run_address>
         <size>0x304</size>
         <input_file_ref idref="fl-d2"/>
      </object_component>
      <object_component id="oc-26d">
         <name>.debug_info</name>
         <load_address>0x110c2</load_address>
         <run_address>0x110c2</run_address>
         <size>0x4b5</size>
         <input_file_ref idref="fl-d2"/>
      </object_component>
      <object_component id="oc-1b1">
         <name>.debug_info</name>
         <load_address>0x11577</load_address>
         <run_address>0x11577</run_address>
         <size>0x5f4</size>
         <input_file_ref idref="fl-d2"/>
      </object_component>
      <object_component id="oc-286">
         <name>.debug_info</name>
         <load_address>0x11b6b</load_address>
         <run_address>0x11b6b</run_address>
         <size>0x86</size>
         <input_file_ref idref="fl-d2"/>
      </object_component>
      <object_component id="oc-373">
         <name>.debug_info</name>
         <load_address>0x11bf1</load_address>
         <run_address>0x11bf1</run_address>
         <size>0x39</size>
         <input_file_ref idref="fl-d2"/>
      </object_component>
      <object_component id="oc-3e0">
         <name>.debug_info</name>
         <load_address>0x11c2a</load_address>
         <run_address>0x11c2a</run_address>
         <size>0xb6</size>
         <input_file_ref idref="fl-d2"/>
      </object_component>
      <object_component id="oc-378">
         <name>.debug_info</name>
         <load_address>0x11ce0</load_address>
         <run_address>0x11ce0</run_address>
         <size>0x46</size>
         <input_file_ref idref="fl-d2"/>
      </object_component>
      <object_component id="oc-28b">
         <name>.debug_info</name>
         <load_address>0x11d26</load_address>
         <run_address>0x11d26</run_address>
         <size>0x46</size>
         <input_file_ref idref="fl-d2"/>
      </object_component>
      <object_component id="oc-2d0">
         <name>.debug_info</name>
         <load_address>0x11d6c</load_address>
         <run_address>0x11d6c</run_address>
         <size>0x5ce</size>
         <input_file_ref idref="fl-d3"/>
      </object_component>
      <object_component id="oc-1d0">
         <name>.debug_info</name>
         <load_address>0x1233a</load_address>
         <run_address>0x1233a</run_address>
         <size>0xa45</size>
         <input_file_ref idref="fl-d3"/>
      </object_component>
      <object_component id="oc-2d2">
         <name>.debug_info</name>
         <load_address>0x12d7f</load_address>
         <run_address>0x12d7f</run_address>
         <size>0x9a</size>
         <input_file_ref idref="fl-d3"/>
      </object_component>
      <object_component id="oc-3c5">
         <name>.debug_info</name>
         <load_address>0x12e19</load_address>
         <run_address>0x12e19</run_address>
         <size>0x295</size>
         <input_file_ref idref="fl-d4"/>
      </object_component>
      <object_component id="oc-353">
         <name>.debug_info</name>
         <load_address>0x130ae</load_address>
         <run_address>0x130ae</run_address>
         <size>0x195</size>
         <input_file_ref idref="fl-d4"/>
      </object_component>
      <object_component id="oc-3fd">
         <name>.debug_info</name>
         <load_address>0x13243</load_address>
         <run_address>0x13243</run_address>
         <size>0x39</size>
         <input_file_ref idref="fl-d4"/>
      </object_component>
      <object_component id="oc-3c6">
         <name>.debug_info</name>
         <load_address>0x1327c</load_address>
         <run_address>0x1327c</run_address>
         <size>0x2c</size>
         <input_file_ref idref="fl-d4"/>
      </object_component>
      <object_component id="oc-3d2">
         <name>.debug_info</name>
         <load_address>0x132a8</load_address>
         <run_address>0x132a8</run_address>
         <size>0x2f8</size>
         <input_file_ref idref="fl-d5"/>
      </object_component>
      <object_component id="oc-359">
         <name>.debug_info</name>
         <load_address>0x135a0</load_address>
         <run_address>0x135a0</run_address>
         <size>0x225</size>
         <input_file_ref idref="fl-d5"/>
      </object_component>
      <object_component id="oc-366">
         <name>.debug_info</name>
         <load_address>0x137c5</load_address>
         <run_address>0x137c5</run_address>
         <size>0x28f</size>
         <input_file_ref idref="fl-d6"/>
      </object_component>
      <object_component id="oc-27a">
         <name>.debug_info</name>
         <load_address>0x13a54</load_address>
         <run_address>0x13a54</run_address>
         <size>0x15a</size>
         <input_file_ref idref="fl-d6"/>
      </object_component>
      <object_component id="oc-3d5">
         <name>.debug_info</name>
         <load_address>0x13bae</load_address>
         <run_address>0x13bae</run_address>
         <size>0x46</size>
         <input_file_ref idref="fl-d6"/>
      </object_component>
      <object_component id="oc-361">
         <name>.debug_info</name>
         <load_address>0x13bf4</load_address>
         <run_address>0x13bf4</run_address>
         <size>0x39</size>
         <input_file_ref idref="fl-d6"/>
      </object_component>
      <object_component id="oc-334">
         <name>.debug_info</name>
         <load_address>0x13c2d</load_address>
         <run_address>0x13c2d</run_address>
         <size>0x14c</size>
         <input_file_ref idref="fl-d7"/>
      </object_component>
      <object_component id="oc-258">
         <name>.debug_info</name>
         <load_address>0x13d79</load_address>
         <run_address>0x13d79</run_address>
         <size>0x128</size>
         <input_file_ref idref="fl-d8"/>
      </object_component>
      <object_component id="oc-31e">
         <name>.debug_info</name>
         <load_address>0x13ea1</load_address>
         <run_address>0x13ea1</run_address>
         <size>0x12a</size>
         <input_file_ref idref="fl-d8"/>
      </object_component>
      <object_component id="oc-31a">
         <name>.debug_info</name>
         <load_address>0x13fcb</load_address>
         <run_address>0x13fcb</run_address>
         <size>0x13a</size>
         <input_file_ref idref="fl-d9"/>
      </object_component>
      <object_component id="oc-313">
         <name>.debug_info</name>
         <load_address>0x14105</load_address>
         <run_address>0x14105</run_address>
         <size>0x13a</size>
         <input_file_ref idref="fl-da"/>
      </object_component>
      <object_component id="oc-322">
         <name>.debug_info</name>
         <load_address>0x1423f</load_address>
         <run_address>0x1423f</run_address>
         <size>0x12e</size>
         <input_file_ref idref="fl-db"/>
      </object_component>
      <object_component id="oc-2b3">
         <name>.debug_info</name>
         <load_address>0x1436d</load_address>
         <run_address>0x1436d</run_address>
         <size>0x13e</size>
         <input_file_ref idref="fl-dc"/>
      </object_component>
      <object_component id="oc-32e">
         <name>.debug_info</name>
         <load_address>0x144ab</load_address>
         <run_address>0x144ab</run_address>
         <size>0x12c</size>
         <input_file_ref idref="fl-dd"/>
      </object_component>
      <object_component id="oc-30e">
         <name>.debug_info</name>
         <load_address>0x145d7</load_address>
         <run_address>0x145d7</run_address>
         <size>0x134</size>
         <input_file_ref idref="fl-de"/>
      </object_component>
      <object_component id="oc-211">
         <name>.debug_info</name>
         <load_address>0x1470b</load_address>
         <run_address>0x1470b</run_address>
         <size>0x4b3</size>
         <input_file_ref idref="fl-df"/>
      </object_component>
      <object_component id="oc-141">
         <name>.debug_info</name>
         <load_address>0x14bbe</load_address>
         <run_address>0x14bbe</run_address>
         <size>0x1a6</size>
         <input_file_ref idref="fl-df"/>
      </object_component>
      <object_component id="oc-2f6">
         <name>.debug_info</name>
         <load_address>0x14d64</load_address>
         <run_address>0x14d64</run_address>
         <size>0x39</size>
         <input_file_ref idref="fl-df"/>
      </object_component>
      <object_component id="oc-3a2">
         <name>.debug_info</name>
         <load_address>0x14d9d</load_address>
         <run_address>0x14d9d</run_address>
         <size>0x39</size>
         <input_file_ref idref="fl-df"/>
      </object_component>
      <object_component id="oc-2fb">
         <name>.debug_info</name>
         <load_address>0x14dd6</load_address>
         <run_address>0x14dd6</run_address>
         <size>0x39</size>
         <input_file_ref idref="fl-df"/>
      </object_component>
      <object_component id="oc-300">
         <name>.debug_info</name>
         <load_address>0x14e0f</load_address>
         <run_address>0x14e0f</run_address>
         <size>0xcd</size>
         <input_file_ref idref="fl-df"/>
      </object_component>
      <object_component id="oc-ad">
         <name>.debug_info</name>
         <load_address>0x14edc</load_address>
         <run_address>0x14edc</run_address>
         <size>0x153</size>
         <input_file_ref idref="fl-e0"/>
      </object_component>
      <object_component id="oc-135">
         <name>.debug_info</name>
         <load_address>0x1502f</load_address>
         <run_address>0x1502f</run_address>
         <size>0x122</size>
         <input_file_ref idref="fl-e2"/>
      </object_component>
      <object_component id="oc-3bd">
         <name>.debug_info</name>
         <load_address>0x15151</load_address>
         <run_address>0x15151</run_address>
         <size>0x29c</size>
         <input_file_ref idref="fl-e4"/>
      </object_component>
      <object_component id="oc-327">
         <name>.debug_info</name>
         <load_address>0x153ed</load_address>
         <run_address>0x153ed</run_address>
         <size>0x1da</size>
         <input_file_ref idref="fl-e4"/>
      </object_component>
      <object_component id="oc-30a">
         <name>.debug_info</name>
         <load_address>0x155c7</load_address>
         <run_address>0x155c7</run_address>
         <size>0x2b9</size>
         <input_file_ref idref="fl-e6"/>
      </object_component>
      <object_component id="oc-24c">
         <name>.debug_info</name>
         <load_address>0x15880</load_address>
         <run_address>0x15880</run_address>
         <size>0x17c</size>
         <input_file_ref idref="fl-e6"/>
      </object_component>
      <object_component id="oc-35f">
         <name>.debug_info</name>
         <load_address>0x159fc</load_address>
         <run_address>0x159fc</run_address>
         <size>0x2a7</size>
         <input_file_ref idref="fl-e7"/>
      </object_component>
      <object_component id="oc-276">
         <name>.debug_info</name>
         <load_address>0x15ca3</load_address>
         <run_address>0x15ca3</run_address>
         <size>0x1b8</size>
         <input_file_ref idref="fl-e7"/>
      </object_component>
      <object_component id="oc-398">
         <name>.debug_info</name>
         <load_address>0x15e5b</load_address>
         <run_address>0x15e5b</run_address>
         <size>0x29a</size>
         <input_file_ref idref="fl-e8"/>
      </object_component>
      <object_component id="oc-2cc">
         <name>.debug_info</name>
         <load_address>0x160f5</load_address>
         <run_address>0x160f5</run_address>
         <size>0x262</size>
         <input_file_ref idref="fl-e8"/>
      </object_component>
      <object_component id="oc-380">
         <name>.debug_info</name>
         <load_address>0x16357</load_address>
         <run_address>0x16357</run_address>
         <size>0x2a4</size>
         <input_file_ref idref="fl-e9"/>
      </object_component>
      <object_component id="oc-29a">
         <name>.debug_info</name>
         <load_address>0x165fb</load_address>
         <run_address>0x165fb</run_address>
         <size>0x24d</size>
         <input_file_ref idref="fl-e9"/>
      </object_component>
      <object_component id="oc-2df">
         <name>.debug_info</name>
         <load_address>0x16848</load_address>
         <run_address>0x16848</run_address>
         <size>0x290</size>
         <input_file_ref idref="fl-ea"/>
      </object_component>
      <object_component id="oc-1f0">
         <name>.debug_info</name>
         <load_address>0x16ad8</load_address>
         <run_address>0x16ad8</run_address>
         <size>0x198</size>
         <input_file_ref idref="fl-ea"/>
      </object_component>
      <object_component id="oc-308">
         <name>.debug_info</name>
         <load_address>0x16c70</load_address>
         <run_address>0x16c70</run_address>
         <size>0x28f</size>
         <input_file_ref idref="fl-eb"/>
      </object_component>
      <object_component id="oc-244">
         <name>.debug_info</name>
         <load_address>0x16eff</load_address>
         <run_address>0x16eff</run_address>
         <size>0x245</size>
         <input_file_ref idref="fl-eb"/>
      </object_component>
      <object_component id="oc-396">
         <name>.debug_info</name>
         <load_address>0x17144</load_address>
         <run_address>0x17144</run_address>
         <size>0x296</size>
         <input_file_ref idref="fl-ec"/>
      </object_component>
      <object_component id="oc-2c3">
         <name>.debug_info</name>
         <load_address>0x173da</load_address>
         <run_address>0x173da</run_address>
         <size>0x265</size>
         <input_file_ref idref="fl-ec"/>
      </object_component>
      <object_component id="oc-2dd">
         <name>.debug_info</name>
         <load_address>0x1763f</load_address>
         <run_address>0x1763f</run_address>
         <size>0x295</size>
         <input_file_ref idref="fl-ed"/>
      </object_component>
      <object_component id="oc-1ea">
         <name>.debug_info</name>
         <load_address>0x178d4</load_address>
         <run_address>0x178d4</run_address>
         <size>0x1c3</size>
         <input_file_ref idref="fl-ed"/>
      </object_component>
      <object_component id="oc-38e">
         <name>.debug_info</name>
         <load_address>0x17a97</load_address>
         <run_address>0x17a97</run_address>
         <size>0x3b1</size>
         <input_file_ref idref="fl-ee"/>
      </object_component>
      <object_component id="oc-38b">
         <name>.debug_info</name>
         <load_address>0x17e48</load_address>
         <run_address>0x17e48</run_address>
         <size>0x123</size>
         <input_file_ref idref="fl-ee"/>
      </object_component>
      <object_component id="oc-2ac">
         <name>.debug_info</name>
         <load_address>0x17f6b</load_address>
         <run_address>0x17f6b</run_address>
         <size>0x4e0</size>
         <input_file_ref idref="fl-ee"/>
      </object_component>
      <object_component id="oc-392">
         <name>.debug_info</name>
         <load_address>0x1844b</load_address>
         <run_address>0x1844b</run_address>
         <size>0x321</size>
         <input_file_ref idref="fl-ef"/>
      </object_component>
      <object_component id="oc-2ba">
         <name>.debug_info</name>
         <load_address>0x1876c</load_address>
         <run_address>0x1876c</run_address>
         <size>0x28b</size>
         <input_file_ref idref="fl-ef"/>
      </object_component>
      <object_component id="oc-394">
         <name>.debug_info</name>
         <load_address>0x189f7</load_address>
         <run_address>0x189f7</run_address>
         <size>0x322</size>
         <input_file_ref idref="fl-f0"/>
      </object_component>
      <object_component id="oc-2bd">
         <name>.debug_info</name>
         <load_address>0x18d19</load_address>
         <run_address>0x18d19</run_address>
         <size>0x2cf</size>
         <input_file_ref idref="fl-f0"/>
      </object_component>
      <object_component id="oc-389">
         <name>.debug_info</name>
         <load_address>0x18fe8</load_address>
         <run_address>0x18fe8</run_address>
         <size>0x322</size>
         <input_file_ref idref="fl-f1"/>
      </object_component>
      <object_component id="oc-2a6">
         <name>.debug_info</name>
         <load_address>0x1930a</load_address>
         <run_address>0x1930a</run_address>
         <size>0x231</size>
         <input_file_ref idref="fl-f1"/>
      </object_component>
      <object_component id="oc-387">
         <name>.debug_info</name>
         <load_address>0x1953b</load_address>
         <run_address>0x1953b</run_address>
         <size>0x323</size>
         <input_file_ref idref="fl-f2"/>
      </object_component>
      <object_component id="oc-2a3">
         <name>.debug_info</name>
         <load_address>0x1985e</load_address>
[...]
      </symbol>
      <symbol id="sm-370">
         <name>processShell</name>
         <value>0x38d1</value>
         <object_component_ref idref="oc-b2"/>
      </symbol>
      <symbol id="sm-371">
         <name>x</name>
         <value>0x200010f8</value>
         <object_component_ref idref="oc-123"/>
      </symbol>
      <symbol id="sm-372">
         <name>displayConnectionInfo</name>
         <value>0x3499</value>
         <object_component_ref idref="oc-b2"/>
      </symbol>
      <symbol id="sm-373">
         <name>main</name>
         <value>0x3cb1</value>
         <object_component_ref idref="oc-b2"/>
      </symbol>
      <symbol id="sm-374">
         <name>renewtimer</name>
         <value>0x3455</value>
         <object_component_ref idref="oc-b2"/>
      </symbol>
      <symbol id="sm-375">
         <name>readConfiguration</name>
         <value>0x3747</value>
         <object_component_ref idref="oc-b2"/>
      </symbol>
      <symbol id="sm-376">
         <name>leasetimer</name>
         <value>0x3479</value>
         <object_component_ref idref="oc-b2"/>
      </symbol>
      <symbol id="sm-377">
         <name>count</name>
         <value>0x200010fc</value>
         <object_component_ref idref="oc-123"/>
      </symbol>
      <symbol id="sm-378">
         <name>rebindtimer</name>
         <value>0x3471</value>
         <object_component_ref idref="oc-b2"/>
      </symbol>
      <symbol id="sm-3ed">
         <name>selectPinInterruptBothEdges</name>
         <value>0x4e4f</value>
         <object_component_ref idref="oc-e4"/>
      </symbol>
      <symbol id="sm-3ee">
         <name>getPortValue</name>
         <value>0x5061</value>
         <object_component_ref idref="oc-e4"/>
      </symbol>
      <symbol id="sm-3ef">
         <name>selectPinAnalogInput</name>
         <value>0x4b33</value>
         <object_component_ref idref="oc-e4"/>
      </symbol>
      <symbol id="sm-3f0">
         <name>clearPinInterrupt</name>
         <value>0x4f61</value>
         <object_component_ref idref="oc-e4"/>
      </symbol>
      <symbol id="sm-3f1">
         <name>selectPinPushPullOutput</name>
         <value>0x4a49</value>
         <object_component_ref idref="oc-e4"/>
      </symbol>
      <symbol id="sm-3f2">
         <name>selectPinInterruptHighLevel</name>
         <value>0x4ea5</value>
         <object_component_ref idref="oc-e4"/>
      </symbol>
      <symbol id="sm-3f3">
         <name>selectPinInterruptFallingEdge</name>
         <value>0x4dff</value>
         <object_component_ref idref="oc-e4"/>
      </symbol>
      <symbol id="sm-3f4">
         <name>selectPinOpenDrainOutput</name>
         <value>0x4a97</value>
         <object_component_ref idref="oc-e4"/>
      </symbol>
      <symbol id="sm-3f5">
         <name>selectPinInterruptLowLevel</name>
         <value>0x4edf</value>
         <object_component_ref idref="oc-e4"/>
      </symbol>
      <symbol id="sm-3f6">
         <name>setPortValue</name>
         <value>0x4fe5</value>
         <object_component_ref idref="oc-e4"/>
      </symbol>
      <symbol id="sm-3f7">
         <name>enablePinInterrupt</name>
         <value>0x4f19</value>
         <object_component_ref idref="oc-e4"/>
      </symbol>
      <symbol id="sm-3f8">
         <name>setPinAuxFunction</name>
         <value>0x4c9d</value>
         <object_component_ref idref="oc-e4"/>
      </symbol>
      <symbol id="sm-3f9">
         <name>enablePort</name>
         <value>0x490d</value>
         <object_component_ref idref="oc-e4"/>
      </symbol>
      <symbol id="sm-3fa">
         <name>disablePinPulldown</name>
         <value>0x4c75</value>
         <object_component_ref idref="oc-e4"/>
      </symbol>
      <symbol id="sm-3fb">
         <name>setPinCommitControl</name>
         <value>0x4b83</value>
         <object_component_ref idref="oc-e4"/>
      </symbol>
      <symbol id="sm-3fc">
         <name>disablePort</name>
         <value>0x49c9</value>
         <object_component_ref idref="oc-e4"/>
      </symbol>
      <symbol id="sm-3fd">
         <name>disablePinInterrupt</name>
         <value>0x4f3d</value>
         <object_component_ref idref="oc-e4"/>
      </symbol>
      <symbol id="sm-3fe">
         <name>enablePinPullup</name>
         <value>0x4bff</value>
         <object_component_ref idref="oc-e4"/>
      </symbol>
      <symbol id="sm-3ff">
         <name>getPinValue</name>
         <value>0x4fab</value>
         <object_component_ref idref="oc-e4"/>
      </symbol>
      <symbol id="sm-400">
         <name>enablePinPulldown</name>
         <value>0x4c51</value>
         <object_component_ref idref="oc-e4"/>
      </symbol>
      <symbol id="sm-401">
         <name>disablePinPullup</name>
         <value>0x4c2d</value>
         <object_component_ref idref="oc-e4"/>
      </symbol>
      <symbol id="sm-402">
         <name>selectPinDigitalInput</name>
         <value>0x4ae5</value>
         <object_component_ref idref="oc-e4"/>
      </symbol>
      <symbol id="sm-403">
         <name>selectPinInterruptRisingEdge</name>
         <value>0x4daf</value>
         <object_component_ref idref="oc-e4"/>
      </symbol>
      <symbol id="sm-404">
         <name>setPinValue</name>
         <value>0x4f85</value>
         <object_component_ref idref="oc-e4"/>
      </symbol>
      <symbol id="sm-420">
         <name>setSpi0Mode</name>
         <value>0x62bf</value>
         <object_component_ref idref="oc-180"/>
      </symbol>
      <symbol id="sm-421">
         <name>readSpi0Data</name>
         <value>0x6325</value>
         <object_component_ref idref="oc-180"/>
      </symbol>
      <symbol id="sm-422">
         <name>writeSpi0Data</name>
         <value>0x630d</value>
         <object_component_ref idref="oc-180"/>
      </symbol>
      <symbol id="sm-423">
         <name>initSpi0</name>
         <value>0x61ed</value>
         <object_component_ref idref="oc-180"/>
      </symbol>
      <symbol id="sm-424">
         <name>setSpi0BaudRate</name>
         <value>0x6289</value>
         <object_component_ref idref="oc-180"/>
      </symbol>
      <symbol id="sm-465">
         <name>fn</name>
         <value>0x20001054</value>
      </symbol>
      <symbol id="sm-466">
         <name>period</name>
         <value>0x2000107c</value>
      </symbol>
      <symbol id="sm-467">
         <name>ticks</name>
         <value>0x200010a4</value>
      </symbol>
      <symbol id="sm-468">
         <name>reload</name>
         <value>0x200010cc</value>
      </symbol>
      <symbol id="sm-469">
         <name>initTimer</name>
         <value>0x5551</value>
         <object_component_ref idref="oc-2d"/>
      </symbol>
      <symbol id="sm-46a">
         <name>stopTimer</name>
         <value>0x56fd</value>
         <object_component_ref idref="oc-2d"/>
      </symbol>
      <symbol id="sm-46b">
         <name>startOneshotTimer</name>
         <value>0x55f1</value>
         <object_component_ref idref="oc-2d"/>
      </symbol>
      <symbol id="sm-46c">
         <name>restartTimer</name>
         <value>0x5763</value>
         <object_component_ref idref="oc-2d"/>
      </symbol>
      <symbol id="sm-46d">
         <name>random32</name>
         <value>0x584b</value>
         <object_component_ref idref="oc-2d"/>
      </symbol>
      <symbol id="sm-46e">
         <name>tickIsr</name>
         <value>0x57d1</value>
         <object_component_ref idref="oc-2d"/>
      </symbol>
      <symbol id="sm-46f">
         <name>startPeriodicTimer</name>
         <value>0x5677</value>
         <object_component_ref idref="oc-2d"/>
      </symbol>
      <symbol id="sm-48b">
         <name>ResetISR</name>
         <value>0x776f</value>
         <object_component_ref idref="oc-27"/>
      </symbol>
      <symbol id="sm-48c">
         <name>g_pfnVectors</name>
         <value>0x0</value>
         <object_component_ref idref="oc-12"/>
      </symbol>
      <symbol id="sm-4b7">
         <name>getcUart0</name>
         <value>0x6179</value>
         <object_component_ref idref="oc-f9"/>
      </symbol>
      <symbol id="sm-4b8">
         <name>kbhitUart0</name>
         <value>0x618d</value>
         <object_component_ref idref="oc-f9"/>
      </symbol>
      <symbol id="sm-4b9">
         <name>setUart0BaudRate</name>
         <value>0x60f1</value>
         <object_component_ref idref="oc-f9"/>
      </symbol>
      <symbol id="sm-4ba">
         <name>putsUart0</name>
         <value>0x614d</value>
         <object_component_ref idref="oc-f9"/>
      </symbol>
      <symbol id="sm-4bb">
         <name>initUart0</name>
         <value>0x605d</value>
         <object_component_ref idref="oc-f9"/>
      </symbol>
      <symbol id="sm-4bc">
         <name>putcUart0</name>
         <value>0x6131</value>
         <object_component_ref idref="oc-f9"/>
      </symbol>
      <symbol id="sm-4ca">
         <name>waitMicrosecond</name>
         <value>0x7609</value>
         <object_component_ref idref="oc-12a"/>
      </symbol>
      <symbol id="sm-4f1">
         <name>sprintf</name>
         <value>0x7461</value>
         <object_component_ref idref="oc-ff"/>
      </symbol>
      <symbol id="sm-528">
         <name>sscanf</name>
         <value>0x7521</value>
         <object_component_ref idref="oc-111"/>
      </symbol>
      <symbol id="sm-543">
         <name>memcpy</name>
         <value>0x6d3f</value>
         <object_component_ref idref="oc-41"/>
      </symbol>
      <symbol id="sm-544">
         <name>__aeabi_memcpy</name>
         <value>0x6d3f</value>
         <object_component_ref idref="oc-41"/>
      </symbol>
      <symbol id="sm-545">
         <name>__aeabi_memcpy8</name>
         <value>0x6d3f</value>
         <object_component_ref idref="oc-41"/>
      </symbol>
      <symbol id="sm-546">
         <name>__aeabi_memcpy4</name>
         <value>0x6d3f</value>
         <object_component_ref idref="oc-41"/>
      </symbol>
      <symbol id="sm-555">
         <name>__aeabi_memset</name>
         <value>0x7003</value>
         <object_component_ref idref="oc-a6"/>
      </symbol>
      <symbol id="sm-556">
         <name>memset</name>
         <value>0x7009</value>
         <object_component_ref idref="oc-a6"/>
      </symbol>
      <symbol id="sm-557">
         <name>__aeabi_memset8</name>
         <value>0x7003</value>
         <object_component_ref idref="oc-a6"/>
      </symbol>
      <symbol id="sm-558">
         <name>__aeabi_memset4</name>
         <value>0x7003</value>
         <object_component_ref idref="oc-a6"/>
      </symbol>
      <symbol id="sm-559">
         <name>__aeabi_memclr8</name>
         <value>0x7001</value>
         <object_component_ref idref="oc-a6"/>
      </symbol>
      <symbol id="sm-55a">
         <name>__aeabi_memclr4</name>
         <value>0x7001</value>
         <object_component_ref idref="oc-a6"/>
      </symbol>
      <symbol id="sm-55b">
         <name>__aeabi_memclr</name>
         <value>0x7001</value>
         <object_component_ref idref="oc-a6"/>
      </symbol>
      <symbol id="sm-574">
         <name>__TI_zero_init_nomemset</name>
         <value>0x762d</value>
         <object_component_ref idref="oc-4d"/>
      </symbol>
      <symbol id="sm-58b">
         <name>__TI_decompress_none</name>
         <value>0x7761</value>
         <object_component_ref idref="oc-1b"/>
      </symbol>
      <symbol id="sm-5ae">
         <name>__TI_decompress_lzss</name>
         <value>0x71c1</value>
         <object_component_ref idref="oc-15"/>
      </symbol>
      <symbol id="sm-5b9">
         <name>_ctypes_</name>
         <value>0x77a0</value>
         <object_component_ref idref="oc-1ca"/>
      </symbol>
      <symbol id="sm-5c8">
         <name>strcmp</name>
         <value>0x76af</value>
         <object_component_ref idref="oc-11d"/>
      </symbol>
      <symbol id="sm-5e0">
         <name>strtok</name>
         <value>0x74a1</value>
         <object_component_ref idref="oc-117"/>
      </symbol>
      <symbol id="sm-5ef">
         <name>tolower</name>
         <value>0x7751</value>
         <object_component_ref idref="oc-10b"/>
      </symbol>
      <symbol id="sm-602">
         <name>__stack</name>
         <value>0x20000000</value>
         <object_component_ref idref="oc-24"/>
      </symbol>
      <symbol id="sm-603">
         <name>_c_int00_noargs</name>
         <value>0x7559</value>
         <object_component_ref idref="oc-5f"/>
      </symbol>
      <symbol id="sm-768">
         <name>__TI_printfi</name>
         <value>0x3ebd</value>
         <object_component_ref idref="oc-1b0"/>
      </symbol>
      <symbol id="sm-81e">
         <name>__TI_scanfi</name>
         <value>0x28a1</value>
         <object_component_ref idref="oc-1cf"/>
      </symbol>
      <symbol id="sm-83e">
         <name>frexpl</name>
         <value>0x7229</value>
         <object_component_ref idref="oc-351"/>
      </symbol>
      <symbol id="sm-83f">
         <name>frexp</name>
         <value>0x7229</value>
         <object_component_ref idref="oc-351"/>
      </symbol>
      <symbol id="sm-85c">
         <name>scalbn</name>
         <value>0x6971</value>
         <object_component_ref idref="oc-357"/>
      </symbol>
      <symbol id="sm-85d">
         <name>scalbnl</name>
         <value>0x6971</value>
         <object_component_ref idref="oc-357"/>
      </symbol>
      <symbol id="sm-85e">
         <name>ldexpl</name>
         <value>0x6971</value>
         <object_component_ref idref="oc-357"/>
      </symbol>
      <symbol id="sm-85f">
         <name>ldexp</name>
         <value>0x6971</value>
         <object_component_ref idref="oc-357"/>
      </symbol>
      <symbol id="sm-878">
         <name>wcslen</name>
         <value>0x772f</value>
         <object_component_ref idref="oc-278"/>
      </symbol>
      <symbol id="sm-88f">
         <name>__aeabi_dsub</name>
         <value>0x5ea5</value>
         <object_component_ref idref="oc-331"/>
      </symbol>
      <symbol id="sm-890">
         <name>__aeabi_dadd</name>
         <value>0x5eaf</value>
         <object_component_ref idref="oc-331"/>
      </symbol>
      <symbol id="sm-8b2">
         <name>__aeabi_cdcmpeq</name>
         <value>0x6e71</value>
         <object_component_ref idref="oc-255"/>
      </symbol>
      <symbol id="sm-8b3">
         <name>__aeabi_cdcmple</name>
         <value>0x6e71</value>
         <object_component_ref idref="oc-255"/>
      </symbol>
      <symbol id="sm-8b4">
         <name>__aeabi_cdrcmple</name>
         <value>0x6ef7</value>
         <object_component_ref idref="oc-31c"/>
      </symbol>
      <symbol id="sm-8c8">
         <name>__aeabi_ddiv</name>
         <value>0x65e5</value>
         <object_component_ref idref="oc-317"/>
      </symbol>
      <symbol id="sm-8d3">
         <name>__aeabi_dmul</name>
         <value>0x6b91</value>
         <object_component_ref idref="oc-312"/>
      </symbol>
      <symbol id="sm-8dd">
         <name>__aeabi_d2iz</name>
         <value>0x73d5</value>
         <object_component_ref idref="oc-321"/>
      </symbol>
      <symbol id="sm-8e9">
         <name>__aeabi_d2f</name>
         <value>0x70e9</value>
         <object_component_ref idref="oc-2b1"/>
      </symbol>
      <symbol id="sm-8f3">
         <name>__aeabi_i2d</name>
         <value>0x758d</value>
         <object_component_ref idref="oc-32c"/>
      </symbol>
      <symbol id="sm-900">
         <name>__aeabi_uldivmod</name>
         <value>0x6ddb</value>
         <object_component_ref idref="oc-30b"/>
      </symbol>
      <symbol id="sm-928">
         <name>__TI_auto_init_nobinit_nopinit</name>
         <value>0x741d</value>
         <object_component_ref idref="oc-13d"/>
      </symbol>
      <symbol id="sm-932">
         <name>_system_pre_init</name>
         <value>0x7795</value>
         <object_component_ref idref="oc-ac"/>
      </symbol>
      <symbol id="sm-93e">
         <name>C$$EXIT</name>
         <value>0x7799</value>
         <object_component_ref idref="oc-131"/>
      </symbol>
      <symbol id="sm-93f">
         <name>abort</name>
         <value>0x7799</value>
         <object_component_ref idref="oc-131"/>
      </symbol>
      <symbol id="sm-94f">
         <name>__TI_ltoa</name>
         <value>0x72e3</value>
         <object_component_ref idref="oc-326"/>
      </symbol>
      <symbol id="sm-966">
         <name>atoi</name>
         <value>0x7389</value>
         <object_component_ref idref="oc-249"/>
      </symbol>
      <symbol id="sm-976">
         <name>memccpy</name>
         <value>0x7649</value>
         <object_component_ref idref="oc-272"/>
      </symbol>
      <symbol id="sm-986">
         <name>strchr</name>
         <value>0x76df</value>
         <object_component_ref idref="oc-2c8"/>
      </symbol>
      <symbol id="sm-994">
         <name>strcpy</name>
         <value>0x76f5</value>
         <object_component_ref idref="oc-299"/>
      </symbol>
      <symbol id="sm-9a5">
         <name>strcspn</name>
         <value>0x75e5</value>
         <object_component_ref idref="oc-1ef"/>
      </symbol>
      <symbol id="sm-9b3">
         <name>strlen</name>
         <value>0x7709</value>
         <object_component_ref idref="oc-243"/>
      </symbol>
      <symbol id="sm-9c2">
         <name>strrchr</name>
         <value>0x76c7</value>
         <object_component_ref idref="oc-2c2"/>
      </symbol>
      <symbol id="sm-9d4">
         <name>strspn</name>
         <value>0x75bb</value>
         <object_component_ref idref="oc-1e9"/>
      </symbol>
      <symbol id="sm-a34">
         <name>strtold</name>
         <value>0x50f1</value>
         <object_component_ref idref="oc-2ab"/>
      </symbol>
      <symbol id="sm-a35">
         <name>strtod</name>
         <value>0x50f1</value>
         <object_component_ref idref="oc-2ab"/>
      </symbol>
      <symbol id="sm-a59">
         <name>strtol</name>
         <value>0x671d</value>
         <object_component_ref idref="oc-2b6"/>
      </symbol>
      <symbol id="sm-a7f">
         <name>strtoll</name>
         <value>0x5af9</value>
         <object_component_ref idref="oc-2bc"/>
      </symbol>
      <symbol id="sm-a9f">
         <name>strtoul</name>
         <value>0x6a81</value>
         <object_component_ref idref="oc-2a5"/>
      </symbol>
      <symbol id="sm-ac2">
         <name>strtoull</name>
         <value>0x634d</value>
         <object_component_ref idref="oc-29f"/>
      </symbol>
      <symbol id="sm-ad8">
         <name>__aeabi_errno_addr</name>
         <value>0x7785</value>
         <object_component_ref idref="oc-27e"/>
      </symbol>
      <symbol id="sm-ad9">
         <name>errno</name>
         <value>0x20001128</value>
         <object_component_ref idref="oc-367"/>
      </symbol>
      <symbol id="sm-ae3">
         <name>copysign</name>
         <value>0x7665</value>
         <object_component_ref idref="oc-3cb"/>
      </symbol>
      <symbol id="sm-ae4">
         <name>copysignl</name>
         <value>0x7665</value>
         <object_component_ref idref="oc-3cb"/>
      </symbol>
      <symbol id="sm-aee">
         <name>__aeabi_idiv0</name>
         <value>0x490b</value>
         <object_component_ref idref="oc-3b2"/>
      </symbol>
      <symbol id="sm-aef">
         <name>__aeabi_ldiv0</name>
         <value>0x490b</value>
         <object_component_ref idref="oc-3b2"/>
      </symbol>
      <symbol id="sm-af8">
         <name>__aeabi_lmul</name>
         <value>0x7697</value>
         <object_component_ref idref="oc-381"/>
      </symbol>
      <symbol id="sm-af9">
         <name>__TI_static_base__</name>
         <value>0x0</value>
      </symbol>
      <symbol id="sm-afc">
         <name>__mpu_init</name>
         <value>0x0</value>
      </symbol>
      <symbol id="sm-afd">
         <name>_system_post_cinit</name>
         <value>0x0</value>
      </symbol>
   </symbol_table>
   <title>Link successful</title>
</link_info>
