<?xml version="1.0" encoding="ISO-8859-1" ?>
<link_info>
   <banner>TI ARM Linker PC v20.2.5.LTS</banner>
   <copyright>Copyright (c) 1996-2018 Texas Instruments Incorporated</copyright>
   <link_time>0x622bc646</link_time>
   <link_errors>0x0</link_errors>
   <output_file>dhcp.out</output_file>
   <entry_point>
      <name>_c_int00_noargs</name>
      <address>0x754d</address>
   </entry_point>
   <input_file_list>
      <input_file id="fl-2">
         <path>.\</path>
         <kind>object</kind>
         <file>clock.obj</file>
         <name>clock.obj</name>
      </input_file>
      <input_file id="fl-3">
         <path>.\</path>
         <kind>object</kind>
         <file>dhcp.obj</file>
         <name>dhcp.obj</name>
      </input_file>
      <input_file id="fl-4">
         <path>.\</path>
         <kind>object</kind>
         <file>eeprom.obj</file>
         <name>eeprom.obj</name>
      </input_file>
      <input_file id="fl-5">
         <path>.\</path>
         <kind>object</kind>
         <file>eth0.obj</file>
         <name>eth0.obj</name>
      </input_file>
      <input_file id="fl-6">
         <path>.\</path>
         <kind>object</kind>
         <file>ethernet1.obj</file>
         <name>ethernet1.obj</name>
      </input_file>
      <input_file id="fl-7">
         <path>.\</path>
         <kind>object</kind>
         <file>gpio.obj</file>
         <name>gpio.obj</name>
      </input_file>
      <input_file id="fl-8">
         <path>.\</path>
         <kind>object</kind>
         <file>spi0.obj</file>
         <name>spi0.obj</name>
      </input_file>
      <input_file id="fl-9">
         <path>.\</path>
         <kind>object</kind>
         <file>timer.obj</file>
         <name>timer.obj</name>
      </input_file>
      <input_file id="fl-a">
         <path>.\</path>
         <kind>object</kind>
         <file>tm4c123gh6pm_startup_ccs.obj</file>
         <name>tm4c123gh6pm_startup_ccs.obj</name>
      </input_file>
      <input_file id="fl-b">
         <path>.\</path>
         <kind>object</kind>
         <file>uart0.obj</file>
         <name>uart0.obj</name>
      </input_file>
      <input_file id="fl-c">
         <path>.\</path>
         <kind>object</kind>
         <file>wait.obj</file>
         <name>wait.obj</name>
      </input_file>
      <input_file id="fl-10">
         <kind>object</kind>
         <file>&lt;internal&gt;</file>
         <name>&lt;internal&gt;</name>
      </input_file>
      <input_file id="fl-c6">
         <path>C:\ti\ccs1110\ccs\tools\compiler\ti-cgt-arm_20.2.5.LTS\lib\</path>
         <kind>archive</kind>
         <file>rtsv7M4_T_le_v4SPD16_eabi.lib</file>
         <name>sprintf.c.obj</name>
      </input_file>
      <input_file id="fl-c7">
         <path>C:\ti\ccs1110\ccs\tools\compiler\ti-cgt-arm_20.2.5.LTS\lib\</path>
         <kind>archive</kind>
         <file>rtsv7M4_T_le_v4SPD16_eabi.lib</file>
         <name>sscanf.c.obj</name>
      </input_file>
      <input_file id="fl-c8">
         <path>C:\ti\ccs1110\ccs\tools\compiler\ti-cgt-arm_20.2.5.LTS\lib\</path>
         <kind>archive</kind>
         <file>rtsv7M4_T_le_v4SPD16_eabi.lib</file>
         <name>memcpy_t2.asm.obj</name>
      </input_file>
      <input_file id="fl-c9">
         <path>C:\ti\ccs1110\ccs\tools\compiler\ti-cgt-arm_20.2.5.LTS\lib\</path>
         <kind>archive</kind>
         <file>rtsv7M4_T_le_v4SPD16_eabi.lib</file>
         <name>memset_t2.asm.obj</name>
      </input_file>
      <input_file id="fl-ca">
         <path>C:\ti\ccs1110\ccs\tools\compiler\ti-cgt-arm_20.2.5.LTS\lib\</path>
         <kind>archive</kind>
         <file>rtsv7M4_T_le_v4SPD16_eabi.lib</file>
         <name>copy_zero_init.c.obj</name>
      </input_file>
      <input_file id="fl-cb">
         <path>C:\ti\ccs1110\ccs\tools\compiler\ti-cgt-arm_20.2.5.LTS\lib\</path>
         <kind>archive</kind>
         <file>rtsv7M4_T_le_v4SPD16_eabi.lib</file>
         <name>copy_decompress_none.c.obj</name>
      </input_file>
      <input_file id="fl-cc">
         <path>C:\ti\ccs1110\ccs\tools\compiler\ti-cgt-arm_20.2.5.LTS\lib\</path>
         <kind>archive</kind>
         <file>rtsv7M4_T_le_v4SPD16_eabi.lib</file>
         <name>copy_decompress_lzss.c.obj</name>
      </input_file>
      <input_file id="fl-cd">
         <path>C:\ti\ccs1110\ccs\tools\compiler\ti-cgt-arm_20.2.5.LTS\lib\</path>
         <kind>archive</kind>
         <file>rtsv7M4_T_le_v4SPD16_eabi.lib</file>
         <name>ctype.c.obj</name>
      </input_file>
      <input_file id="fl-ce">
         <path>C:\ti\ccs1110\ccs\tools\compiler\ti-cgt-arm_20.2.5.LTS\lib\</path>
         <kind>archive</kind>
         <file>rtsv7M4_T_le_v4SPD16_eabi.lib</file>
         <name>strcmp.c.obj</name>
      </input_file>
      <input_file id="fl-cf">
         <path>C:\ti\ccs1110\ccs\tools\compiler\ti-cgt-arm_20.2.5.LTS\lib\</path>
         <kind>archive</kind>
         <file>rtsv7M4_T_le_v4SPD16_eabi.lib</file>
         <name>strtok.c.obj</name>
      </input_file>
      <input_file id="fl-d0">
         <path>C:\ti\ccs1110\ccs\tools\compiler\ti-cgt-arm_20.2.5.LTS\lib\</path>
         <kind>archive</kind>
         <file>rtsv7M4_T_le_v4SPD16_eabi.lib</file>
         <name>tolower.c.obj</name>
      </input_file>
      <input_file id="fl-d1">
         <path>C:\ti\ccs1110\ccs\tools\compiler\ti-cgt-arm_20.2.5.LTS\lib\</path>
         <kind>archive</kind>
         <file>rtsv7M4_T_le_v4SPD16_eabi.lib</file>
         <name>boot_cortex_m.c.obj</name>
      </input_file>
      <input_file id="fl-d2">
         <path>C:\ti\ccs1110\ccs\tools\compiler\ti-cgt-arm_20.2.5.LTS\lib\</path>
         <kind>archive</kind>
         <file>rtsv7M4_T_le_v4SPD16_eabi.lib</file>
         <name>_printfi.c.obj</name>
      </input_file>
      <input_file id="fl-d3">
         <path>C:\ti\ccs1110\ccs\tools\compiler\ti-cgt-arm_20.2.5.LTS\lib\</path>
         <kind>archive</kind>
         <file>rtsv7M4_T_le_v4SPD16_eabi.lib</file>
         <name>_scanfi.c.obj</name>
      </input_file>
      <input_file id="fl-d4">
         <path>C:\ti\ccs1110\ccs\tools\compiler\ti-cgt-arm_20.2.5.LTS\lib\</path>
         <kind>archive</kind>
         <file>rtsv7M4_T_le_v4SPD16_eabi.lib</file>
         <name>s_frexp.c.obj</name>
      </input_file>
      <input_file id="fl-d5">
         <path>C:\ti\ccs1110\ccs\tools\compiler\ti-cgt-arm_20.2.5.LTS\lib\</path>
         <kind>archive</kind>
         <file>rtsv7M4_T_le_v4SPD16_eabi.lib</file>
         <name>s_scalbn.c.obj</name>
      </input_file>
      <input_file id="fl-d6">
         <path>C:\ti\ccs1110\ccs\tools\compiler\ti-cgt-arm_20.2.5.LTS\lib\</path>
         <kind>archive</kind>
         <file>rtsv7M4_T_le_v4SPD16_eabi.lib</file>
         <name>wcslen.c.obj</name>
      </input_file>
      <input_file id="fl-d7">
         <path>C:\ti\ccs1110\ccs\tools\compiler\ti-cgt-arm_20.2.5.LTS\lib\</path>
         <kind>archive</kind>
         <file>rtsv7M4_T_le_v4SPD16_eabi.lib</file>
         <name>fd_add_t2.asm.obj</name>
      </input_file>
      <input_file id="fl-d8">
         <path>C:\ti\ccs1110\ccs\tools\compiler\ti-cgt-arm_20.2.5.LTS\lib\</path>
         <kind>archive</kind>
         <file>rtsv7M4_T_le_v4SPD16_eabi.lib</file>
         <name>fd_cmp_t2.asm.obj</name>
      </input_file>
      <input_file id="fl-d9">
         <path>C:\ti\ccs1110\ccs\tools\compiler\ti-cgt-arm_20.2.5.LTS\lib\</path>
         <kind>archive</kind>
         <file>rtsv7M4_T_le_v4SPD16_eabi.lib</file>
         <name>fd_div_t2.asm.obj</name>
      </input_file>
      <input_file id="fl-da">
         <path>C:\ti\ccs1110\ccs\tools\compiler\ti-cgt-arm_20.2.5.LTS\lib\</path>
         <kind>archive</kind>
         <file>rtsv7M4_T_le_v4SPD16_eabi.lib</file>
         <name>fd_mul_t2.asm.obj</name>
      </input_file>
      <input_file id="fl-db">
         <path>C:\ti\ccs1110\ccs\tools\compiler\ti-cgt-arm_20.2.5.LTS\lib\</path>
         <kind>archive</kind>
         <file>rtsv7M4_T_le_v4SPD16_eabi.lib</file>
         <name>fd_toi_t2.asm.obj</name>
      </input_file>
      <input_file id="fl-dc">
         <path>C:\ti\ccs1110\ccs\tools\compiler\ti-cgt-arm_20.2.5.LTS\lib\</path>
         <kind>archive</kind>
         <file>rtsv7M4_T_le_v4SPD16_eabi.lib</file>
         <name>fd_tos_t2.asm.obj</name>
      </input_file>
      <input_file id="fl-dd">
         <path>C:\ti\ccs1110\ccs\tools\compiler\ti-cgt-arm_20.2.5.LTS\lib\</path>
         <kind>archive</kind>
         <file>rtsv7M4_T_le_v4SPD16_eabi.lib</file>
         <name>i_tofd_t2.asm.obj</name>
      </input_file>
      <input_file id="fl-de">
         <path>C:\ti\ccs1110\ccs\tools\compiler\ti-cgt-arm_20.2.5.LTS\lib\</path>
         <kind>archive</kind>
         <file>rtsv7M4_T_le_v4SPD16_eabi.lib</file>
         <name>ull_div_t2.asm.obj</name>
      </input_file>
      <input_file id="fl-df">
         <path>C:\ti\ccs1110\ccs\tools\compiler\ti-cgt-arm_20.2.5.LTS\lib\</path>
         <kind>archive</kind>
         <file>rtsv7M4_T_le_v4SPD16_eabi.lib</file>
         <name>autoinit.c.obj</name>
      </input_file>
      <input_file id="fl-e0">
         <path>C:\ti\ccs1110\ccs\tools\compiler\ti-cgt-arm_20.2.5.LTS\lib\</path>
         <kind>archive</kind>
         <file>rtsv7M4_T_le_v4SPD16_eabi.lib</file>
         <name>pre_init.c.obj</name>
      </input_file>
      <input_file id="fl-e1">
         <path>C:\ti\ccs1110\ccs\tools\compiler\ti-cgt-arm_20.2.5.LTS\lib\</path>
         <kind>archive</kind>
         <file>rtsv7M4_T_le_v4SPD16_eabi.lib</file>
         <name>cpy_tbl.c.obj</name>
      </input_file>
      <input_file id="fl-e2">
         <path>C:\ti\ccs1110\ccs\tools\compiler\ti-cgt-arm_20.2.5.LTS\lib\</path>
         <kind>archive</kind>
         <file>rtsv7M4_T_le_v4SPD16_eabi.lib</file>
         <name>exit.c.obj</name>
      </input_file>
      <input_file id="fl-e3">
         <path>C:\ti\ccs1110\ccs\tools\compiler\ti-cgt-arm_20.2.5.LTS\lib\</path>
         <kind>archive</kind>
         <file>rtsv7M4_T_le_v4SPD16_eabi.lib</file>
         <name>_lock.c.obj</name>
      </input_file>
      <input_file id="fl-e4">
         <path>C:\ti\ccs1110\ccs\tools\compiler\ti-cgt-arm_20.2.5.LTS\lib\</path>
         <kind>archive</kind>
         <file>rtsv7M4_T_le_v4SPD16_eabi.lib</file>
         <name>_ltoa.c.obj</name>
      </input_file>
      <input_file id="fl-e5">
         <path>C:\ti\ccs1110\ccs\tools\compiler\ti-cgt-arm_20.2.5.LTS\lib\</path>
         <kind>archive</kind>
         <file>rtsv7M4_T_le_v4SPD16_eabi.lib</file>
         <name>args_main.c.obj</name>
      </input_file>
      <input_file id="fl-e6">
         <path>C:\ti\ccs1110\ccs\tools\compiler\ti-cgt-arm_20.2.5.LTS\lib\</path>
         <kind>archive</kind>
         <file>rtsv7M4_T_le_v4SPD16_eabi.lib</file>
         <name>atoi.c.obj</name>
      </input_file>
      <input_file id="fl-e7">
         <path>C:\ti\ccs1110\ccs\tools\compiler\ti-cgt-arm_20.2.5.LTS\lib\</path>
         <kind>archive</kind>
         <file>rtsv7M4_T_le_v4SPD16_eabi.lib</file>
         <name>memccpy.c.obj</name>
      </input_file>
      <input_file id="fl-e8">
         <path>C:\ti\ccs1110\ccs\tools\compiler\ti-cgt-arm_20.2.5.LTS\lib\</path>
         <kind>archive</kind>
         <file>rtsv7M4_T_le_v4SPD16_eabi.lib</file>
         <name>strchr.c.obj</name>
      </input_file>
      <input_file id="fl-e9">
         <path>C:\ti\ccs1110\ccs\tools\compiler\ti-cgt-arm_20.2.5.LTS\lib\</path>
         <kind>archive</kind>
         <file>rtsv7M4_T_le_v4SPD16_eabi.lib</file>
         <name>strcpy.c.obj</name>
      </input_file>
      <input_file id="fl-ea">
         <path>C:\ti\ccs1110\ccs\tools\compiler\ti-cgt-arm_20.2.5.LTS\lib\</path>
         <kind>archive</kind>
         <file>rtsv7M4_T_le_v4SPD16_eabi.lib</file>
         <name>strcspn.c.obj</name>
      </input_file>
      <input_file id="fl-eb">
         <path>C:\ti\ccs1110\ccs\tools\compiler\ti-cgt-arm_20.2.5.LTS\lib\</path>
         <kind>archive</kind>
         <file>rtsv7M4_T_le_v4SPD16_eabi.lib</file>
         <name>strlen.c.obj</name>
      </input_file>
      <input_file id="fl-ec">
         <path>C:\ti\ccs1110\ccs\tools\compiler\ti-cgt-arm_20.2.5.LTS\lib\</path>
         <kind>archive</kind>
         <file>rtsv7M4_T_le_v4SPD16_eabi.lib</file>
         <name>strrchr.c.obj</name>
      </input_file>
      <input_file id="fl-ed">
         <path>C:\ti\ccs1110\ccs\tools\compiler\ti-cgt-arm_20.2.5.LTS\lib\</path>
         <kind>archive</kind>
         <file>rtsv7M4_T_le_v4SPD16_eabi.lib</file>
         <name>strspn.c.obj</name>
      </input_file>
      <input_file id="fl-ee">
         <path>C:\ti\ccs1110\ccs\tools\compiler\ti-cgt-arm_20.2.5.LTS\lib\</path>
         <kind>archive</kind>
         <file>rtsv7M4_T_le_v4SPD16_eabi.lib</file>
         <name>strtod.c.obj</name>
      </input_file>
      <input_file id="fl-ef">
         <path>C:\ti\ccs1110\ccs\tools\compiler\ti-cgt-arm_20.2.5.LTS\lib\</path>
         <kind>archive</kind>
         <file>rtsv7M4_T_le_v4SPD16_eabi.lib</file>
         <name>strtol.c.obj</name>
      </input_file>
      <input_file id="fl-f0">
         <path>C:\ti\ccs1110\ccs\tools\compiler\ti-cgt-arm_20.2.5.LTS\lib\</path>
         <kind>archive</kind>
         <file>rtsv7M4_T_le_v4SPD16_eabi.lib</file>
         <name>strtoll.c.obj</name>
      </input_file>
      <input_file id="fl-f1">
         <path>C:\ti\ccs1110\ccs\tools\compiler\ti-cgt-arm_20.2.5.LTS\lib\</path>
         <kind>archive</kind>
         <file>rtsv7M4_T_le_v4SPD16_eabi.lib</file>
         <name>strtoul.c.obj</name>
      </input_file>
      <input_file id="fl-f2">
         <path>C:\ti\ccs1110\ccs\tools\compiler\ti-cgt-arm_20.2.5.LTS\lib\</path>
         <kind>archive</kind>
         <file>rtsv7M4_T_le_v4SPD16_eabi.lib</file>
         <name>strtoull.c.obj</name>
      </input_file>
      <input_file id="fl-f3">
         <path>C:\ti\ccs1110\ccs\tools\compiler\ti-cgt-arm_20.2.5.LTS\lib\</path>
         <kind>archive</kind>
         <file>rtsv7M4_T_le_v4SPD16_eabi.lib</file>
         <name>errno.c.obj</name>
      </input_file>
      <input_file id="fl-f4">
         <path>C:\ti\ccs1110\ccs\tools\compiler\ti-cgt-arm_20.2.5.LTS\lib\</path>
         <kind>archive</kind>
         <file>rtsv7M4_T_le_v4SPD16_eabi.lib</file>
         <name>s_copysign.c.obj</name>
      </input_file>
      <input_file id="fl-f5">
         <path>C:\ti\ccs1110\ccs\tools\compiler\ti-cgt-arm_20.2.5.LTS\lib\</path>
         <kind>archive</kind>
         <file>rtsv7M4_T_le_v4SPD16_eabi.lib</file>
         <name>div0.asm.obj</name>
      </input_file>
      <input_file id="fl-f6">
         <path>C:\ti\ccs1110\ccs\tools\compiler\ti-cgt-arm_20.2.5.LTS\lib\</path>
         <kind>archive</kind>
         <file>rtsv7M4_T_le_v4SPD16_eabi.lib</file>
         <name>ll_mul_t2.asm.obj</name>
      </input_file>
   </input_file_list>
   <object_component_list>
      <object_component id="oc-12">
         <name>.intvecs</name>
         <load_address>0x0</load_address>
         <run_address>0x0</run_address>
         <size>0x26c</size>
         <input_file_ref idref="fl-a"/>
      </object_component>
      <object_component id="oc-ea">
         <name>.text</name>
         <load_address>0x26c</load_address>
         <run_address>0x26c</run_address>
         <size>0x13a4</size>
         <input_file_ref idref="fl-5"/>
      </object_component>
      <object_component id="oc-f0">
         <name>.text</name>
         <load_address>0x1610</load_address>
         <run_address>0x1610</run_address>
         <size>0x128c</size>
         <input_file_ref idref="fl-3"/>
      </object_component>
      <object_component id="oc-1cf">
         <name>.text:__TI_scanfi</name>
         <load_address>0x289c</load_address>
         <run_address>0x289c</run_address>
         <size>0xb14</size>
         <input_file_ref idref="fl-d3"/>
      </object_component>
      <object_component id="oc-b2">
         <name>.text</name>
         <load_address>0x33b0</load_address>
         <run_address>0x33b0</run_address>
         <size>0xb00</size>
         <input_file_ref idref="fl-6"/>
      </object_component>
      <object_component id="oc-1b0">
         <name>.text:__TI_printfi</name>
         <load_address>0x3eb0</load_address>
         <run_address>0x3eb0</run_address>
         <size>0xa4e</size>
         <input_file_ref idref="fl-d2"/>
      </object_component>
      <object_component id="oc-3b2">
         <name>.text</name>
         <load_address>0x48fe</load_address>
         <run_address>0x48fe</run_address>
         <size>0x2</size>
         <input_file_ref idref="fl-f5"/>
      </object_component>
      <object_component id="oc-e4">
         <name>.text</name>
         <load_address>0x4900</load_address>
         <run_address>0x4900</run_address>
         <size>0x7e4</size>
         <input_file_ref idref="fl-7"/>
      </object_component>
      <object_component id="oc-2ab">
         <name>.text:strtod</name>
         <load_address>0x50e4</load_address>
         <run_address>0x50e4</run_address>
         <size>0x460</size>
         <input_file_ref idref="fl-ee"/>
      </object_component>
      <object_component id="oc-2d">
         <name>.text</name>
         <load_address>0x5544</load_address>
         <run_address>0x5544</run_address>
         <size>0x338</size>
         <input_file_ref idref="fl-9"/>
      </object_component>
      <object_component id="oc-26c">
         <name>.text:_pconv_a</name>
         <load_address>0x587c</load_address>
         <run_address>0x587c</run_address>
         <size>0x270</size>
         <input_file_ref idref="fl-d2"/>
      </object_component>
      <object_component id="oc-2bc">
         <name>.text:strtoll</name>
         <load_address>0x5aec</load_address>
         <run_address>0x5aec</run_address>
         <size>0x1dc</size>
         <input_file_ref idref="fl-f0"/>
      </object_component>
      <object_component id="oc-25a">
         <name>.text:_pconv_g</name>
         <load_address>0x5cc8</load_address>
         <run_address>0x5cc8</run_address>
         <size>0x1d0</size>
         <input_file_ref idref="fl-d2"/>
      </object_component>
      <object_component id="oc-331">
         <name>.text</name>
         <load_address>0x5e98</load_address>
         <run_address>0x5e98</run_address>
         <size>0x1b6</size>
         <input_file_ref idref="fl-d7"/>
      </object_component>
      <object_component id="oc-f9">
         <name>.text</name>
         <load_address>0x6050</load_address>
         <run_address>0x6050</run_address>
         <size>0x190</size>
         <input_file_ref idref="fl-b"/>
      </object_component>
      <object_component id="oc-180">
         <name>.text</name>
         <load_address>0x61e0</load_address>
         <run_address>0x61e0</run_address>
         <size>0x160</size>
         <input_file_ref idref="fl-8"/>
      </object_component>
      <object_component id="oc-29f">
         <name>.text:strtoull</name>
         <load_address>0x6340</load_address>
         <run_address>0x6340</run_address>
         <size>0x15c</size>
         <input_file_ref idref="fl-f2"/>
      </object_component>
      <object_component id="oc-266">
         <name>.text:_pconv_e</name>
         <load_address>0x649c</load_address>
         <run_address>0x649c</run_address>
         <size>0x13c</size>
         <input_file_ref idref="fl-d2"/>
      </object_component>
      <object_component id="oc-317">
         <name>.text</name>
         <load_address>0x65d8</load_address>
         <run_address>0x65d8</run_address>
         <size>0x136</size>
         <input_file_ref idref="fl-d9"/>
      </object_component>
      <object_component id="oc-2b6">
         <name>.text:strtol</name>
         <load_address>0x6710</load_address>
         <run_address>0x6710</run_address>
         <size>0x130</size>
         <input_file_ref idref="fl-ef"/>
      </object_component>
      <object_component id="oc-343">
         <name>.text:fcvt</name>
         <load_address>0x6840</load_address>
         <run_address>0x6840</run_address>
         <size>0x124</size>
         <input_file_ref idref="fl-d2"/>
      </object_component>
      <object_component id="oc-357">
         <name>.text:scalbn</name>
         <load_address>0x6964</load_address>
         <run_address>0x6964</run_address>
         <size>0x110</size>
         <input_file_ref idref="fl-d5"/>
      </object_component>
      <object_component id="oc-2a5">
         <name>.text:strtoul</name>
         <load_address>0x6a74</load_address>
         <run_address>0x6a74</run_address>
         <size>0x110</size>
         <input_file_ref idref="fl-f1"/>
      </object_component>
      <object_component id="oc-312">
         <name>.text</name>
         <load_address>0x6b84</load_address>
         <run_address>0x6b84</run_address>
         <size>0xfc</size>
         <input_file_ref idref="fl-da"/>
      </object_component>
      <object_component id="oc-24f">
         <name>.text:_ltostr</name>
         <load_address>0x6c80</load_address>
         <run_address>0x6c80</run_address>
         <size>0xb1</size>
         <input_file_ref idref="fl-d2"/>
      </object_component>
      <object_component id="oc-41">
         <name>.text</name>
         <load_address>0x6d32</load_address>
         <run_address>0x6d32</run_address>
         <size>0x9c</size>
         <input_file_ref idref="fl-c8"/>
      </object_component>
      <object_component id="oc-30b">
         <name>.text</name>
         <load_address>0x6dce</load_address>
         <run_address>0x6dce</run_address>
         <size>0x96</size>
         <input_file_ref idref="fl-de"/>
      </object_component>
      <object_component id="oc-255">
         <name>.text:__aeabi_cdcmple</name>
         <load_address>0x6e64</load_address>
         <run_address>0x6e64</run_address>
         <size>0x86</size>
         <input_file_ref idref="fl-d8"/>
      </object_component>
      <object_component id="oc-31c">
         <name>.text:__aeabi_cdrcmple</name>
         <load_address>0x6eea</load_address>
         <run_address>0x6eea</run_address>
         <size>0x86</size>
         <input_file_ref idref="fl-d8"/>
      </object_component>
      <object_component id="oc-105">
         <name>.text</name>
         <load_address>0x6f70</load_address>
         <run_address>0x6f70</run_address>
         <size>0x84</size>
         <input_file_ref idref="fl-4"/>
      </object_component>
      <object_component id="oc-a6">
         <name>.text</name>
         <load_address>0x6ff4</load_address>
         <run_address>0x6ff4</run_address>
         <size>0x7a</size>
         <input_file_ref idref="fl-c9"/>
      </object_component>
      <object_component id="oc-33c">
         <name>.text:_mcpy</name>
         <load_address>0x706e</load_address>
         <run_address>0x706e</run_address>
         <size>0x6e</size>
         <input_file_ref idref="fl-d2"/>
      </object_component>
      <object_component id="oc-2b1">
         <name>.text</name>
         <load_address>0x70dc</load_address>
         <run_address>0x70dc</run_address>
         <size>0x6e</size>
         <input_file_ref idref="fl-dc"/>
      </object_component>
      <object_component id="oc-1e1">
         <name>.text:_chkmbc</name>
         <load_address>0x714c</load_address>
         <run_address>0x714c</run_address>
         <size>0x68</size>
         <input_file_ref idref="fl-c7"/>
      </object_component>
      <object_component id="oc-15">
         <name>.text:decompress:lzss:__TI_decompress_lzss</name>
         <load_address>0x71b4</load_address>
         <run_address>0x71b4</run_address>
         <size>0x68</size>
         <input_file_ref idref="fl-cc"/>
      </object_component>
      <object_component id="oc-351">
         <name>.text:frexp</name>
         <load_address>0x721c</load_address>
         <run_address>0x721c</run_address>
         <size>0x64</size>
         <input_file_ref idref="fl-d4"/>
      </object_component>
      <object_component id="oc-260">
         <name>.text:_pconv_f</name>
         <load_address>0x7280</load_address>
         <run_address>0x7280</run_address>
         <size>0x56</size>
         <input_file_ref idref="fl-d2"/>
      </object_component>
      <object_component id="oc-326">
         <name>.text:__TI_ltoa</name>
         <load_address>0x72d6</load_address>
         <run_address>0x72d6</run_address>
         <size>0x54</size>
         <input_file_ref idref="fl-e4"/>
      </object_component>
      <object_component id="oc-336">
         <name>.text:_ecpy</name>
         <load_address>0x732a</load_address>
         <run_address>0x732a</run_address>
         <size>0x52</size>
         <input_file_ref idref="fl-d2"/>
      </object_component>
      <object_component id="oc-249">
         <name>.text:atoi</name>
         <load_address>0x737c</load_address>
         <run_address>0x737c</run_address>
         <size>0x4c</size>
         <input_file_ref idref="fl-e6"/>
      </object_component>
      <object_component id="oc-321">
         <name>.text</name>
         <load_address>0x73c8</load_address>
         <run_address>0x73c8</run_address>
         <size>0x48</size>
         <input_file_ref idref="fl-db"/>
      </object_component>
      <object_component id="oc-13d">
         <name>.text:__TI_auto_init_nobinit_nopinit:__TI_auto_init_nobinit_nopinit</name>
         <load_address>0x7410</load_address>
         <run_address>0x7410</run_address>
         <size>0x44</size>
         <input_file_ref idref="fl-df"/>
      </object_component>
      <object_component id="oc-ff">
         <name>.text:sprintf</name>
         <load_address>0x7454</load_address>
         <run_address>0x7454</run_address>
         <size>0x40</size>
         <input_file_ref idref="fl-c6"/>
      </object_component>
      <object_component id="oc-117">
         <name>.text:strtok</name>
         <load_address>0x7494</load_address>
         <run_address>0x7494</run_address>
         <size>0x40</size>
         <input_file_ref idref="fl-cf"/>
      </object_component>
      <object_component id="oc-349">
         <name>.text:_fcpy</name>
         <load_address>0x74d4</load_address>
         <run_address>0x74d4</run_address>
         <size>0x3e</size>
         <input_file_ref idref="fl-d2"/>
      </object_component>
      <object_component id="oc-111">
         <name>.text:sscanf</name>
         <load_address>0x7514</load_address>
         <run_address>0x7514</run_address>
         <size>0x38</size>
         <input_file_ref idref="fl-c7"/>
      </object_component>
      <object_component id="oc-5f">
         <name>.text:_c_int00_noargs:_c_int00_noargs</name>
         <load_address>0x754c</load_address>
         <run_address>0x754c</run_address>
         <size>0x34</size>
         <input_file_ref idref="fl-d1"/>
      </object_component>
      <object_component id="oc-32c">
         <name>.text</name>
         <load_address>0x7580</load_address>
         <run_address>0x7580</run_address>
         <size>0x2e</size>
         <input_file_ref idref="fl-dd"/>
      </object_component>
      <object_component id="oc-1e9">
         <name>.text:strspn</name>
         <load_address>0x75ae</load_address>
         <run_address>0x75ae</run_address>
         <size>0x2a</size>
         <input_file_ref idref="fl-ed"/>
      </object_component>
      <object_component id="oc-1ef">
         <name>.text:strcspn</name>
         <load_address>0x75d8</load_address>
         <run_address>0x75d8</run_address>
         <size>0x24</size>
         <input_file_ref idref="fl-ea"/>
      </object_component>
      <object_component id="oc-12a">
         <name>.text</name>
         <load_address>0x75fc</load_address>
         <run_address>0x75fc</run_address>
         <size>0x24</size>
         <input_file_ref idref="fl-c"/>
      </object_component>
      <object_component id="oc-4d">
         <name>.text:decompress:ZI:__TI_zero_init_nomemset:__TI_zero_init_nomemset</name>
         <load_address>0x7620</load_address>
         <run_address>0x7620</run_address>
         <size>0x1c</size>
         <input_file_ref idref="fl-ca"/>
      </object_component>
      <object_component id="oc-272">
         <name>.text:memccpy</name>
         <load_address>0x763c</load_address>
         <run_address>0x763c</run_address>
         <size>0x1c</size>
         <input_file_ref idref="fl-e7"/>
      </object_component>
      <object_component id="oc-3cb">
         <name>.text:copysign</name>
         <load_address>0x7658</load_address>
         <run_address>0x7658</run_address>
         <size>0x1a</size>
         <input_file_ref idref="fl-f4"/>
      </object_component>
      <object_component id="oc-1b6">
         <name>.text:_outs</name>
         <load_address>0x7672</load_address>
         <run_address>0x7672</run_address>
         <size>0x18</size>
         <input_file_ref idref="fl-c6"/>
      </object_component>
      <object_component id="oc-381">
         <name>.text</name>
         <load_address>0x768a</load_address>
         <run_address>0x768a</run_address>
         <size>0x18</size>
         <input_file_ref idref="fl-f6"/>
      </object_component>
      <object_component id="oc-11d">
         <name>.text:strcmp</name>
         <load_address>0x76a2</load_address>
         <run_address>0x76a2</run_address>
         <size>0x18</size>
         <input_file_ref idref="fl-ce"/>
      </object_component>
      <object_component id="oc-2c2">
         <name>.text:strrchr</name>
         <load_address>0x76ba</load_address>
         <run_address>0x76ba</run_address>
         <size>0x18</size>
         <input_file_ref idref="fl-ec"/>
      </object_component>
      <object_component id="oc-2c8">
         <name>.text:strchr</name>
         <load_address>0x76d2</load_address>
         <run_address>0x76d2</run_address>
         <size>0x16</size>
         <input_file_ref idref="fl-e8"/>
      </object_component>
      <object_component id="oc-299">
         <name>.text:strcpy</name>
         <load_address>0x76e8</load_address>
         <run_address>0x76e8</run_address>
         <size>0x14</size>
         <input_file_ref idref="fl-e9"/>
      </object_component>
      <object_component id="oc-243">
         <name>.text:strlen</name>
         <load_address>0x76fc</load_address>
         <run_address>0x76fc</run_address>
         <size>0x14</size>
         <input_file_ref idref="fl-eb"/>
      </object_component>
      <object_component id="oc-1d5">
         <name>.text:_inpchar</name>
         <load_address>0x7710</load_address>
         <run_address>0x7710</run_address>
         <size>0x12</size>
         <input_file_ref idref="fl-c7"/>
      </object_component>
      <object_component id="oc-278">
         <name>.text:wcslen</name>
         <load_address>0x7722</load_address>
         <run_address>0x7722</run_address>
         <size>0x12</size>
         <input_file_ref idref="fl-d6"/>
      </object_component>
      <object_component id="oc-de">
         <name>.text</name>
         <load_address>0x7734</load_address>
         <run_address>0x7734</run_address>
         <size>0x10</size>
         <input_file_ref idref="fl-2"/>
      </object_component>
      <object_component id="oc-10b">
         <name>.text:tolower</name>
         <load_address>0x7744</load_address>
         <run_address>0x7744</run_address>
         <size>0x10</size>
         <input_file_ref idref="fl-d0"/>
      </object_component>
      <object_component id="oc-1b">
         <name>.text:decompress:none:__TI_decompress_none</name>
         <load_address>0x7754</load_address>
         <run_address>0x7754</run_address>
         <size>0xe</size>
         <input_file_ref idref="fl-cb"/>
      </object_component>
      <object_component id="oc-27">
         <name>.text</name>
         <load_address>0x7762</load_address>
         <run_address>0x7762</run_address>
         <size>0xc</size>
         <input_file_ref idref="fl-a"/>
      </object_component>
      <object_component id="oc-1bc">
         <name>.text:_outc</name>
         <load_address>0x776e</load_address>
         <run_address>0x776e</run_address>
         <size>0xa</size>
         <input_file_ref idref="fl-c6"/>
      </object_component>
      <object_component id="oc-27e">
         <name>.text:__aeabi_errno_addr</name>
         <load_address>0x7778</load_address>
         <run_address>0x7778</run_address>
         <size>0x8</size>
         <input_file_ref idref="fl-f3"/>
      </object_component>
      <object_component id="oc-1db">
         <name>.text:_uninpchar</name>
         <load_address>0x7780</load_address>
         <run_address>0x7780</run_address>
         <size>0x8</size>
         <input_file_ref idref="fl-c7"/>
      </object_component>
      <object_component id="oc-ac">
         <name>.text:_system_pre_init</name>
         <load_address>0x7788</load_address>
         <run_address>0x7788</run_address>
         <size>0x4</size>
         <input_file_ref idref="fl-e0"/>
      </object_component>
      <object_component id="oc-131">
         <name>.text:abort:abort</name>
         <load_address>0x778c</load_address>
         <run_address>0x778c</run_address>
         <size>0x4</size>
         <input_file_ref idref="fl-e2"/>
      </object_component>
      <object_component id="oc-1ca">
         <name>.const:.string:_ctypes_</name>
         <load_address>0x7790</load_address>
         <run_address>0x7790</run_address>
         <size>0x101</size>
         <input_file_ref idref="fl-cd"/>
      </object_component>
      <object_component id="oc-38a">
         <name>.const:$O1$$</name>
         <load_address>0x7898</load_address>
         <run_address>0x7898</run_address>
         <size>0xc8</size>
         <input_file_ref idref="fl-ee"/>
      </object_component>
      <object_component id="oc-2ce">
         <name>.const:$O1$$</name>
         <load_address>0x7960</load_address>
         <run_address>0x7960</run_address>
         <size>0x10</size>
         <input_file_ref idref="fl-d3"/>
      </object_component>
      <object_component id="oc-430">
         <name>.cinit..data.load</name>
         <load_address>0x7970</load_address>
         <run_address>0x7970</run_address>
         <size>0x19</size>
      </object_component>
      <object_component id="oc-42e">
         <name>__TI_handler_table</name>
         <load_address>0x798c</load_address>
         <run_address>0x798c</run_address>
         <size>0xc</size>
      </object_component>
      <object_component id="oc-431">
         <name>.cinit..bss.load</name>
         <load_address>0x7998</load_address>
         <run_address>0x7998</run_address>
         <size>0x8</size>
      </object_component>
      <object_component id="oc-42f">
         <name>__TI_cinit_table</name>
         <load_address>0x79a0</load_address>
         <run_address>0x79a0</run_address>
         <size>0x10</size>
      </object_component>
      <object_component id="oc-1a0">
         <name>.data</name>
         <load_address>0x200010e4</load_address>
         <run_address>0x200010e4</run_address>
         <size>0xc</size>
         <input_file_ref idref="fl-3"/>
      </object_component>
      <object_component id="oc-1a8">
         <name>.data:dhcpOfferedIpAdd</name>
         <load_address>0x200010fd</load_address>
         <run_address>0x200010fd</run_address>
         <size>0x4</size>
         <input_file_ref idref="fl-3"/>
      </object_component>
      <object_component id="oc-1a5">
         <name>.data:dhcpServerIpAdd</name>
         <load_address>0x20001105</load_address>
         <run_address>0x20001105</run_address>
         <size>0x4</size>
         <input_file_ref idref="fl-3"/>
      </object_component>
      <object_component id="oc-186">
         <name>.data</name>
         <load_address>0x2000110d</load_address>
         <run_address>0x2000110d</run_address>
         <size>0x4</size>
         <input_file_ref idref="fl-5"/>
      </object_component>
      <object_component id="oc-18c">
         <name>.data:hwAddress</name>
         <load_address>0x200010f0</load_address>
         <run_address>0x200010f0</run_address>
         <size>0x6</size>
         <input_file_ref idref="fl-5"/>
      </object_component>
      <object_component id="oc-189">
         <name>.data:ipAddress</name>
         <load_address>0x20001111</load_address>
         <run_address>0x20001111</run_address>
         <size>0x4</size>
         <input_file_ref idref="fl-5"/>
      </object_component>
      <object_component id="oc-18f">
         <name>.data:ipSubnetMask</name>
         <load_address>0x2000111d</load_address>
         <run_address>0x2000111d</run_address>
         <size>0x4</size>
         <input_file_ref idref="fl-5"/>
      </object_component>
      <object_component id="oc-192">
         <name>.data:ipGwAddress</name>
         <load_address>0x20001119</load_address>
         <run_address>0x20001119</run_address>
         <size>0x4</size>
         <input_file_ref idref="fl-5"/>
      </object_component>
      <object_component id="oc-195">
         <name>.data:ipDnsAddress</name>
         <load_address>0x20001115</load_address>
         <run_address>0x20001115</run_address>
         <size>0x4</size>
         <input_file_ref idref="fl-5"/>
      </object_component>
      <object_component id="oc-198">
         <name>.data:ipTimeServerAddress</name>
         <load_address>0x20001121</load_address>
         <run_address>0x20001121</run_address>
         <size>0x4</size>
         <input_file_ref idref="fl-5"/>
      </object_component>
      <object_component id="oc-19b">
         <name>.data:dhcpServerAddress</name>
         <load_address>0x20001101</load_address>
         <run_address>0x20001101</run_address>
         <size>0x4</size>
         <input_file_ref idref="fl-5"/>
      </object_component>
      <object_component id="oc-123">
         <name>.data</name>
         <load_address>0x200010f8</load_address>
         <run_address>0x200010f8</run_address>
         <size>0x5</size>
         <input_file_ref idref="fl-6"/>
      </object_component>
      <object_component id="oc-f6">
         <name>.data:dummy</name>
         <load_address>0x20001109</load_address>
         <run_address>0x20001109</run_address>
         <size>0x4</size>
         <input_file_ref idref="fl-6"/>
      </object_component>
      <object_component id="oc-1f5">
         <name>.data</name>
         <load_address>0x2000112c</load_address>
         <run_address>0x2000112c</run_address>
         <size>0x4</size>
         <input_file_ref idref="fl-cf"/>
      </object_component>
      <object_component id="oc-367">
         <name>.data</name>
         <load_address>0x20001128</load_address>
         <run_address>0x20001128</run_address>
         <size>0x4</size>
         <input_file_ref idref="fl-f3"/>
      </object_component>
      <object_component id="oc-1a4">
         <name>.common:lease</name>
         <uninitialized>true</uninitialized>
         <run_address>0x200010d8</run_address>
         <size>0x4</size>
      </object_component>
      <object_component id="oc-1a3">
         <name>.common:requestBit</name>
         <uninitialized>true</uninitialized>
         <run_address>0x200010e0</run_address>
         <size>0x1</size>
      </object_component>
      <object_component id="oc-126">
         <name>.common:strInput</name>
         <uninitialized>true</uninitialized>
         <run_address>0x20001000</run_address>
         <size>0x54</size>
      </object_component>
      <object_component id="oc-129">
         <name>.common:token</name>
         <uninitialized>true</uninitialized>
         <run_address>0x200010dc</run_address>
         <size>0x4</size>
      </object_component>
      <object_component id="oc-78">
         <name>.common:fn</name>
         <uninitialized>true</uninitialized>
         <run_address>0x20001054</run_address>
         <size>0x28</size>
      </object_component>
      <object_component id="oc-74">
         <name>.common:period</name>
         <uninitialized>true</uninitialized>
         <run_address>0x2000107c</run_address>
         <size>0x28</size>
      </object_component>
      <object_component id="oc-77">
         <name>.common:ticks</name>
         <uninitialized>true</uninitialized>
         <run_address>0x200010a4</run_address>
         <size>0x28</size>
      </object_component>
      <object_component id="oc-79">
         <name>.common:reload</name>
         <uninitialized>true</uninitialized>
         <run_address>0x200010cc</run_address>
         <size>0xc</size>
      </object_component>
      <object_component id="oc-24">
         <name>.stack</name>
         <uninitialized>true</uninitialized>
         <run_address>0x20000000</run_address>
         <size>0x4</size>
         <input_file_ref idref="fl-d1"/>
      </object_component>
      <object_component id="oc-433">
         <name>.stack</name>
         <uninitialized>true</uninitialized>
         <run_address>0x20000000</run_address>
         <size>0x0</size>
      </object_component>
      <object_component id="oc-cd">
         <name>.debug_info</name>
         <load_address>0x0</load_address>
         <run_address>0x0</run_address>
         <size>0x252</size>
         <input_file_ref idref="fl-2"/>
      </object_component>
      <object_component id="oc-df">
         <name>.debug_info</name>
         <load_address>0x252</load_address>
         <run_address>0x252</run_address>
         <size>0x10f</size>
         <input_file_ref idref="fl-2"/>
      </object_component>
      <object_component id="oc-8c">
         <name>.debug_info</name>
         <load_address>0x361</load_address>
         <run_address>0x361</run_address>
         <size>0x26b</size>
         <input_file_ref idref="fl-2"/>
      </object_component>
      <object_component id="oc-3c">
         <name>.debug_info</name>
         <load_address>0x5cc</load_address>
         <run_address>0x5cc</run_address>
         <size>0x84</size>
         <input_file_ref idref="fl-2"/>
      </object_component>
      <object_component id="oc-c6">
         <name>.debug_info</name>
         <load_address>0x650</load_address>
         <run_address>0x650</run_address>
         <size>0x2a4</size>
         <input_file_ref idref="fl-2"/>
      </object_component>
      <object_component id="oc-7b">
         <name>.debug_info</name>
         <load_address>0x8f4</load_address>
         <run_address>0x8f4</run_address>
         <size>0xbb</size>
         <input_file_ref idref="fl-2"/>
      </object_component>
      <object_component id="oc-cb">
         <name>.debug_info</name>
         <load_address>0x9af</load_address>
         <run_address>0x9af</run_address>
         <size>0x80e</size>
         <input_file_ref idref="fl-3"/>
      </object_component>
      <object_component id="oc-1a1">
         <name>.debug_info</name>
         <load_address>0x11bd</load_address>
         <run_address>0x11bd</run_address>
         <size>0x169</size>
         <input_file_ref idref="fl-3"/>
      </object_component>
      <object_component id="oc-1a9">
         <name>.debug_info</name>
         <load_address>0x1326</load_address>
         <run_address>0x1326</run_address>
         <size>0xd6</size>
         <input_file_ref idref="fl-3"/>
      </object_component>
      <object_component id="oc-1a6">
         <name>.debug_info</name>
         <load_address>0x13fc</load_address>
         <run_address>0x13fc</run_address>
         <size>0xd4</size>
         <input_file_ref idref="fl-3"/>
      </object_component>
      <object_component id="oc-f1">
         <name>.debug_info</name>
         <load_address>0x14d0</load_address>
         <run_address>0x14d0</run_address>
         <size>0x14f7</size>
         <input_file_ref idref="fl-3"/>
      </object_component>
      <object_component id="oc-80">
         <name>.debug_info</name>
         <load_address>0x29c7</load_address>
         <run_address>0x29c7</run_address>
         <size>0x8b</size>
         <input_file_ref idref="fl-3"/>
      </object_component>
      <object_component id="oc-85">
         <name>.debug_info</name>
         <load_address>0x2a52</load_address>
         <run_address>0x2a52</run_address>
         <size>0x2c</size>
         <input_file_ref idref="fl-3"/>
      </object_component>
      <object_component id="oc-1c4">
         <name>.debug_info</name>
         <load_address>0x2a7e</load_address>
         <run_address>0x2a7e</run_address>
         <size>0x2c</size>
         <input_file_ref idref="fl-3"/>
      </object_component>
      <object_component id="oc-171">
         <name>.debug_info</name>
         <load_address>0x2aaa</load_address>
         <run_address>0x2aaa</run_address>
         <size>0x5d1</size>
         <input_file_ref idref="fl-3"/>
      </object_component>
      <object_component id="oc-109">
         <name>.debug_info</name>
         <load_address>0x307b</load_address>
         <run_address>0x307b</run_address>
         <size>0x1f7</size>
         <input_file_ref idref="fl-4"/>
      </object_component>
      <object_component id="oc-19f">
         <name>.debug_info</name>
         <load_address>0x3272</load_address>
         <run_address>0x3272</run_address>
         <size>0x4b2</size>
         <input_file_ref idref="fl-5"/>
      </object_component>
      <object_component id="oc-187">
         <name>.debug_info</name>
         <load_address>0x3724</load_address>
         <run_address>0x3724</run_address>
         <size>0x147</size>
         <input_file_ref idref="fl-5"/>
      </object_component>
      <object_component id="oc-18d">
         <name>.debug_info</name>
         <load_address>0x386b</load_address>
         <run_address>0x386b</run_address>
         <size>0xc8</size>
         <input_file_ref idref="fl-5"/>
      </object_component>
      <object_component id="oc-18a">
         <name>.debug_info</name>
         <load_address>0x3933</load_address>
         <run_address>0x3933</run_address>
         <size>0xc8</size>
         <input_file_ref idref="fl-5"/>
      </object_component>
      <object_component id="oc-190">
         <name>.debug_info</name>
         <load_address>0x39fb</load_address>
         <run_address>0x39fb</run_address>
         <size>0xce</size>
         <input_file_ref idref="fl-5"/>
      </object_component>
      <object_component id="oc-193">
         <name>.debug_info</name>
         <load_address>0x3ac9</load_address>
         <run_address>0x3ac9</run_address>
         <size>0xcc</size>
         <input_file_ref idref="fl-5"/>
      </object_component>
      <object_component id="oc-196">
         <name>.debug_info</name>
         <load_address>0x3b95</load_address>
         <run_address>0x3b95</run_address>
         <size>0xce</size>
         <input_file_ref idref="fl-5"/>
      </object_component>
      <object_component id="oc-199">
         <name>.debug_info</name>
         <load_address>0x3c63</load_address>
         <run_address>0x3c63</run_address>
         <size>0xdc</size>
         <input_file_ref idref="fl-5"/>
      </object_component>
      <object_component id="oc-19c">
         <name>.debug_info</name>
         <load_address>0x3d3f</load_address>
         <run_address>0x3d3f</run_address>
         <size>0xd8</size>
         <input_file_ref idref="fl-5"/>
      </object_component>
      <object_component id="oc-eb">
         <name>.debug_info</name>
         <load_address>0x3e17</load_address>
         <run_address>0x3e17</run_address>
         <size>0x2f83</size>
         <input_file_ref idref="fl-5"/>
      </object_component>
      <object_component id="oc-17a">
         <name>.debug_info</name>
         <load_address>0x6d9a</load_address>
         <run_address>0x6d9a</run_address>
         <size>0x88</size>
         <input_file_ref idref="fl-5"/>
      </object_component>
      <object_component id="oc-127">
         <name>.debug_info</name>
         <load_address>0x6e22</load_address>
         <run_address>0x6e22</run_address>
         <size>0xfa5</size>
         <input_file_ref idref="fl-6"/>
      </object_component>
      <object_component id="oc-124">
         <name>.debug_info</name>
         <load_address>0x7dc7</load_address>
         <run_address>0x7dc7</run_address>
         <size>0xd9</size>
         <input_file_ref idref="fl-6"/>
      </object_component>
      <object_component id="oc-f7">
         <name>.debug_info</name>
         <load_address>0x7ea0</load_address>
         <run_address>0x7ea0</run_address>
         <size>0xc5</size>
         <input_file_ref idref="fl-6"/>
      </object_component>
      <object_component id="oc-b4">
         <name>.debug_info</name>
         <load_address>0x7f65</load_address>
         <run_address>0x7f65</run_address>
         <size>0x1454</size>
         <input_file_ref idref="fl-6"/>
      </object_component>
      <object_component id="oc-200">
         <name>.debug_info</name>
         <load_address>0x93b9</load_address>
         <run_address>0x93b9</run_address>
         <size>0x35</size>
         <input_file_ref idref="fl-6"/>
      </object_component>
      <object_component id="oc-17f">
         <name>.debug_info</name>
         <load_address>0x93ee</load_address>
         <run_address>0x93ee</run_address>
         <size>0x257</size>
         <input_file_ref idref="fl-7"/>
      </object_component>
      <object_component id="oc-e5">
         <name>.debug_info</name>
         <load_address>0x9645</load_address>
         <run_address>0x9645</run_address>
         <size>0x103c</size>
         <input_file_ref idref="fl-7"/>
      </object_component>
      <object_component id="oc-182">
         <name>.debug_info</name>
         <load_address>0xa681</load_address>
         <run_address>0xa681</run_address>
         <size>0x449</size>
         <input_file_ref idref="fl-8"/>
      </object_component>
      <object_component id="oc-75">
         <name>.debug_info</name>
         <load_address>0xaaca</load_address>
         <run_address>0xaaca</run_address>
         <size>0x31c</size>
         <input_file_ref idref="fl-9"/>
      </object_component>
      <object_component id="oc-2e">
         <name>.debug_info</name>
         <load_address>0xade6</load_address>
         <run_address>0xade6</run_address>
         <size>0x49e</size>
         <input_file_ref idref="fl-9"/>
      </object_component>
      <object_component id="oc-35">
         <name>.debug_info</name>
         <load_address>0xb284</load_address>
         <run_address>0xb284</run_address>
         <size>0x2b9</size>
         <input_file_ref idref="fl-a"/>
      </object_component>
      <object_component id="oc-13">
         <name>.debug_info</name>
         <load_address>0xb53d</load_address>
         <run_address>0xb53d</run_address>
         <size>0xe2</size>
         <input_file_ref idref="fl-a"/>
      </object_component>
      <object_component id="oc-2b">
         <name>.debug_info</name>
         <load_address>0xb61f</load_address>
         <run_address>0xb61f</run_address>
         <size>0x25e</size>
         <input_file_ref idref="fl-a"/>
      </object_component>
      <object_component id="oc-1af">
         <name>.debug_info</name>
         <load_address>0xb87d</load_address>
         <run_address>0xb87d</run_address>
         <size>0x258</size>
         <input_file_ref idref="fl-b"/>
      </object_component>
      <object_component id="oc-fa">
         <name>.debug_info</name>
         <load_address>0xbad5</load_address>
         <run_address>0xbad5</run_address>
         <size>0x340</size>
         <input_file_ref idref="fl-b"/>
      </object_component>
      <object_component id="oc-12b">
         <name>.debug_info</name>
         <load_address>0xbe15</load_address>
         <run_address>0xbe15</run_address>
         <size>0x119</size>
         <input_file_ref idref="fl-c"/>
      </object_component>
      <object_component id="oc-1c3">
         <name>.debug_info</name>
         <load_address>0xbf2e</load_address>
         <run_address>0xbf2e</run_address>
         <size>0x333</size>
         <input_file_ref idref="fl-c6"/>
      </object_component>
      <object_component id="oc-100">
         <name>.debug_info</name>
         <load_address>0xc261</load_address>
         <run_address>0xc261</run_address>
         <size>0x1d1</size>
         <input_file_ref idref="fl-c6"/>
      </object_component>
      <object_component id="oc-1b8">
         <name>.debug_info</name>
         <load_address>0xc432</load_address>
         <run_address>0xc432</run_address>
         <size>0x18d</size>
         <input_file_ref idref="fl-c6"/>
      </object_component>
      <object_component id="oc-1be">
         <name>.debug_info</name>
         <load_address>0xc5bf</load_address>
         <run_address>0xc5bf</run_address>
         <size>0x16d</size>
         <input_file_ref idref="fl-c6"/>
      </object_component>
      <object_component id="oc-36e">
         <name>.debug_info</name>
         <load_address>0xc72c</load_address>
         <run_address>0xc72c</run_address>
         <size>0x2c</size>
         <input_file_ref idref="fl-c6"/>
      </object_component>
      <object_component id="oc-1e8">
         <name>.debug_info</name>
         <load_address>0xc758</load_address>
         <run_address>0xc758</run_address>
         <size>0x37a</size>
         <input_file_ref idref="fl-c7"/>
      </object_component>
      <object_component id="oc-114">
         <name>.debug_info</name>
         <load_address>0xcad2</load_address>
         <run_address>0xcad2</run_address>
         <size>0x17e</size>
         <input_file_ref idref="fl-c7"/>
      </object_component>
      <object_component id="oc-1df">
         <name>.debug_info</name>
         <load_address>0xcc50</load_address>
         <run_address>0xcc50</run_address>
         <size>0x171</size>
         <input_file_ref idref="fl-c7"/>
      </object_component>
      <object_component id="oc-1d9">
         <name>.debug_info</name>
         <load_address>0xcdc1</load_address>
         <run_address>0xcdc1</run_address>
         <size>0x17e</size>
         <input_file_ref idref="fl-c7"/>
      </object_component>
      <object_component id="oc-1e5">
         <name>.debug_info</name>
         <load_address>0xcf3f</load_address>
         <run_address>0xcf3f</run_address>
         <size>0x1de</size>
         <input_file_ref idref="fl-c7"/>
      </object_component>
      <object_component id="oc-43">
         <name>.debug_info</name>
         <load_address>0xd11d</load_address>
         <run_address>0xd11d</run_address>
         <size>0x119</size>
         <input_file_ref idref="fl-c8"/>
      </object_component>
      <object_component id="oc-a8">
         <name>.debug_info</name>
         <load_address>0xd236</load_address>
         <run_address>0xd236</run_address>
         <size>0x147</size>
         <input_file_ref idref="fl-c9"/>
      </object_component>
      <object_component id="oc-a5">
         <name>.debug_info</name>
         <load_address>0xd37d</load_address>
         <run_address>0xd37d</run_address>
         <size>0x2d4</size>
         <input_file_ref idref="fl-ca"/>
      </object_component>
      <object_component id="oc-4e">
         <name>.debug_info</name>
         <load_address>0xd651</load_address>
         <run_address>0xd651</run_address>
         <size>0x1d2</size>
         <input_file_ref idref="fl-ca"/>
      </object_component>
      <object_component id="oc-a0">
         <name>.debug_info</name>
         <load_address>0xd823</load_address>
         <run_address>0xd823</run_address>
         <size>0x46</size>
         <input_file_ref idref="fl-ca"/>
      </object_component>
      <object_component id="oc-d5">
         <name>.debug_info</name>
         <load_address>0xd869</load_address>
         <run_address>0xd869</run_address>
         <size>0x2c</size>
         <input_file_ref idref="fl-ca"/>
      </object_component>
      <object_component id="oc-4c">
         <name>.debug_info</name>
         <load_address>0xd895</load_address>
         <run_address>0xd895</run_address>
         <size>0x2a8</size>
         <input_file_ref idref="fl-cb"/>
      </object_component>
      <object_component id="oc-1d">
         <name>.debug_info</name>
         <load_address>0xdb3d</load_address>
         <run_address>0xdb3d</run_address>
         <size>0x1ea</size>
         <input_file_ref idref="fl-cb"/>
      </object_component>
      <object_component id="oc-47">
         <name>.debug_info</name>
         <load_address>0xdd27</load_address>
         <run_address>0xdd27</run_address>
         <size>0x46</size>
         <input_file_ref idref="fl-cb"/>
      </object_component>
      <object_component id="oc-98">
         <name>.debug_info</name>
         <load_address>0xdd6d</load_address>
         <run_address>0xdd6d</run_address>
         <size>0x2c</size>
         <input_file_ref idref="fl-cb"/>
      </object_component>
      <object_component id="oc-96">
         <name>.debug_info</name>
         <load_address>0xdd99</load_address>
         <run_address>0xdd99</run_address>
         <size>0x29e</size>
         <input_file_ref idref="fl-cc"/>
      </object_component>
      <object_component id="oc-16">
         <name>.debug_info</name>
         <load_address>0xe037</load_address>
         <run_address>0xe037</run_address>
         <size>0x250</size>
         <input_file_ref idref="fl-cc"/>
      </object_component>
      <object_component id="oc-37">
         <name>.debug_info</name>
         <load_address>0xe287</load_address>
         <run_address>0xe287</run_address>
         <size>0x60</size>
         <input_file_ref idref="fl-cc"/>
      </object_component>
      <object_component id="oc-ce">
         <name>.debug_info</name>
         <load_address>0xe2e7</load_address>
         <run_address>0xe2e7</run_address>
         <size>0x46</size>
         <input_file_ref idref="fl-cc"/>
      </object_component>
      <object_component id="oc-91">
         <name>.debug_info</name>
         <load_address>0xe32d</load_address>
         <run_address>0xe32d</run_address>
         <size>0x39</size>
         <input_file_ref idref="fl-cc"/>
      </object_component>
      <object_component id="oc-296">
         <name>.debug_info</name>
         <load_address>0xe366</load_address>
         <run_address>0xe366</run_address>
         <size>0xf9</size>
         <input_file_ref idref="fl-cd"/>
      </object_component>
      <object_component id="oc-1cb">
         <name>.debug_info</name>
         <load_address>0xe45f</load_address>
         <run_address>0xe45f</run_address>
         <size>0x105</size>
         <input_file_ref idref="fl-cd"/>
      </object_component>
      <object_component id="oc-1fb">
         <name>.debug_info</name>
         <load_address>0xe564</load_address>
         <run_address>0xe564</run_address>
         <size>0x28a</size>
         <input_file_ref idref="fl-ce"/>
      </object_component>
      <object_component id="oc-11f">
         <name>.debug_info</name>
         <load_address>0xe7ee</load_address>
         <run_address>0xe7ee</run_address>
         <size>0x273</size>
         <input_file_ref idref="fl-ce"/>
      </object_component>
      <object_component id="oc-1f9">
         <name>.debug_info</name>
         <load_address>0xea61</load_address>
         <run_address>0xea61</run_address>
         <size>0x2fe</size>
         <input_file_ref idref="fl-cf"/>
      </object_component>
      <object_component id="oc-1f6">
         <name>.debug_info</name>
         <load_address>0xed5f</load_address>
         <run_address>0xed5f</run_address>
         <size>0x105</size>
         <input_file_ref idref="fl-cf"/>
      </object_component>
      <object_component id="oc-11b">
         <name>.debug_info</name>
         <load_address>0xee64</load_address>
         <run_address>0xee64</run_address>
         <size>0x1ab</size>
         <input_file_ref idref="fl-cf"/>
      </object_component>
      <object_component id="oc-1ce">
         <name>.debug_info</name>
         <load_address>0xf00f</load_address>
         <run_address>0xf00f</run_address>
         <size>0x2b6</size>
         <input_file_ref idref="fl-d0"/>
      </object_component>
      <object_component id="oc-10c">
         <name>.debug_info</name>
         <load_address>0xf2c5</load_address>
         <run_address>0xf2c5</run_address>
         <size>0x154</size>
         <input_file_ref idref="fl-d0"/>
      </object_component>
      <object_component id="oc-25">
         <name>.debug_info</name>
         <load_address>0xf419</load_address>
         <run_address>0xf419</run_address>
         <size>0x10b</size>
         <input_file_ref idref="fl-d1"/>
      </object_component>
      <object_component id="oc-63">
         <name>.debug_info</name>
         <load_address>0xf524</load_address>
         <run_address>0xf524</run_address>
         <size>0x1a9</size>
         <input_file_ref idref="fl-d1"/>
      </object_component>
      <object_component id="oc-285">
         <name>.debug_info</name>
         <load_address>0xf6cd</load_address>
         <run_address>0xf6cd</run_address>
         <size>0x590</size>
         <input_file_ref idref="fl-d2"/>
      </object_component>
      <object_component id="oc-250">
         <name>.debug_info</name>
         <load_address>0xfc5d</load_address>
         <run_address>0xfc5d</run_address>
         <size>0x21e</size>
         <input_file_ref idref="fl-d2"/>
      </object_component>
      <object_component id="oc-337">
         <name>.debug_info</name>
         <load_address>0xfe7b</load_address>
         <run_address>0xfe7b</run_address>
         <size>0x1b3</size>
         <input_file_ref idref="fl-d2"/>
      </object_component>
      <object_component id="oc-33d">
         <name>.debug_info</name>
         <load_address>0x1002e</load_address>
         <run_address>0x1002e</run_address>
         <size>0x21b</size>
         <input_file_ref idref="fl-d2"/>
      </object_component>
      <object_component id="oc-25b">
         <name>.debug_info</name>
         <load_address>0x10249</load_address>
         <run_address>0x10249</run_address>
         <size>0x3c0</size>
         <input_file_ref idref="fl-d2"/>
      </object_component>
      <object_component id="oc-344">
         <name>.debug_info</name>
         <load_address>0x10609</load_address>
         <run_address>0x10609</run_address>
         <size>0x30a</size>
         <input_file_ref idref="fl-d2"/>
      </object_component>
      <object_component id="oc-34a">
         <name>.debug_info</name>
         <load_address>0x10913</load_address>
         <run_address>0x10913</run_address>
         <size>0x215</size>
         <input_file_ref idref="fl-d2"/>
      </object_component>
      <object_component id="oc-261">
         <name>.debug_info</name>
         <load_address>0x10b28</load_address>
         <run_address>0x10b28</run_address>
         <size>0x215</size>
         <input_file_ref idref="fl-d2"/>
      </object_component>
      <object_component id="oc-267">
         <name>.debug_info</name>
         <load_address>0x10d3d</load_address>
         <run_address>0x10d3d</run_address>
         <size>0x304</size>
         <input_file_ref idref="fl-d2"/>
      </object_component>
      <object_component id="oc-26d">
         <name>.debug_info</name>
         <load_address>0x11041</load_address>
         <run_address>0x11041</run_address>
         <size>0x4b5</size>
         <input_file_ref idref="fl-d2"/>
      </object_component>
      <object_component id="oc-1b1">
         <name>.debug_info</name>
         <load_address>0x114f6</load_address>
         <run_address>0x114f6</run_address>
         <size>0x5f4</size>
         <input_file_ref idref="fl-d2"/>
      </object_component>
      <object_component id="oc-286">
         <name>.debug_info</name>
         <load_address>0x11aea</load_address>
         <run_address>0x11aea</run_address>
         <size>0x86</size>
         <input_file_ref idref="fl-d2"/>
      </object_component>
      <object_component id="oc-373">
         <name>.debug_info</name>
         <load_address>0x11b70</load_address>
         <run_address>0x11b70</run_address>
         <size>0x39</size>
         <input_file_ref idref="fl-d2"/>
      </object_component>
      <object_component id="oc-3e0">
         <name>.debug_info</name>
         <load_address>0x11ba9</load_address>
         <run_address>0x11ba9</run_address>
         <size>0xb6</size>
         <input_file_ref idref="fl-d2"/>
      </object_component>
      <object_component id="oc-378">
         <name>.debug_info</name>
         <load_address>0x11c5f</load_address>
         <run_address>0x11c5f</run_address>
         <size>0x46</size>
         <input_file_ref idref="fl-d2"/>
      </object_component>
      <object_component id="oc-28b">
         <name>.debug_info</name>
         <load_address>0x11ca5</load_address>
         <run_address>0x11ca5</run_address>
         <size>0x46</size>
         <input_file_ref idref="fl-d2"/>
      </object_component>
      <object_component id="oc-2d0">
         <name>.debug_info</name>
         <load_address>0x11ceb</load_address>
         <run_address>0x11ceb</run_address>
         <size>0x5ce</size>
         <input_file_ref idref="fl-d3"/>
      </object_component>
      <object_component id="oc-1d0">
         <name>.debug_info</name>
         <load_address>0x122b9</load_address>
         <run_address>0x122b9</run_address>
         <size>0xa45</size>
         <input_file_ref idref="fl-d3"/>
      </object_component>
      <object_component id="oc-2d2">
         <name>.debug_info</name>
         <load_address>0x12cfe</load_address>
         <run_address>0x12cfe</run_address>
         <size>0x9a</size>
         <input_file_ref idref="fl-d3"/>
      </object_component>
      <object_component id="oc-3c5">
         <name>.debug_info</name>
         <load_address>0x12d98</load_address>
         <run_address>0x12d98</run_address>
         <size>0x295</size>
         <input_file_ref idref="fl-d4"/>
      </object_component>
      <object_component id="oc-352">
         <name>.debug_info</name>
         <load_address>0x1302d</load_address>
         <run_address>0x1302d</run_address>
         <size>0x195</size>
         <input_file_ref idref="fl-d4"/>
      </object_component>
      <object_component id="oc-3fd">
         <name>.debug_info</name>
         <load_address>0x131c2</load_address>
         <run_address>0x131c2</run_address>
         <size>0x39</size>
         <input_file_ref idref="fl-d4"/>
      </object_component>
      <object_component id="oc-3c6">
         <name>.debug_info</name>
         <load_address>0x131fb</load_address>
         <run_address>0x131fb</run_address>
         <size>0x2c</size>
         <input_file_ref idref="fl-d4"/>
      </object_component>
      <object_component id="oc-3d2">
         <name>.debug_info</name>
         <load_address>0x13227</load_address>
         <run_address>0x13227</run_address>
         <size>0x2f8</size>
         <input_file_ref idref="fl-d5"/>
      </object_component>
      <object_component id="oc-359">
         <name>.debug_info</name>
         <load_address>0x1351f</load_address>
         <run_address>0x1351f</run_address>
         <size>0x225</size>
         <input_file_ref idref="fl-d5"/>
      </object_component>
      <object_component id="oc-366">
         <name>.debug_info</name>
         <load_address>0x13744</load_address>
         <run_address>0x13744</run_address>
         <size>0x28f</size>
         <input_file_ref idref="fl-d6"/>
      </object_component>
      <object_component id="oc-27b">
         <name>.debug_info</name>
         <load_address>0x139d3</load_address>
         <run_address>0x139d3</run_address>
         <size>0x15a</size>
         <input_file_ref idref="fl-d6"/>
      </object_component>
      <object_component id="oc-3d5">
         <name>.debug_info</name>
         <load_address>0x13b2d</load_address>
         <run_address>0x13b2d</run_address>
         <size>0x46</size>
         <input_file_ref idref="fl-d6"/>
      </object_component>
      <object_component id="oc-361">
         <name>.debug_info</name>
         <load_address>0x13b73</load_address>
         <run_address>0x13b73</run_address>
         <size>0x39</size>
         <input_file_ref idref="fl-d6"/>
      </object_component>
      <object_component id="oc-333">
         <name>.debug_info</name>
         <load_address>0x13bac</load_address>
         <run_address>0x13bac</run_address>
         <size>0x14c</size>
         <input_file_ref idref="fl-d7"/>
      </object_component>
      <object_component id="oc-257">
         <name>.debug_info</name>
         <load_address>0x13cf8</load_address>
         <run_address>0x13cf8</run_address>
         <size>0x128</size>
         <input_file_ref idref="fl-d8"/>
      </object_component>
      <object_component id="oc-31d">
         <name>.debug_info</name>
         <load_address>0x13e20</load_address>
         <run_address>0x13e20</run_address>
         <size>0x12a</size>
         <input_file_ref idref="fl-d8"/>
      </object_component>
      <object_component id="oc-318">
         <name>.debug_info</name>
         <load_address>0x13f4a</load_address>
         <run_address>0x13f4a</run_address>
         <size>0x13a</size>
         <input_file_ref idref="fl-d9"/>
      </object_component>
      <object_component id="oc-313">
         <name>.debug_info</name>
         <load_address>0x14084</load_address>
         <run_address>0x14084</run_address>
         <size>0x13a</size>
         <input_file_ref idref="fl-da"/>
      </object_component>
      <object_component id="oc-324">
         <name>.debug_info</name>
         <load_address>0x141be</load_address>
         <run_address>0x141be</run_address>
         <size>0x12e</size>
         <input_file_ref idref="fl-db"/>
      </object_component>
      <object_component id="oc-2b3">
         <name>.debug_info</name>
         <load_address>0x142ec</load_address>
         <run_address>0x142ec</run_address>
         <size>0x13e</size>
         <input_file_ref idref="fl-dc"/>
      </object_component>
      <object_component id="oc-32f">
         <name>.debug_info</name>
         <load_address>0x1442a</load_address>
         <run_address>0x1442a</run_address>
         <size>0x12c</size>
         <input_file_ref idref="fl-dd"/>
      </object_component>
      <object_component id="oc-30d">
         <name>.debug_info</name>
         <load_address>0x14556</load_address>
         <run_address>0x14556</run_address>
         <size>0x134</size>
         <input_file_ref idref="fl-de"/>
      </object_component>
      <object_component id="oc-211">
         <name>.debug_info</name>
         <load_address>0x1468a</load_address>
         <run_address>0x1468a</run_address>
         <size>0x4b3</size>
         <input_file_ref idref="fl-df"/>
      </object_component>
      <object_component id="oc-141">
         <name>.debug_info</name>
         <load_address>0x14b3d</load_address>
         <run_address>0x14b3d</run_address>
         <size>0x1a6</size>
         <input_file_ref idref="fl-df"/>
      </object_component>
      <object_component id="oc-2f6">
         <name>.debug_info</name>
         <load_address>0x14ce3</load_address>
         <run_address>0x14ce3</run_address>
         <size>0x39</size>
         <input_file_ref idref="fl-df"/>
      </object_component>
      <object_component id="oc-3a2">
         <name>.debug_info</name>
         <load_address>0x14d1c</load_address>
         <run_address>0x14d1c</run_address>
         <size>0x39</size>
         <input_file_ref idref="fl-df"/>
      </object_component>
      <object_component id="oc-2fb">
         <name>.debug_info</name>
         <load_address>0x14d55</load_address>
         <run_address>0x14d55</run_address>
         <size>0x39</size>
         <input_file_ref idref="fl-df"/>
      </object_component>
      <object_component id="oc-300">
         <name>.debug_info</name>
         <load_address>0x14d8e</load_address>
         <run_address>0x14d8e</run_address>
         <size>0xcd</size>
         <input_file_ref idref="fl-df"/>
      </object_component>
      <object_component id="oc-ae">
         <name>.debug_info</name>
         <load_address>0x14e5b</load_address>
         <run_address>0x14e5b</run_address>
         <size>0x153</size>
         <input_file_ref idref="fl-e0"/>
      </object_component>
      <object_component id="oc-132">
         <name>.debug_info</name>
         <load_address>0x14fae</load_address>
         <run_address>0x14fae</run_address>
         <size>0x122</size>
         <input_file_ref idref="fl-e2"/>
      </object_component>
      <object_component id="oc-3bd">
         <name>.debug_info</name>
         <load_address>0x150d0</load_address>
         <run_address>0x150d0</run_address>
         <size>0x29c</size>
         <input_file_ref idref="fl-e4"/>
      </object_component>
      <object_component id="oc-327">
         <name>.debug_info</name>
         <load_address>0x1536c</load_address>
         <run_address>0x1536c</run_address>
         <size>0x1da</size>
         <input_file_ref idref="fl-e4"/>
      </object_component>
      <object_component id="oc-30a">
         <name>.debug_info</name>
         <load_address>0x15546</load_address>
         <run_address>0x15546</run_address>
         <size>0x2b9</size>
         <input_file_ref idref="fl-e6"/>
      </object_component>
      <object_component id="oc-24c">
         <name>.debug_info</name>
         <load_address>0x157ff</load_address>
         <run_address>0x157ff</run_address>
         <size>0x17c</size>
         <input_file_ref idref="fl-e6"/>
      </object_component>
      <object_component id="oc-35f">
         <name>.debug_info</name>
         <load_address>0x1597b</load_address>
         <run_address>0x1597b</run_address>
         <size>0x2a7</size>
         <input_file_ref idref="fl-e7"/>
      </object_component>
      <object_component id="oc-274">
         <name>.debug_info</name>
         <load_address>0x15c22</load_address>
         <run_address>0x15c22</run_address>
         <size>0x1b8</size>
         <input_file_ref idref="fl-e7"/>
      </object_component>
      <object_component id="oc-398">
         <name>.debug_info</name>
         <load_address>0x15dda</load_address>
         <run_address>0x15dda</run_address>
         <size>0x29a</size>
         <input_file_ref idref="fl-e8"/>
      </object_component>
      <object_component id="oc-2ca">
         <name>.debug_info</name>
         <load_address>0x16074</load_address>
         <run_address>0x16074</run_address>
         <size>0x262</size>
         <input_file_ref idref="fl-e8"/>
      </object_component>
      <object_component id="oc-380">
         <name>.debug_info</name>
         <load_address>0x162d6</load_address>
         <run_address>0x162d6</run_address>
         <size>0x2a4</size>
         <input_file_ref idref="fl-e9"/>
      </object_component>
      <object_component id="oc-29d">
         <name>.debug_info</name>
         <load_address>0x1657a</load_address>
         <run_address>0x1657a</run_address>
         <size>0x24d</size>
         <input_file_ref idref="fl-e9"/>
      </object_component>
      <object_component id="oc-2df">
         <name>.debug_info</name>
         <load_address>0x167c7</load_address>
         <run_address>0x167c7</run_address>
         <size>0x290</size>
         <input_file_ref idref="fl-ea"/>
      </object_component>
      <object_component id="oc-1f0">
         <name>.debug_info</name>
         <load_address>0x16a57</load_address>
         <run_address>0x16a57</run_address>
         <size>0x198</size>
         <input_file_ref idref="fl-ea"/>
      </object_component>
      <object_component id="oc-308">
         <name>.debug_info</name>
         <load_address>0x16bef</load_address>
         <run_address>0x16bef</run_address>
         <size>0x28f</size>
         <input_file_ref idref="fl-eb"/>
      </object_component>
      <object_component id="oc-244">
         <name>.debug_info</name>
         <load_address>0x16e7e</load_address>
         <run_address>0x16e7e</run_address>
         <size>0x245</size>
         <input_file_ref idref="fl-eb"/>
      </object_component>
      <object_component id="oc-396">
         <name>.debug_info</name>
         <load_address>0x170c3</load_address>
         <run_address>0x170c3</run_address>
         <size>0x296</size>
         <input_file_ref idref="fl-ec"/>
      </object_component>
      <object_component id="oc-2c5">
         <name>.debug_info</name>
         <load_address>0x17359</load_address>
         <run_address>0x17359</run_address>
         <size>0x265</size>
         <input_file_ref idref="fl-ec"/>
      </object_component>
      <object_component id="oc-2dd">
         <name>.debug_info</name>
         <load_address>0x175be</load_address>
         <run_address>0x175be</run_address>
         <size>0x295</size>
         <input_file_ref idref="fl-ed"/>
      </object_component>
      <object_component id="oc-1ed">
         <name>.debug_info</name>
         <load_address>0x17853</load_address>
         <run_address>0x17853</run_address>
         <size>0x1c3</size>
         <input_file_ref idref="fl-ed"/>
      </object_component>
      <object_component id="oc-38e">
         <name>.debug_info</name>
         <load_address>0x17a16</load_address>
         <run_address>0x17a16</run_address>
         <size>0x3b1</size>
         <input_file_ref idref="fl-ee"/>
      </object_component>
      <object_component id="oc-38b">
         <name>.debug_info</name>
         <load_address>0x17dc7</load_address>
         <run_address>0x17dc7</run_address>
         <size>0x123</size>
         <input_file_ref idref="fl-ee"/>
      </object_component>
      <object_component id="oc-2ac">
         <name>.debug_info</name>
         <load_address>0x17eea</load_address>
         <run_address>0x17eea</run_address>
         <size>0x4e0</size>
         <input_file_ref idref="fl-ee"/>
      </object_component>
      <object_component id="oc-392">
         <name>.debug_info</name>
         <load_address>0x183ca</load_address>
         <run_address>0x183ca</run_address>
         <size>0x321</size>
         <input_file_ref idref="fl-ef"/>
      </object_component>
      <object_component id="oc-2ba">
         <name>.debug_info</name>
         <load_address>0x186eb</load_address>
         <run_address>0x186eb</run_address>
         <size>0x28b</size>
         <input_file_ref idref="fl-ef"/>
      </object_component>
      <object_component id="oc-394">
         <name>.debug_info</name>
         <load_address>0x18976</load_address>
         <run_address>0x18976</run_address>
         <size>0x322</size>
         <input_file_ref idref="fl-f0"/>
      </object_component>
      <object_component id="oc-2be">
         <name>.debug_info</name>
         <load_address>0x18c98</load_address>
         <run_address>0x18c98</run_address>
         <size>0x2cf</size>
         <input_file_ref idref="fl-f0"/>
      </object_component>
      <object_component id="oc-389">
         <name>.debug_info</name>
         <load_address>0x18f67</load_address>
         <run_address>0x18f67</run_address>
         <size>0x322</size>
         <input_file_ref idref="fl-f1"/>
      </object_component>
      <object_component id="oc-2a6">
         <name>.debug_info</name>
         <load_address>0x19289</load_address>
         <run_address>0x19289</run_address>
         <size>0x231</size>
         <input_file_ref idref="fl-f1"/>
      </object_component>
      <object_component id="oc-387">
         <name>.debug_info</name>
         <load_address>0x194ba</load_address>
         <run_address>0x194ba</run_address>
         <size>0x323</size>
         <input_file_ref idref="fl-f2"/>
      </object_component>
      <object_component id="oc-2a1">
         <name>.debug_info</name>
         <load_address>0x197dd</load_address>
[...]
      </symbol>
      <symbol id="sm-374">
         <name>processShell</name>
         <value>0x38cd</value>
         <object_component_ref idref="oc-b2"/>
      </symbol>
      <symbol id="sm-375">
         <name>x</name>
         <value>0x200010f8</value>
         <object_component_ref idref="oc-123"/>
      </symbol>
      <symbol id="sm-376">
         <name>displayConnectionInfo</name>
         <value>0x3495</value>
         <object_component_ref idref="oc-b2"/>
      </symbol>
      <symbol id="sm-377">
         <name>main</name>
         <value>0x3ca9</value>
         <object_component_ref idref="oc-b2"/>
      </symbol>
      <symbol id="sm-378">
         <name>renewtimer</name>
         <value>0x3451</value>
         <object_component_ref idref="oc-b2"/>
      </symbol>
      <symbol id="sm-379">
         <name>readConfiguration</name>
         <value>0x3743</value>
         <object_component_ref idref="oc-b2"/>
      </symbol>
      <symbol id="sm-37a">
         <name>leasetimer</name>
         <value>0x3475</value>
         <object_component_ref idref="oc-b2"/>
      </symbol>
      <symbol id="sm-37b">
         <name>count</name>
         <value>0x200010fc</value>
         <object_component_ref idref="oc-123"/>
      </symbol>
      <symbol id="sm-37c">
         <name>rebindtimer</name>
         <value>0x346d</value>
         <object_component_ref idref="oc-b2"/>
      </symbol>
      <symbol id="sm-3f1">
         <name>selectPinInterruptBothEdges</name>
         <value>0x4e43</value>
         <object_component_ref idref="oc-e4"/>
      </symbol>
      <symbol id="sm-3f2">
         <name>getPortValue</name>
         <value>0x5055</value>
         <object_component_ref idref="oc-e4"/>
      </symbol>
      <symbol id="sm-3f3">
         <name>selectPinAnalogInput</name>
         <value>0x4b27</value>
         <object_component_ref idref="oc-e4"/>
      </symbol>
      <symbol id="sm-3f4">
         <name>clearPinInterrupt</name>
         <value>0x4f55</value>
         <object_component_ref idref="oc-e4"/>
      </symbol>
      <symbol id="sm-3f5">
         <name>selectPinPushPullOutput</name>
         <value>0x4a3d</value>
         <object_component_ref idref="oc-e4"/>
      </symbol>
      <symbol id="sm-3f6">
         <name>selectPinInterruptHighLevel</name>
         <value>0x4e99</value>
         <object_component_ref idref="oc-e4"/>
      </symbol>
      <symbol id="sm-3f7">
         <name>selectPinInterruptFallingEdge</name>
         <value>0x4df3</value>
         <object_component_ref idref="oc-e4"/>
      </symbol>
      <symbol id="sm-3f8">
         <name>selectPinOpenDrainOutput</name>
         <value>0x4a8b</value>
         <object_component_ref idref="oc-e4"/>
      </symbol>
      <symbol id="sm-3f9">
         <name>selectPinInterruptLowLevel</name>
         <value>0x4ed3</value>
         <object_component_ref idref="oc-e4"/>
      </symbol>
      <symbol id="sm-3fa">
         <name>setPortValue</name>
         <value>0x4fd9</value>
         <object_component_ref idref="oc-e4"/>
      </symbol>
      <symbol id="sm-3fb">
         <name>enablePinInterrupt</name>
         <value>0x4f0d</value>
         <object_component_ref idref="oc-e4"/>
      </symbol>
      <symbol id="sm-3fc">
         <name>setPinAuxFunction</name>
         <value>0x4c91</value>
         <object_component_ref idref="oc-e4"/>
      </symbol>
      <symbol id="sm-3fd">
         <name>enablePort</name>
         <value>0x4901</value>
         <object_component_ref idref="oc-e4"/>
      </symbol>
      <symbol id="sm-3fe">
         <name>disablePinPulldown</name>
         <value>0x4c69</value>
         <object_component_ref idref="oc-e4"/>
      </symbol>
      <symbol id="sm-3ff">
         <name>setPinCommitControl</name>
         <value>0x4b77</value>
         <object_component_ref idref="oc-e4"/>
      </symbol>
      <symbol id="sm-400">
         <name>disablePort</name>
         <value>0x49bd</value>
         <object_component_ref idref="oc-e4"/>
      </symbol>
      <symbol id="sm-401">
         <name>disablePinInterrupt</name>
         <value>0x4f31</value>
         <object_component_ref idref="oc-e4"/>
      </symbol>
      <symbol id="sm-402">
         <name>enablePinPullup</name>
         <value>0x4bf3</value>
         <object_component_ref idref="oc-e4"/>
      </symbol>
      <symbol id="sm-403">
         <name>getPinValue</name>
         <value>0x4f9f</value>
         <object_component_ref idref="oc-e4"/>
      </symbol>
      <symbol id="sm-404">
         <name>enablePinPulldown</name>
         <value>0x4c45</value>
         <object_component_ref idref="oc-e4"/>
      </symbol>
      <symbol id="sm-405">
         <name>disablePinPullup</name>
         <value>0x4c21</value>
         <object_component_ref idref="oc-e4"/>
      </symbol>
      <symbol id="sm-406">
         <name>selectPinDigitalInput</name>
         <value>0x4ad9</value>
         <object_component_ref idref="oc-e4"/>
      </symbol>
      <symbol id="sm-407">
         <name>selectPinInterruptRisingEdge</name>
         <value>0x4da3</value>
         <object_component_ref idref="oc-e4"/>
      </symbol>
      <symbol id="sm-408">
         <name>setPinValue</name>
         <value>0x4f79</value>
         <object_component_ref idref="oc-e4"/>
      </symbol>
      <symbol id="sm-424">
         <name>setSpi0Mode</name>
         <value>0x62b3</value>
         <object_component_ref idref="oc-180"/>
      </symbol>
      <symbol id="sm-425">
         <name>readSpi0Data</name>
         <value>0x6319</value>
         <object_component_ref idref="oc-180"/>
      </symbol>
      <symbol id="sm-426">
         <name>writeSpi0Data</name>
         <value>0x6301</value>
         <object_component_ref idref="oc-180"/>
      </symbol>
      <symbol id="sm-427">
         <name>initSpi0</name>
         <value>0x61e1</value>
         <object_component_ref idref="oc-180"/>
      </symbol>
      <symbol id="sm-428">
         <name>setSpi0BaudRate</name>
         <value>0x627d</value>
         <object_component_ref idref="oc-180"/>
      </symbol>
      <symbol id="sm-469">
         <name>fn</name>
         <value>0x20001054</value>
      </symbol>
      <symbol id="sm-46a">
         <name>period</name>
         <value>0x2000107c</value>
      </symbol>
      <symbol id="sm-46b">
         <name>ticks</name>
         <value>0x200010a4</value>
      </symbol>
      <symbol id="sm-46c">
         <name>reload</name>
         <value>0x200010cc</value>
      </symbol>
      <symbol id="sm-46d">
         <name>initTimer</name>
         <value>0x5545</value>
         <object_component_ref idref="oc-2d"/>
      </symbol>
      <symbol id="sm-46e">
         <name>stopTimer</name>
         <value>0x56f1</value>
         <object_component_ref idref="oc-2d"/>
      </symbol>
      <symbol id="sm-46f">
         <name>startOneshotTimer</name>
         <value>0x55e5</value>
         <object_component_ref idref="oc-2d"/>
      </symbol>
      <symbol id="sm-470">
         <name>restartTimer</name>
         <value>0x5757</value>
         <object_component_ref idref="oc-2d"/>
      </symbol>
      <symbol id="sm-471">
         <name>random32</name>
         <value>0x583f</value>
         <object_component_ref idref="oc-2d"/>
      </symbol>
      <symbol id="sm-472">
         <name>tickIsr</name>
         <value>0x57c5</value>
         <object_component_ref idref="oc-2d"/>
      </symbol>
      <symbol id="sm-473">
         <name>startPeriodicTimer</name>
         <value>0x566b</value>
         <object_component_ref idref="oc-2d"/>
      </symbol>
      <symbol id="sm-48f">
         <name>ResetISR</name>
         <value>0x7763</value>
         <object_component_ref idref="oc-27"/>
      </symbol>
      <symbol id="sm-490">
         <name>g_pfnVectors</name>
         <value>0x0</value>
         <object_component_ref idref="oc-12"/>
      </symbol>
      <symbol id="sm-4bb">
         <name>getcUart0</name>
         <value>0x616d</value>
         <object_component_ref idref="oc-f9"/>
      </symbol>
      <symbol id="sm-4bc">
         <name>kbhitUart0</name>
         <value>0x6181</value>
         <object_component_ref idref="oc-f9"/>
      </symbol>
      <symbol id="sm-4bd">
         <name>setUart0BaudRate</name>
         <value>0x60e5</value>
         <object_component_ref idref="oc-f9"/>
      </symbol>
      <symbol id="sm-4be">
         <name>putsUart0</name>
         <value>0x6141</value>
         <object_component_ref idref="oc-f9"/>
      </symbol>
      <symbol id="sm-4bf">
         <name>initUart0</name>
         <value>0x6051</value>
         <object_component_ref idref="oc-f9"/>
      </symbol>
      <symbol id="sm-4c0">
         <name>putcUart0</name>
         <value>0x6125</value>
         <object_component_ref idref="oc-f9"/>
      </symbol>
      <symbol id="sm-4ce">
         <name>waitMicrosecond</name>
         <value>0x75fd</value>
         <object_component_ref idref="oc-12a"/>
      </symbol>
      <symbol id="sm-4f5">
         <name>sprintf</name>
         <value>0x7455</value>
         <object_component_ref idref="oc-ff"/>
      </symbol>
      <symbol id="sm-52c">
         <name>sscanf</name>
         <value>0x7515</value>
         <object_component_ref idref="oc-111"/>
      </symbol>
      <symbol id="sm-547">
         <name>memcpy</name>
         <value>0x6d33</value>
         <object_component_ref idref="oc-41"/>
      </symbol>
      <symbol id="sm-548">
         <name>__aeabi_memcpy</name>
         <value>0x6d33</value>
         <object_component_ref idref="oc-41"/>
      </symbol>
      <symbol id="sm-549">
         <name>__aeabi_memcpy8</name>
         <value>0x6d33</value>
         <object_component_ref idref="oc-41"/>
      </symbol>
      <symbol id="sm-54a">
         <name>__aeabi_memcpy4</name>
         <value>0x6d33</value>
         <object_component_ref idref="oc-41"/>
      </symbol>
      <symbol id="sm-559">
         <name>__aeabi_memset</name>
         <value>0x6ff7</value>
         <object_component_ref idref="oc-a6"/>
      </symbol>
      <symbol id="sm-55a">
         <name>memset</name>
         <value>0x6ffd</value>
         <object_component_ref idref="oc-a6"/>
      </symbol>
      <symbol id="sm-55b">
         <name>__aeabi_memset8</name>
         <value>0x6ff7</value>
         <object_component_ref idref="oc-a6"/>
      </symbol>
      <symbol id="sm-55c">
         <name>__aeabi_memset4</name>
         <value>0x6ff7</value>
         <object_component_ref idref="oc-a6"/>
      </symbol>
      <symbol id="sm-55d">
         <name>__aeabi_memclr8</name>
         <value>0x6ff5</value>
         <object_component_ref idref="oc-a6"/>
      </symbol>
      <symbol id="sm-55e">
         <name>__aeabi_memclr4</name>
         <value>0x6ff5</value>
         <object_component_ref idref="oc-a6"/>
      </symbol>
      <symbol id="sm-55f">
         <name>__aeabi_memclr</name>
         <value>0x6ff5</value>
         <object_component_ref idref="oc-a6"/>
      </symbol>
      <symbol id="sm-578">
         <name>__TI_zero_init_nomemset</name>
         <value>0x7621</value>
         <object_component_ref idref="oc-4d"/>
      </symbol>
      <symbol id="sm-58f">
         <name>__TI_decompress_none</name>
         <value>0x7755</value>
         <object_component_ref idref="oc-1b"/>
      </symbol>
      <symbol id="sm-5b2">
         <name>__TI_decompress_lzss</name>
         <value>0x71b5</value>
         <object_component_ref idref="oc-15"/>
      </symbol>
      <symbol id="sm-5bd">
         <name>_ctypes_</name>
         <value>0x7790</value>
         <object_component_ref idref="oc-1ca"/>
      </symbol>
      <symbol id="sm-5cc">
         <name>strcmp</name>
         <value>0x76a3</value>
         <object_component_ref idref="oc-11d"/>
      </symbol>
      <symbol id="sm-5e4">
         <name>strtok</name>
         <value>0x7495</value>
         <object_component_ref idref="oc-117"/>
      </symbol>
      <symbol id="sm-5f3">
         <name>tolower</name>
         <value>0x7745</value>
         <object_component_ref idref="oc-10b"/>
      </symbol>
      <symbol id="sm-606">
         <name>__stack</name>
         <value>0x20000000</value>
         <object_component_ref idref="oc-24"/>
      </symbol>
      <symbol id="sm-607">
         <name>_c_int00_noargs</name>
         <value>0x754d</value>
         <object_component_ref idref="oc-5f"/>
      </symbol>
      <symbol id="sm-76c">
         <name>__TI_printfi</name>
         <value>0x3eb1</value>
         <object_component_ref idref="oc-1b0"/>
      </symbol>
      <symbol id="sm-822">
         <name>__TI_scanfi</name>
         <value>0x289d</value>
         <object_component_ref idref="oc-1cf"/>
      </symbol>
      <symbol id="sm-842">
         <name>frexpl</name>
         <value>0x721d</value>
         <object_component_ref idref="oc-351"/>
      </symbol>
      <symbol id="sm-843">
         <name>frexp</name>
         <value>0x721d</value>
         <object_component_ref idref="oc-351"/>
      </symbol>
      <symbol id="sm-860">
         <name>scalbn</name>
         <value>0x6965</value>
         <object_component_ref idref="oc-357"/>
      </symbol>
      <symbol id="sm-861">
         <name>scalbnl</name>
         <value>0x6965</value>
         <object_component_ref idref="oc-357"/>
      </symbol>
      <symbol id="sm-862">
         <name>ldexpl</name>
         <value>0x6965</value>
         <object_component_ref idref="oc-357"/>
      </symbol>
      <symbol id="sm-863">
         <name>ldexp</name>
         <value>0x6965</value>
         <object_component_ref idref="oc-357"/>
      </symbol>
      <symbol id="sm-87c">
         <name>wcslen</name>
         <value>0x7723</value>
         <object_component_ref idref="oc-278"/>
      </symbol>
      <symbol id="sm-893">
         <name>__aeabi_dsub</name>
         <value>0x5e99</value>
         <object_component_ref idref="oc-331"/>
      </symbol>
      <symbol id="sm-894">
         <name>__aeabi_dadd</name>
         <value>0x5ea3</value>
         <object_component_ref idref="oc-331"/>
      </symbol>
      <symbol id="sm-8b6">
         <name>__aeabi_cdcmpeq</name>
         <value>0x6e65</value>
         <object_component_ref idref="oc-255"/>
      </symbol>
      <symbol id="sm-8b7">
         <name>__aeabi_cdcmple</name>
         <value>0x6e65</value>
         <object_component_ref idref="oc-255"/>
      </symbol>
      <symbol id="sm-8b8">
         <name>__aeabi_cdrcmple</name>
         <value>0x6eeb</value>
         <object_component_ref idref="oc-31c"/>
      </symbol>
      <symbol id="sm-8cc">
         <name>__aeabi_ddiv</name>
         <value>0x65d9</value>
         <object_component_ref idref="oc-317"/>
      </symbol>
      <symbol id="sm-8d7">
         <name>__aeabi_dmul</name>
         <value>0x6b85</value>
         <object_component_ref idref="oc-312"/>
      </symbol>
      <symbol id="sm-8e1">
         <name>__aeabi_d2iz</name>
         <value>0x73c9</value>
         <object_component_ref idref="oc-321"/>
      </symbol>
      <symbol id="sm-8ed">
         <name>__aeabi_d2f</name>
         <value>0x70dd</value>
         <object_component_ref idref="oc-2b1"/>
      </symbol>
      <symbol id="sm-8f7">
         <name>__aeabi_i2d</name>
         <value>0x7581</value>
         <object_component_ref idref="oc-32c"/>
      </symbol>
      <symbol id="sm-904">
         <name>__aeabi_uldivmod</name>
         <value>0x6dcf</value>
         <object_component_ref idref="oc-30b"/>
      </symbol>
      <symbol id="sm-92c">
         <name>__TI_auto_init_nobinit_nopinit</name>
         <value>0x7411</value>
         <object_component_ref idref="oc-13d"/>
      </symbol>
      <symbol id="sm-936">
         <name>_system_pre_init</name>
         <value>0x7789</value>
         <object_component_ref idref="oc-ac"/>
      </symbol>
      <symbol id="sm-942">
         <name>C$$EXIT</name>
         <value>0x778d</value>
         <object_component_ref idref="oc-131"/>
      </symbol>
      <symbol id="sm-943">
         <name>abort</name>
         <value>0x778d</value>
         <object_component_ref idref="oc-131"/>
      </symbol>
      <symbol id="sm-953">
         <name>__TI_ltoa</name>
         <value>0x72d7</value>
         <object_component_ref idref="oc-326"/>
      </symbol>
      <symbol id="sm-96a">
         <name>atoi</name>
         <value>0x737d</value>
         <object_component_ref idref="oc-249"/>
      </symbol>
      <symbol id="sm-97a">
         <name>memccpy</name>
         <value>0x763d</value>
         <object_component_ref idref="oc-272"/>
      </symbol>
      <symbol id="sm-98a">
         <name>strchr</name>
         <value>0x76d3</value>
         <object_component_ref idref="oc-2c8"/>
      </symbol>
      <symbol id="sm-998">
         <name>strcpy</name>
         <value>0x76e9</value>
         <object_component_ref idref="oc-299"/>
      </symbol>
      <symbol id="sm-9a9">
         <name>strcspn</name>
         <value>0x75d9</value>
         <object_component_ref idref="oc-1ef"/>
      </symbol>
      <symbol id="sm-9b7">
         <name>strlen</name>
         <value>0x76fd</value>
         <object_component_ref idref="oc-243"/>
      </symbol>
      <symbol id="sm-9c6">
         <name>strrchr</name>
         <value>0x76bb</value>
         <object_component_ref idref="oc-2c2"/>
      </symbol>
      <symbol id="sm-9d8">
         <name>strspn</name>
         <value>0x75af</value>
         <object_component_ref idref="oc-1e9"/>
      </symbol>
      <symbol id="sm-a38">
         <name>strtold</name>
         <value>0x50e5</value>
         <object_component_ref idref="oc-2ab"/>
      </symbol>
      <symbol id="sm-a39">
         <name>strtod</name>
         <value>0x50e5</value>
         <object_component_ref idref="oc-2ab"/>
      </symbol>
      <symbol id="sm-a5d">
         <name>strtol</name>
         <value>0x6711</value>
         <object_component_ref idref="oc-2b6"/>
      </symbol>
      <symbol id="sm-a83">
         <name>strtoll</name>
         <value>0x5aed</value>
         <object_component_ref idref="oc-2bc"/>
      </symbol>
      <symbol id="sm-aa3">
         <name>strtoul</name>
         <value>0x6a75</value>
         <object_component_ref idref="oc-2a5"/>
      </symbol>
      <symbol id="sm-ac6">
         <name>strtoull</name>
         <value>0x6341</value>
         <object_component_ref idref="oc-29f"/>
      </symbol>
      <symbol id="sm-adc">
         <name>__aeabi_errno_addr</name>
         <value>0x7779</value>
         <object_component_ref idref="oc-27e"/>
      </symbol>
      <symbol id="sm-add">
         <name>errno</name>
         <value>0x20001128</value>
         <object_component_ref idref="oc-367"/>
      </symbol>
      <symbol id="sm-ae7">
         <name>copysign</name>
         <value>0x7659</value>
         <object_component_ref idref="oc-3cb"/>
      </symbol>
      <symbol id="sm-ae8">
         <name>copysignl</name>
         <value>0x7659</value>
         <object_component_ref idref="oc-3cb"/>
      </symbol>
      <symbol id="sm-af2">
         <name>__aeabi_idiv0</name>
         <value>0x48ff</value>
         <object_component_ref idref="oc-3b2"/>
      </symbol>
      <symbol id="sm-af3">
         <name>__aeabi_ldiv0</name>
         <value>0x48ff</value>
         <object_component_ref idref="oc-3b2"/>
      </symbol>
      <symbol id="sm-afc">
         <name>__aeabi_lmul</name>
         <value>0x768b</value>
         <object_component_ref idref="oc-381"/>
      </symbol>
      <symbol id="sm-afd">
         <name>__TI_static_base__</name>
         <value>0x0</value>
      </symbol>
      <symbol id="sm-b00">
         <name>__mpu_init</name>
         <value>0x0</value>
      </symbol>
      <symbol id="sm-b01">
         <name>_system_post_cinit</name>
         <value>0x0</value>
      </symbol>
   </symbol_table>
   <title>Link successful</title>
</link_info>
