******************************************************************************
                  TI ARM Linker PC v20.2.5                     
******************************************************************************
>> Linked Fri Mar 11 15:59:34 2022

OUTPUT FILE NAME:   <dhcp.out>
ENTRY POINT SYMBOL: "_c_int00_noargs"  address: 0000754d


MEMORY CONFIGURATION

         name            origin    length      used     unused   attr    fill
----------------------  --------  ---------  --------  --------  ----  --------
  FLASH                 00000000   00040000  000079b0  00038650  R  X
  SRAM                  20000000   00008000  0000112d  00006ed3  RW X


SEGMENT ALLOCATION MAP

run origin  load origin   length   init length attrs members
----------  ----------- ---------- ----------- ----- -------
00000000    00000000    000079b0   000079b0    r-x
  00000000    00000000    0000026c   0000026c    r-- .intvecs
  0000026c    0000026c    00007524   00007524    r-x .text
  00007790    00007790    000001e0   000001e0    r-- .const
  00007970    00007970    00000040   00000040    r-- .cinit
20000000    20000000    00001130   00000000    rw-
  20000000    20000000    00001000   00000000    rw- .stack
  20001000    20001000    000000e1   00000000    rw- .bss
  200010e4    200010e4    0000004c   00000000    rw- .data


SECTION ALLOCATION MAP

 output                                  attributes/
section   page    origin      length       input sections
--------  ----  ----------  ----------   ----------------
.intvecs   0    00000000    0000026c     
                  00000000    0000026c     tm4c123gh6pm_startup_ccs.obj (.intvecs)

.text      0    0000026c    00007524     
                  0000026c    000013a4     eth0.obj (.text)
                  00001610    0000128c     dhcp.obj (.text)
                  0000289c    00000b14     rtsv7M4_T_le_v4SPD16_eabi.lib : _scanfi.c.obj (.text:__TI_scanfi)
                  000033b0    00000b00     ethernet1.obj (.text)
                  00003eb0    00000a4e     rtsv7M4_T_le_v4SPD16_eabi.lib : _printfi.c.obj (.text:__TI_printfi)
                  000048fe    00000002                                   : div0.asm.obj (.text)
                  00004900    000007e4     gpio.obj (.text)
                  000050e4    00000460     rtsv7M4_T_le_v4SPD16_eabi.lib : strtod.c.obj (.text:strtod)
                  00005544    00000338     timer.obj (.text)
                  0000587c    00000270     rtsv7M4_T_le_v4SPD16_eabi.lib : _printfi.c.obj (.text:_pconv_a)
                  00005aec    000001dc                                   : strtoll.c.obj (.text:strtoll)
                  00005cc8    000001d0                                   : _printfi.c.obj (.text:_pconv_g)
                  00005e98    000001b6                                   : fd_add_t2.asm.obj (.text)
                  0000604e    00000002     --HOLE-- [fill = 0]
                  00006050    00000190     uart0.obj (.text)
                  000061e0    00000160     spi0.obj (.text)
                  00006340    0000015c     rtsv7M4_T_le_v4SPD16_eabi.lib : strtoull.c.obj (.text:strtoull)
                  0000649c    0000013c                                   : _printfi.c.obj (.text:_pconv_e)
                  000065d8    00000136                                   : fd_div_t2.asm.obj (.text)
                  0000670e    00000002     --HOLE-- [fill = 0]
                  00006710    00000130                                   : strtol.c.obj (.text:strtol)
                  00006840    00000124                                   : _printfi.c.obj (.text:fcvt)
                  00006964    00000110                                   : s_scalbn.c.obj (.text:scalbn)
                  00006a74    00000110                                   : strtoul.c.obj (.text:strtoul)
                  00006b84    000000fc                                   : fd_mul_t2.asm.obj (.text)
                  00006c80    000000b1                                   : _printfi.c.obj (.text:_ltostr)
                  00006d31    00000001     --HOLE-- [fill = 0]
                  00006d32    0000009c                                   : memcpy_t2.asm.obj (.text)
                  00006dce    00000096                                   : ull_div_t2.asm.obj (.text)
                  00006e64    00000086                                   : fd_cmp_t2.asm.obj (.text:__aeabi_cdcmple)
                  00006eea    00000086                                   : fd_cmp_t2.asm.obj (.text:__aeabi_cdrcmple)
                  00006f70    00000084     eeprom.obj (.text)
                  00006ff4    0000007a     rtsv7M4_T_le_v4SPD16_eabi.lib : memset_t2.asm.obj (.text)
                  0000706e    0000006e                                   : _printfi.c.obj (.text:_mcpy)
                  000070dc    0000006e                                   : fd_tos_t2.asm.obj (.text)
                  0000714a    00000002     --HOLE-- [fill = 0]
                  0000714c    00000068                                   : sscanf.c.obj (.text:_chkmbc)
                  000071b4    00000068                                   : copy_decompress_lzss.c.obj (.text:decompress:lzss:__TI_decompress_lzss)
                  0000721c    00000064                                   : s_frexp.c.obj (.text:frexp)
                  00007280    00000056                                   : _printfi.c.obj (.text:_pconv_f)
                  000072d6    00000054                                   : _ltoa.c.obj (.text:__TI_ltoa)
                  0000732a    00000052                                   : _printfi.c.obj (.text:_ecpy)
                  0000737c    0000004c                                   : atoi.c.obj (.text:atoi)
                  000073c8    00000048                                   : fd_toi_t2.asm.obj (.text)
                  00007410    00000044                                   : autoinit.c.obj (.text:__TI_auto_init_nobinit_nopinit:__TI_auto_init_nobinit_nopinit)
                  00007454    00000040                                   : sprintf.c.obj (.text:sprintf)
                  00007494    00000040                                   : strtok.c.obj (.text:strtok)
                  000074d4    0000003e                                   : _printfi.c.obj (.text:_fcpy)
                  00007512    00000002     --HOLE-- [fill = 0]
                  00007514    00000038                                   : sscanf.c.obj (.text:sscanf)
                  0000754c    00000034                                   : boot_cortex_m.c.obj (.text:_c_int00_noargs:_c_int00_noargs)
                  00007580    0000002e                                   : i_tofd_t2.asm.obj (.text)
                  000075ae    0000002a                                   : strspn.c.obj (.text:strspn)
                  000075d8    00000024                                   : strcspn.c.obj (.text:strcspn)
                  000075fc    00000024     wait.obj (.text)
                  00007620    0000001c     rtsv7M4_T_le_v4SPD16_eabi.lib : copy_zero_init.c.obj (.text:decompress:ZI:__TI_zero_init_nomemset:__TI_zero_init_nomemset)
                  0000763c    0000001c                                   : memccpy.c.obj (.text:memccpy)
                  00007658    0000001a                                   : s_copysign.c.obj (.text:copysign)
                  00007672    00000018                                   : sprintf.c.obj (.text:_outs)
                  0000768a    00000018                                   : ll_mul_t2.asm.obj (.text)
                  000076a2    00000018                                   : strcmp.c.obj (.text:strcmp)
                  000076ba    00000018                                   : strrchr.c.obj (.text:strrchr)
                  000076d2    00000016                                   : strchr.c.obj (.text:strchr)
                  000076e8    00000014                                   : strcpy.c.obj (.text:strcpy)
                  000076fc    00000014                                   : strlen.c.obj (.text:strlen)
                  00007710    00000012                                   : sscanf.c.obj (.text:_inpchar)
                  00007722    00000012                                   : wcslen.c.obj (.text:wcslen)
                  00007734    00000010     clock.obj (.text)
                  00007744    00000010     rtsv7M4_T_le_v4SPD16_eabi.lib : tolower.c.obj (.text:tolower)
                  00007754    0000000e                                   : copy_decompress_none.c.obj (.text:decompress:none:__TI_decompress_none)
                  00007762    0000000c     tm4c123gh6pm_startup_ccs.obj (.text)
                  0000776e    0000000a     rtsv7M4_T_le_v4SPD16_eabi.lib : sprintf.c.obj (.text:_outc)
                  00007778    00000008                                   : errno.c.obj (.text:__aeabi_errno_addr)
                  00007780    00000008                                   : sscanf.c.obj (.text:_uninpchar)
                  00007788    00000004                                   : pre_init.c.obj (.text:_system_pre_init)
                  0000778c    00000004                                   : exit.c.obj (.text:abort:abort)

.const     0    00007790    000001e0     
                  00007790    00000101     rtsv7M4_T_le_v4SPD16_eabi.lib : ctype.c.obj (.const:.string:_ctypes_)
                  00007891    00000007     --HOLE-- [fill = 0]
                  00007898    000000c8                                   : strtod.c.obj (.const:$O1$$)
                  00007960    00000010                                   : _scanfi.c.obj (.const:$O1$$)

.cinit     0    00007970    00000040     
                  00007970    00000019     (.cinit..data.load) [load image, compression = lzss]
                  00007989    00000003     --HOLE-- [fill = 0]
                  0000798c    0000000c     (__TI_handler_table)
                  00007998    00000008     (.cinit..bss.load) [load image, compression = zero_init]
                  000079a0    00000010     (__TI_cinit_table)

.init_array 
*          0    00000000    00000000     UNINITIALIZED

.bss       0    20001000    000000e1     UNINITIALIZED
                  20001000    00000054     (.common:strInput)
                  20001054    00000028     (.common:fn)
                  2000107c    00000028     (.common:period)
                  200010a4    00000028     (.common:ticks)
                  200010cc    0000000c     (.common:reload)
                  200010d8    00000004     (.common:lease)
                  200010dc    00000004     (.common:token)
                  200010e0    00000001     (.common:requestBit)

.data      0    200010e4    0000004c     UNINITIALIZED
                  200010e4    0000000c     dhcp.obj (.data)
                  200010f0    00000006     eth0.obj (.data:hwAddress)
                  200010f6    00000002     --HOLE--
                  200010f8    00000005     ethernet1.obj (.data)
                  200010fd    00000004     dhcp.obj (.data:dhcpOfferedIpAdd)
                  20001101    00000004     eth0.obj (.data:dhcpServerAddress)
                  20001105    00000004     dhcp.obj (.data:dhcpServerIpAdd)
                  20001109    00000004     ethernet1.obj (.data:dummy)
                  2000110d    00000004     eth0.obj (.data)
                  20001111    00000004     eth0.obj (.data:ipAddress)
                  20001115    00000004     eth0.obj (.data:ipDnsAddress)
                  20001119    00000004     eth0.obj (.data:ipGwAddress)
                  2000111d    00000004     eth0.obj (.data:ipSubnetMask)
                  20001121    00000004     eth0.obj (.data:ipTimeServerAddress)
                  20001125    00000003     --HOLE--
                  20001128    00000004     rtsv7M4_T_le_v4SPD16_eabi.lib : errno.c.obj (.data)
                  2000112c    00000004                                   : strtok.c.obj (.data)

.stack     0    20000000    00001000     UNINITIALIZED
                  20000000    00000004     rtsv7M4_T_le_v4SPD16_eabi.lib : boot_cortex_m.c.obj (.stack)
                  20000004    00000ffc     --HOLE--

__llvm_prf_cnts 
*          0    20000000    00000000     UNINITIALIZED

MODULE SUMMARY

       Module                         code    ro data   rw data
       ------                         ----    -------   -------
    .\
       eth0.obj                       5028    0         34     
       dhcp.obj                       4748    0         25     
       ethernet1.obj                  2816    0         97     
       gpio.obj                       2020    0         0      
       timer.obj                      824     0         132    
       tm4c123gh6pm_startup_ccs.obj   12      620       0      
       uart0.obj                      400     0         0      
       spi0.obj                       352     0         0      
       eeprom.obj                     132     0         0      
       wait.obj                       36      0         0      
       clock.obj                      16      0         0      
    +--+------------------------------+-------+---------+---------+
       Total:                         16384   620       288    
                                                               
    C:\ti\ccs1110\ccs\tools\compiler\ti-cgt-arm_20.2.5.LTS\lib\rtsv7M4_T_le_v4SPD16_eabi.lib
       _printfi.c.obj                 4851    0         0      
       _scanfi.c.obj                  2836    16        0      
       strtod.c.obj                   1120    200       0      
       strtoll.c.obj                  476     0         0      
       fd_add_t2.asm.obj              438     0         0      
       strtoull.c.obj                 348     0         0      
       fd_div_t2.asm.obj              310     0         0      
       strtol.c.obj                   304     0         0      
       s_scalbn.c.obj                 272     0         0      
       strtoul.c.obj                  272     0         0      
       fd_cmp_t2.asm.obj              268     0         0      
       ctype.c.obj                    0       257       0      
       fd_mul_t2.asm.obj              252     0         0      
       sscanf.c.obj                   186     0         0      
       memcpy_t2.asm.obj              156     0         0      
       ull_div_t2.asm.obj             150     0         0      
       memset_t2.asm.obj              122     0         0      
       fd_tos_t2.asm.obj              110     0         0      
       copy_decompress_lzss.c.obj     104     0         0      
       s_frexp.c.obj                  100     0         0      
       sprintf.c.obj                  98      0         0      
       _ltoa.c.obj                    84      0         0      
       atoi.c.obj                     76      0         0      
       fd_toi_t2.asm.obj              72      0         0      
       autoinit.c.obj                 68      0         0      
       strtok.c.obj                   64      0         4      
       boot_cortex_m.c.obj            52      0         0      
       i_tofd_t2.asm.obj              46      0         0      
       strspn.c.obj                   42      0         0      
       strcspn.c.obj                  36      0         0      
       copy_zero_init.c.obj           28      0         0      
       memccpy.c.obj                  28      0         0      
       s_copysign.c.obj               26      0         0      
       ll_mul_t2.asm.obj              24      0         0      
       strcmp.c.obj                   24      0         0      
       strrchr.c.obj                  24      0         0      
       strchr.c.obj                   22      0         0      
       strcpy.c.obj                   20      0         0      
       strlen.c.obj                   20      0         0      
       wcslen.c.obj                   18      0         0      
       tolower.c.obj                  16      0         0      
       copy_decompress_none.c.obj     14      0         0      
       errno.c.obj                    8       0         4      
       exit.c.obj                     4       0         0      
       pre_init.c.obj                 4       0         0      
       div0.asm.obj                   2       0         0      
    +--+------------------------------+-------+---------+---------+
       Total:                         13595   473       8      
                                                               
       Stack:                         0       0         4096   
       Linker Generated:              0       61        0      
    +--+------------------------------+-------+---------+---------+
       Grand Total:                   29979   1154      4392   


LINKER GENERATED COPY TABLES

__TI_cinit_table @ 000079a0 records: 2, size/record: 8, table size: 16
	.data: load addr=00007970, load size=00000019 bytes, run addr=200010e4, run size=0000004c bytes, compression=lzss
	.bss: load addr=00007998, load size=00000008 bytes, run addr=20001000, run size=000000e1 bytes, compression=zero_init


LINKER GENERATED HANDLER TABLE

__TI_handler_table @ 0000798c records: 3, size/record: 4, table size: 12
	index: 0, handler: __TI_decompress_lzss
	index: 1, handler: __TI_decompress_none
	index: 2, handler: __TI_zero_init


GLOBAL SYMBOLS: SORTED ALPHABETICALLY BY Name 

address   name                          
-------   ----                          
0000778d  C$$EXIT                       
00007763  ResetISR                      
200010e8  T1                            
200010ec  T2                            
20001000  __STACK_END                   
00001000  __STACK_SIZE                  
20000200  __STACK_TOP                   
000079a0  __TI_CINIT_Base               
000079b0  __TI_CINIT_Limit              
0000798c  __TI_Handler_Table_Base       
00007998  __TI_Handler_Table_Limit      
00007411  __TI_auto_init_nobinit_nopinit
000071b5  __TI_decompress_lzss          
00007755  __TI_decompress_none          
000072d7  __TI_ltoa                     
ffffffff  __TI_pprof_out_hndl           
00003eb1  __TI_printfi                  
ffffffff  __TI_prof_data_size           
ffffffff  __TI_prof_data_start          
0000289d  __TI_scanfi                   
00000000  __TI_static_base__            
00007621  __TI_zero_init_nomemset       
00006e65  __aeabi_cdcmpeq               
00006e65  __aeabi_cdcmple               
00006eeb  __aeabi_cdrcmple              
000070dd  __aeabi_d2f                   
000073c9  __aeabi_d2iz                  
00005ea3  __aeabi_dadd                  
000065d9  __aeabi_ddiv                  
00006b85  __aeabi_dmul                  
00005e99  __aeabi_dsub                  
00007779  __aeabi_errno_addr            
00007581  __aeabi_i2d                   
000048ff  __aeabi_idiv0                 
000048ff  __aeabi_ldiv0                 
0000768b  __aeabi_lmul                  
00006ff5  __aeabi_memclr                
00006ff5  __aeabi_memclr4               
00006ff5  __aeabi_memclr8               
00006d33  __aeabi_memcpy                
00006d33  __aeabi_memcpy4               
00006d33  __aeabi_memcpy8               
00006ff7  __aeabi_memset                
00006ff7  __aeabi_memset4               
00006ff7  __aeabi_memset8               
00006dcf  __aeabi_uldivmod              
ffffffff  __binit__                     
ffffffff  __c_args__                    
UNDEFED   __mpu_init                    
20000000  __stack                       
20000000  __start___llvm_prf_cnts       
20000000  __stop___llvm_prf_cnts        
0000754d  _c_int00_noargs               
00007790  _ctypes_                      
UNDEFED   _system_post_cinit            
00007789  _system_pre_init              
0000778d  abort                         
00003423  arptimer                      
000037f1  asciiToUint8                  
0000737d  atoi                          
ffffffff  binit                         
00004f55  clearPinInterrupt             
00007659  copysign                      
00007659  copysignl                     
200010fc  count                         
0000165f  dhcpDisable                   
00001657  dhcpEnable                    
20001110  dhcpEnabled                   
000016f1  dhcpGetLeaseSeconds           
00001625  dhcpGetState                  
00002525  dhcpHandleAck                 
0000230d  dhcpIsAck                     
000016bf  dhcpIsEnabled                 
0000220f  dhcpIsOffer                   
200010fd  dhcpOfferedIpAdd              
000027b3  dhcpProcessArpResponse        
00002707  dhcpProcessDhcpResponse       
000016e1  dhcpRequestRebind             
000016e9  dhcpRequestRelease            
000016d1  dhcpRequestRenew              
00001729  dhcpSendMessage               
0000263b  dhcpSendPendingMessages       
20001101  dhcpServerAddress             
20001105  dhcpServerIpAdd               
00001611  dhcpSetState                  
200010e4  dhcpState                     
00004f31  disablePinInterrupt           
00004c69  disablePinPulldown            
00004c21  disablePinPullup              
000049bd  disablePort                   
0000340f  discovertimer                 
00003495  displayConnectionInfo         
20001109  dummy                         
00004f0d  enablePinInterrupt            
00004c45  enablePinPulldown             
00004bf3  enablePinPullup               
00004901  enablePort                    
20001128  errno                         
000008dd  etherCalcIpChecksum           
0000032b  etherClearReg                 
00000283  etherCsOff                    
0000026d  etherCsOn                     
000014a1  etherGetDhcpServerAddress     
00001221  etherGetId                    
00001297  etherGetIpAddress             
000013f3  etherGetIpDnsAddress          
0000137f  etherGetIpGatewayAddress      
0000130b  etherGetIpSubnetMask          
000014db  etherGetIpTimeServerAddress   
000015a9  etherGetMacAddress            
00000661  etherGetPacket                
00000f25  etherGetUdpData               
0000122d  etherIncId                    
00000477  etherInit                     
00000ba1  etherIsArpRequest             
00000c3f  etherIsArpResponse            
00000617  etherIsDataAvailable          
000010f5  etherIsDhcpResponse           
00000971  etherIsIp                     
000009e1  etherIsIpUnicast              
00001237  etherIsIpValid                
000005fd  etherIsLinkUp                 
00000631  etherIsOverflow               
00000a45  etherIsPingRequest            
0000114f  etherIsTcp                    
00000e7d  etherIsUdp                    
00000751  etherPutPacket                
0000045f  etherReadMem                  
0000044d  etherReadMemStart             
0000046f  etherReadMemStop              
000003b3  etherReadPhy                  
000002c5  etherReadReg                  
00000d69  etherSendArpRequest           
00000c99  etherSendArpResponse          
00000a91  etherSendPingResponse         
00000f55  etherSendUdpResponse          
0000035f  etherSetBank                  
00001467  etherSetDhcpServerAddress     
0000125d  etherSetIpAddress             
000013b9  etherSetIpDnsAddress          
00001345  etherSetIpGatewayAddress      
000012d1  etherSetIpSubnetMask          
0000142d  etherSetIpTimeServerAddress   
00001529  etherSetMacAddress            
000002f7  etherSetReg                   
00000837  etherSumWords                 
00000431  etherWriteMem                 
0000041f  etherWriteMemStart            
00000445  etherWriteMemStop             
0000037b  etherWritePhy                 
00000291  etherWriteReg                 
20001054  fn                            
0000721d  frexp                         
0000721d  frexpl                        
00000000  g_pfnVectors                  
000008ab  getEtherChecksum              
00001651  getLease                      
000020ed  getOption                     
00004f9f  getPinValue                   
00005055  getPortValue                  
0000163f  getRequestBit                 
00001645  getT1                         
0000164b  getT2                         
0000616d  getcUart0                     
0000093d  htonl                         
00000919  htons                         
200010f0  hwAddress                     
00006f71  initEeprom                    
000033b1  initHw                        
000061e1  initSpi0                      
00007735  initSystemClockTo40Mhz        
00005545  initTimer                     
00006051  initUart0                     
20001111  ipAddress                     
20001115  ipDnsAddress                  
20001119  ipGwAddress                   
2000111d  ipSubnetMask                  
20001121  ipTimeServerAddress           
00006181  kbhitUart0                    
00006965  ldexp                         
00006965  ldexpl                        
200010d8  lease                         
00003475  leasetimer                    
00003ca9  main                          
0000763d  memccpy                       
00006d33  memcpy                        
00006ffd  memset                        
200010e5  needDiscover                  
200010e7  needRelease                   
200010e6  needRequest                   
2000110d  nextPacketLsb                 
2000110e  nextPacketMsb                 
2000107c  period                        
000038cd  processShell                  
00006125  putcUart0                     
00006141  putsUart0                     
0000583f  random32                      
00003743  readConfiguration             
00006fb9  readEeprom                    
00006319  readSpi0Data                  
0000346d  rebindtimer                   
200010cc  reload                        
0000345f  renewRequestTimer             
00003451  renewtimer                    
200010e0  requestBit                    
00003419  requesttimer                  
000033ed  reset_values                  
00005757  restartTimer                  
00006965  scalbn                        
00006965  scalbnl                       
00004b27  selectPinAnalogInput          
00004ad9  selectPinDigitalInput         
00004e43  selectPinInterruptBothEdges   
00004df3  selectPinInterruptFallingEdge 
00004e99  selectPinInterruptHighLevel   
00004ed3  selectPinInterruptLowLevel    
00004da3  selectPinInterruptRisingEdge  
00004a8b  selectPinOpenDrainOutput      
00004a3d  selectPinPushPullOutput       
2000110f  sequenceId                    
00004c91  setPinAuxFunction             
00004b77  setPinCommitControl           
00004f79  setPinValue                   
00004fd9  setPortValue                  
0000162b  setRequestBit                 
0000627d  setSpi0BaudRate               
000062b3  setSpi0Mode                   
000060e5  setUart0BaudRate              
00007455  sprintf                       
00007515  sscanf                        
000055e5  startOneshotTimer             
0000566b  startPeriodicTimer            
000056f1  stopTimer                     
20001000  strInput                      
000076d3  strchr                        
000076a3  strcmp                        
000076e9  strcpy                        
000075d9  strcspn                       
000076fd  strlen                        
000076bb  strrchr                       
000075af  strspn                        
000050e5  strtod                        
00007495  strtok                        
00006711  strtol                        
000050e5  strtold                       
00005aed  strtoll                       
00006a75  strtoul                       
00006341  strtoull                      
000057c5  tickIsr                       
200010a4  ticks                         
200010dc  token                         
00007745  tolower                       
000075fd  waitMicrosecond               
00007723  wcslen                        
00006f87  writeEeprom                   
00006301  writeSpi0Data                 
200010f8  x                             


GLOBAL SYMBOLS: SORTED BY Symbol Address 

address   name                          
-------   ----                          
00000000  __TI_static_base__            
00000000  g_pfnVectors                  
0000026d  etherCsOn                     
00000283  etherCsOff                    
00000291  etherWriteReg                 
000002c5  etherReadReg                  
000002f7  etherSetReg                   
0000032b  etherClearReg                 
0000035f  etherSetBank                  
0000037b  etherWritePhy                 
000003b3  etherReadPhy                  
0000041f  etherWriteMemStart            
00000431  etherWriteMem                 
00000445  etherWriteMemStop             
0000044d  etherReadMemStart             
0000045f  etherReadMem                  
0000046f  etherReadMemStop              
00000477  etherInit                     
000005fd  etherIsLinkUp                 
00000617  etherIsDataAvailable          
00000631  etherIsOverflow               
00000661  etherGetPacket                
00000751  etherPutPacket                
00000837  etherSumWords                 
000008ab  getEtherChecksum              
000008dd  etherCalcIpChecksum           
00000919  htons                         
0000093d  htonl                         
00000971  etherIsIp                     
000009e1  etherIsIpUnicast              
00000a45  etherIsPingRequest            
00000a91  etherSendPingResponse         
00000ba1  etherIsArpRequest             
00000c3f  etherIsArpResponse            
00000c99  etherSendArpResponse          
00000d69  etherSendArpRequest           
00000e7d  etherIsUdp                    
00000f25  etherGetUdpData               
00000f55  etherSendUdpResponse          
00001000  __STACK_SIZE                  
000010f5  etherIsDhcpResponse           
0000114f  etherIsTcp                    
00001221  etherGetId                    
0000122d  etherIncId                    
00001237  etherIsIpValid                
0000125d  etherSetIpAddress             
00001297  etherGetIpAddress             
000012d1  etherSetIpSubnetMask          
0000130b  etherGetIpSubnetMask          
00001345  etherSetIpGatewayAddress      
0000137f  etherGetIpGatewayAddress      
000013b9  etherSetIpDnsAddress          
000013f3  etherGetIpDnsAddress          
0000142d  etherSetIpTimeServerAddress   
00001467  etherSetDhcpServerAddress     
000014a1  etherGetDhcpServerAddress     
000014db  etherGetIpTimeServerAddress   
00001529  etherSetMacAddress            
000015a9  etherGetMacAddress            
00001611  dhcpSetState                  
00001625  dhcpGetState                  
0000162b  setRequestBit                 
0000163f  getRequestBit                 
00001645  getT1                         
0000164b  getT2                         
00001651  getLease                      
00001657  dhcpEnable                    
0000165f  dhcpDisable                   
000016bf  dhcpIsEnabled                 
000016d1  dhcpRequestRenew              
000016e1  dhcpRequestRebind             
000016e9  dhcpRequestRelease            
000016f1  dhcpGetLeaseSeconds           
00001729  dhcpSendMessage               
000020ed  getOption                     
0000220f  dhcpIsOffer                   
0000230d  dhcpIsAck                     
00002525  dhcpHandleAck                 
0000263b  dhcpSendPendingMessages       
00002707  dhcpProcessDhcpResponse       
000027b3  dhcpProcessArpResponse        
0000289d  __TI_scanfi                   
000033b1  initHw                        
000033ed  reset_values                  
0000340f  discovertimer                 
00003419  requesttimer                  
00003423  arptimer                      
00003451  renewtimer                    
0000345f  renewRequestTimer             
0000346d  rebindtimer                   
00003475  leasetimer                    
00003495  displayConnectionInfo         
00003743  readConfiguration             
000037f1  asciiToUint8                  
000038cd  processShell                  
00003ca9  main                          
00003eb1  __TI_printfi                  
000048ff  __aeabi_idiv0                 
000048ff  __aeabi_ldiv0                 
00004901  enablePort                    
000049bd  disablePort                   
00004a3d  selectPinPushPullOutput       
00004a8b  selectPinOpenDrainOutput      
00004ad9  selectPinDigitalInput         
00004b27  selectPinAnalogInput          
00004b77  setPinCommitControl           
00004bf3  enablePinPullup               
00004c21  disablePinPullup              
00004c45  enablePinPulldown             
00004c69  disablePinPulldown            
00004c91  setPinAuxFunction             
00004da3  selectPinInterruptRisingEdge  
00004df3  selectPinInterruptFallingEdge 
00004e43  selectPinInterruptBothEdges   
00004e99  selectPinInterruptHighLevel   
00004ed3  selectPinInterruptLowLevel    
00004f0d  enablePinInterrupt            
00004f31  disablePinInterrupt           
00004f55  clearPinInterrupt             
00004f79  setPinValue                   
00004f9f  getPinValue                   
00004fd9  setPortValue                  
00005055  getPortValue                  
000050e5  strtod                        
000050e5  strtold                       
00005545  initTimer                     
000055e5  startOneshotTimer             
0000566b  startPeriodicTimer            
000056f1  stopTimer                     
00005757  restartTimer                  
000057c5  tickIsr                       
0000583f  random32                      
00005aed  strtoll                       
00005e99  __aeabi_dsub                  
00005ea3  __aeabi_dadd                  
00006051  initUart0                     
000060e5  setUart0BaudRate              
00006125  putcUart0                     
00006141  putsUart0                     
0000616d  getcUart0                     
00006181  kbhitUart0                    
000061e1  initSpi0                      
0000627d  setSpi0BaudRate               
000062b3  setSpi0Mode                   
00006301  writeSpi0Data                 
00006319  readSpi0Data                  
00006341  strtoull                      
000065d9  __aeabi_ddiv                  
00006711  strtol                        
00006965  ldexp                         
00006965  ldexpl                        
00006965  scalbn                        
00006965  scalbnl                       
00006a75  strtoul                       
00006b85  __aeabi_dmul                  
00006d33  __aeabi_memcpy                
00006d33  __aeabi_memcpy4               
00006d33  __aeabi_memcpy8               
00006d33  memcpy                        
00006dcf  __aeabi_uldivmod              
00006e65  __aeabi_cdcmpeq               
00006e65  __aeabi_cdcmple               
00006eeb  __aeabi_cdrcmple              
00006f71  initEeprom                    
00006f87  writeEeprom                   
00006fb9  readEeprom                    
00006ff5  __aeabi_memclr                
00006ff5  __aeabi_memclr4               
00006ff5  __aeabi_memclr8               
00006ff7  __aeabi_memset                
00006ff7  __aeabi_memset4               
00006ff7  __aeabi_memset8               
00006ffd  memset                        
000070dd  __aeabi_d2f                   
000071b5  __TI_decompress_lzss          
0000721d  frexp                         
0000721d  frexpl                        
000072d7  __TI_ltoa                     
0000737d  atoi                          
000073c9  __aeabi_d2iz                  
00007411  __TI_auto_init_nobinit_nopinit
00007455  sprintf                       
00007495  strtok                        
00007515  sscanf                        
0000754d  _c_int00_noargs               
00007581  __aeabi_i2d                   
000075af  strspn                        
000075d9  strcspn                       
000075fd  waitMicrosecond               
00007621  __TI_zero_init_nomemset       
0000763d  memccpy                       
00007659  copysign                      
00007659  copysignl                     
0000768b  __aeabi_lmul                  
000076a3  strcmp                        
000076bb  strrchr                       
000076d3  strchr                        
000076e9  strcpy                        
000076fd  strlen                        
00007723  wcslen                        
00007735  initSystemClockTo40Mhz        
00007745  tolower                       
00007755  __TI_decompress_none          
00007763  ResetISR                      
00007779  __aeabi_errno_addr            
00007789  _system_pre_init              
0000778d  C$$EXIT                       
0000778d  abort                         
00007790  _ctypes_                      
0000798c  __TI_Handler_Table_Base       
00007998  __TI_Handler_Table_Limit      
000079a0  __TI_CINIT_Base               
000079b0  __TI_CINIT_Limit              
20000000  __stack                       
20000000  __start___llvm_prf_cnts       
20000000  __stop___llvm_prf_cnts        
20000200  __STACK_TOP                   
20001000  __STACK_END                   
20001000  strInput                      
20001054  fn                            
2000107c  period                        
200010a4  ticks                         
200010cc  reload                        
200010d8  lease                         
200010dc  token                         
200010e0  requestBit                    
200010e4  dhcpState                     
200010e5  needDiscover                  
200010e6  needRequest                   
200010e7  needRelease                   
200010e8  T1                            
200010ec  T2                            
200010f0  hwAddress                     
200010f8  x                             
200010fc  count                         
200010fd  dhcpOfferedIpAdd              
20001101  dhcpServerAddress             
20001105  dhcpServerIpAdd               
20001109  dummy                         
2000110d  nextPacketLsb                 
2000110e  nextPacketMsb                 
2000110f  sequenceId                    
20001110  dhcpEnabled                   
20001111  ipAddress                     
20001115  ipDnsAddress                  
20001119  ipGwAddress                   
2000111d  ipSubnetMask                  
20001121  ipTimeServerAddress           
20001128  errno                         
ffffffff  __TI_pprof_out_hndl           
ffffffff  __TI_prof_data_size           
ffffffff  __TI_prof_data_start          
ffffffff  __binit__                     
ffffffff  __c_args__                    
ffffffff  binit                         
UNDEFED   __mpu_init                    
UNDEFED   _system_post_cinit            

[257 symbols]
