******************************************************************************
                  TI ARM Linker PC v20.2.5                     
******************************************************************************
>> Linked Tue Mar 22 16:31:08 2022

OUTPUT FILE NAME:   <dhcp.out>
ENTRY POINT SYMBOL: "_c_int00_noargs"  address: 000076a5


MEMORY CONFIGURATION

         name            origin    length      used     unused   attr    fill
----------------------  --------  ---------  --------  --------  ----  --------
  FLASH                 00000000   00040000  00007b08  000384f8  R  X
  SRAM                  20000000   00008000  0000112d  00006ed3  RW X


SEGMENT ALLOCATION MAP

run origin  load origin   length   init length attrs members
----------  ----------- ---------- ----------- ----- -------
00000000    00000000    00007b08   00007b08    r-x
  00000000    00000000    0000026c   0000026c    r-- .intvecs
  0000026c    0000026c    0000767c   0000767c    r-x .text
  000078e8    000078e8    000001e0   000001e0    r-- .const
  00007ac8    00007ac8    00000040   00000040    r-- .cinit
20000000    20000000    00001130   00000000    rw-
  20000000    20000000    00001000   00000000    rw- .stack
  20001000    20001000    000000dd   00000000    rw- .bss
  200010e0    200010e0    00000050   00000000    rw- .data


SECTION ALLOCATION MAP

 output                                  attributes/
section   page    origin      length       input sections
--------  ----  ----------  ----------   ----------------
.intvecs   0    00000000    0000026c     
                  00000000    0000026c     tm4c123gh6pm_startup_ccs.obj (.intvecs)

.text      0    0000026c    0000767c     
                  0000026c    000013d0     dhcp.obj (.text)
                  0000163c    000013a4     eth0.obj (.text)
                  000029e0    00000b14     rtsv7M4_T_le_v4SPD16_eabi.lib : _scanfi.c.obj (.text:__TI_scanfi)
                  000034f4    00000b14     ethernet1.obj (.text)
                  00004008    00000a4e     rtsv7M4_T_le_v4SPD16_eabi.lib : _printfi.c.obj (.text:__TI_printfi)
                  00004a56    00000002                                   : div0.asm.obj (.text)
                  00004a58    000007e4     gpio.obj (.text)
                  0000523c    00000460     rtsv7M4_T_le_v4SPD16_eabi.lib : strtod.c.obj (.text:strtod)
                  0000569c    00000338     timer.obj (.text)
                  000059d4    00000270     rtsv7M4_T_le_v4SPD16_eabi.lib : _printfi.c.obj (.text:_pconv_a)
                  00005c44    000001dc                                   : strtoll.c.obj (.text:strtoll)
                  00005e20    000001d0                                   : _printfi.c.obj (.text:_pconv_g)
                  00005ff0    000001b6                                   : fd_add_t2.asm.obj (.text)
                  000061a6    00000002     --HOLE-- [fill = 0]
                  000061a8    00000190     uart0.obj (.text)
                  00006338    00000160     spi0.obj (.text)
                  00006498    0000015c     rtsv7M4_T_le_v4SPD16_eabi.lib : strtoull.c.obj (.text:strtoull)
                  000065f4    0000013c                                   : _printfi.c.obj (.text:_pconv_e)
                  00006730    00000136                                   : fd_div_t2.asm.obj (.text)
                  00006866    00000002     --HOLE-- [fill = 0]
                  00006868    00000130                                   : strtol.c.obj (.text:strtol)
                  00006998    00000124                                   : _printfi.c.obj (.text:fcvt)
                  00006abc    00000110                                   : s_scalbn.c.obj (.text:scalbn)
                  00006bcc    00000110                                   : strtoul.c.obj (.text:strtoul)
                  00006cdc    000000fc                                   : fd_mul_t2.asm.obj (.text)
                  00006dd8    000000b1                                   : _printfi.c.obj (.text:_ltostr)
                  00006e89    00000001     --HOLE-- [fill = 0]
                  00006e8a    0000009c                                   : memcpy_t2.asm.obj (.text)
                  00006f26    00000096                                   : ull_div_t2.asm.obj (.text)
                  00006fbc    00000086                                   : fd_cmp_t2.asm.obj (.text:__aeabi_cdcmple)
                  00007042    00000086                                   : fd_cmp_t2.asm.obj (.text:__aeabi_cdrcmple)
                  000070c8    00000084     eeprom.obj (.text)
                  0000714c    0000007a     rtsv7M4_T_le_v4SPD16_eabi.lib : memset_t2.asm.obj (.text)
                  000071c6    0000006e                                   : _printfi.c.obj (.text:_mcpy)
                  00007234    0000006e                                   : fd_tos_t2.asm.obj (.text)
                  000072a2    00000002     --HOLE-- [fill = 0]
                  000072a4    00000068                                   : sscanf.c.obj (.text:_chkmbc)
                  0000730c    00000068                                   : copy_decompress_lzss.c.obj (.text:decompress:lzss:__TI_decompress_lzss)
                  00007374    00000064                                   : s_frexp.c.obj (.text:frexp)
                  000073d8    00000056                                   : _printfi.c.obj (.text:_pconv_f)
                  0000742e    00000054                                   : _ltoa.c.obj (.text:__TI_ltoa)
                  00007482    00000052                                   : _printfi.c.obj (.text:_ecpy)
                  000074d4    0000004c                                   : atoi.c.obj (.text:atoi)
                  00007520    00000048                                   : fd_toi_t2.asm.obj (.text)
                  00007568    00000044                                   : autoinit.c.obj (.text:__TI_auto_init_nobinit_nopinit:__TI_auto_init_nobinit_nopinit)
                  000075ac    00000040                                   : sprintf.c.obj (.text:sprintf)
                  000075ec    00000040                                   : strtok.c.obj (.text:strtok)
                  0000762c    0000003e                                   : _printfi.c.obj (.text:_fcpy)
                  0000766a    00000002     --HOLE-- [fill = 0]
                  0000766c    00000038                                   : sscanf.c.obj (.text:sscanf)
                  000076a4    00000034                                   : boot_cortex_m.c.obj (.text:_c_int00_noargs:_c_int00_noargs)
                  000076d8    0000002e                                   : i_tofd_t2.asm.obj (.text)
                  00007706    0000002a                                   : strspn.c.obj (.text:strspn)
                  00007730    00000024                                   : strcspn.c.obj (.text:strcspn)
                  00007754    00000024     wait.obj (.text)
                  00007778    0000001c     rtsv7M4_T_le_v4SPD16_eabi.lib : copy_zero_init.c.obj (.text:decompress:ZI:__TI_zero_init_nomemset:__TI_zero_init_nomemset)
                  00007794    0000001c                                   : memccpy.c.obj (.text:memccpy)
                  000077b0    0000001a                                   : s_copysign.c.obj (.text:copysign)
                  000077ca    00000018                                   : sprintf.c.obj (.text:_outs)
                  000077e2    00000018                                   : ll_mul_t2.asm.obj (.text)
                  000077fa    00000018                                   : strcmp.c.obj (.text:strcmp)
                  00007812    00000018                                   : strrchr.c.obj (.text:strrchr)
                  0000782a    00000016                                   : strchr.c.obj (.text:strchr)
                  00007840    00000014                                   : strcpy.c.obj (.text:strcpy)
                  00007854    00000014                                   : strlen.c.obj (.text:strlen)
                  00007868    00000012                                   : sscanf.c.obj (.text:_inpchar)
                  0000787a    00000012                                   : wcslen.c.obj (.text:wcslen)
                  0000788c    00000010     clock.obj (.text)
                  0000789c    00000010     rtsv7M4_T_le_v4SPD16_eabi.lib : tolower.c.obj (.text:tolower)
                  000078ac    0000000e                                   : copy_decompress_none.c.obj (.text:decompress:none:__TI_decompress_none)
                  000078ba    0000000c     tm4c123gh6pm_startup_ccs.obj (.text)
                  000078c6    0000000a     rtsv7M4_T_le_v4SPD16_eabi.lib : sprintf.c.obj (.text:_outc)
                  000078d0    00000008                                   : errno.c.obj (.text:__aeabi_errno_addr)
                  000078d8    00000008                                   : sscanf.c.obj (.text:_uninpchar)
                  000078e0    00000004                                   : pre_init.c.obj (.text:_system_pre_init)
                  000078e4    00000004                                   : exit.c.obj (.text:abort:abort)

.const     0    000078e8    000001e0     
                  000078e8    00000101     rtsv7M4_T_le_v4SPD16_eabi.lib : ctype.c.obj (.const:.string:_ctypes_)
                  000079e9    00000007     --HOLE-- [fill = 0]
                  000079f0    000000c8                                   : strtod.c.obj (.const:$O1$$)
                  00007ab8    00000010                                   : _scanfi.c.obj (.const:$O1$$)

.cinit     0    00007ac8    00000040     
                  00007ac8    00000019     (.cinit..data.load) [load image, compression = lzss]
                  00007ae1    00000003     --HOLE-- [fill = 0]
                  00007ae4    0000000c     (__TI_handler_table)
                  00007af0    00000008     (.cinit..bss.load) [load image, compression = zero_init]
                  00007af8    00000010     (__TI_cinit_table)

.init_array 
*          0    00000000    00000000     UNINITIALIZED

.bss       0    20001000    000000dd     UNINITIALIZED
                  20001000    00000054     (.common:strInput)
                  20001054    00000028     (.common:fn)
                  2000107c    00000028     (.common:period)
                  200010a4    00000028     (.common:ticks)
                  200010cc    0000000c     (.common:reload)
                  200010d8    00000004     (.common:token)
                  200010dc    00000001     (.common:requestBit)

.data      0    200010e0    00000050     UNINITIALIZED
                  200010e0    00000010     dhcp.obj (.data)
                  200010f0    00000006     eth0.obj (.data:hwAddress)
                  200010f6    00000002     --HOLE--
                  200010f8    00000005     ethernet1.obj (.data)
                  200010fd    00000004     dhcp.obj (.data:dhcpOfferedIpAdd)
                  20001101    00000004     eth0.obj (.data:dhcpServerAddress)
                  20001105    00000004     dhcp.obj (.data:dhcpServerIpAdd)
                  20001109    00000004     ethernet1.obj (.data:dummy)
                  2000110d    00000004     eth0.obj (.data)
                  20001111    00000004     eth0.obj (.data:ipAddress)
                  20001115    00000004     eth0.obj (.data:ipDnsAddress)
                  20001119    00000004     eth0.obj (.data:ipGwAddress)
                  2000111d    00000004     eth0.obj (.data:ipSubnetMask)
                  20001121    00000004     eth0.obj (.data:ipTimeServerAddress)
                  20001125    00000003     --HOLE--
                  20001128    00000004     rtsv7M4_T_le_v4SPD16_eabi.lib : errno.c.obj (.data)
                  2000112c    00000004                                   : strtok.c.obj (.data)

.stack     0    20000000    00001000     UNINITIALIZED
                  20000000    00000004     rtsv7M4_T_le_v4SPD16_eabi.lib : boot_cortex_m.c.obj (.stack)
                  20000004    00000ffc     --HOLE--

__llvm_prf_cnts 
*          0    20000000    00000000     UNINITIALIZED

MODULE SUMMARY

       Module                         code    ro data   rw data
       ------                         ----    -------   -------
    .\
       dhcp.obj                       5072    0         25     
       eth0.obj                       5028    0         34     
       ethernet1.obj                  2836    0         97     
       gpio.obj                       2020    0         0      
       timer.obj                      824     0         132    
       tm4c123gh6pm_startup_ccs.obj   12      620       0      
       uart0.obj                      400     0         0      
       spi0.obj                       352     0         0      
       eeprom.obj                     132     0         0      
       wait.obj                       36      0         0      
       clock.obj                      16      0         0      
    +--+------------------------------+-------+---------+---------+
       Total:                         16728   620       288    
                                                               
    C:\ti\ccs1110\ccs\tools\compiler\ti-cgt-arm_20.2.5.LTS\lib\rtsv7M4_T_le_v4SPD16_eabi.lib
       _printfi.c.obj                 4851    0         0      
       _scanfi.c.obj                  2836    16        0      
       strtod.c.obj                   1120    200       0      
       strtoll.c.obj                  476     0         0      
       fd_add_t2.asm.obj              438     0         0      
       strtoull.c.obj                 348     0         0      
       fd_div_t2.asm.obj              310     0         0      
       strtol.c.obj                   304     0         0      
       s_scalbn.c.obj                 272     0         0      
       strtoul.c.obj                  272     0         0      
       fd_cmp_t2.asm.obj              268     0         0      
       ctype.c.obj                    0       257       0      
       fd_mul_t2.asm.obj              252     0         0      
       sscanf.c.obj                   186     0         0      
       memcpy_t2.asm.obj              156     0         0      
       ull_div_t2.asm.obj             150     0         0      
       memset_t2.asm.obj              122     0         0      
       fd_tos_t2.asm.obj              110     0         0      
       copy_decompress_lzss.c.obj     104     0         0      
       s_frexp.c.obj                  100     0         0      
       sprintf.c.obj                  98      0         0      
       _ltoa.c.obj                    84      0         0      
       atoi.c.obj                     76      0         0      
       fd_toi_t2.asm.obj              72      0         0      
       autoinit.c.obj                 68      0         0      
       strtok.c.obj                   64      0         4      
       boot_cortex_m.c.obj            52      0         0      
       i_tofd_t2.asm.obj              46      0         0      
       strspn.c.obj                   42      0         0      
       strcspn.c.obj                  36      0         0      
       copy_zero_init.c.obj           28      0         0      
       memccpy.c.obj                  28      0         0      
       s_copysign.c.obj               26      0         0      
       ll_mul_t2.asm.obj              24      0         0      
       strcmp.c.obj                   24      0         0      
       strrchr.c.obj                  24      0         0      
       strchr.c.obj                   22      0         0      
       strcpy.c.obj                   20      0         0      
       strlen.c.obj                   20      0         0      
       wcslen.c.obj                   18      0         0      
       tolower.c.obj                  16      0         0      
       copy_decompress_none.c.obj     14      0         0      
       errno.c.obj                    8       0         4      
       exit.c.obj                     4       0         0      
       pre_init.c.obj                 4       0         0      
       div0.asm.obj                   2       0         0      
    +--+------------------------------+-------+---------+---------+
       Total:                         13595   473       8      
                                                               
       Stack:                         0       0         4096   
       Linker Generated:              0       61        0      
    +--+------------------------------+-------+---------+---------+
       Grand Total:                   30323   1154      4392   


LINKER GENERATED COPY TABLES

__TI_cinit_table @ 00007af8 records: 2, size/record: 8, table size: 16
	.data: load addr=00007ac8, load size=00000019 bytes, run addr=200010e0, run size=00000050 bytes, compression=lzss
	.bss: load addr=00007af0, load size=00000008 bytes, run addr=20001000, run size=000000dd bytes, compression=zero_init


LINKER GENERATED HANDLER TABLE

__TI_handler_table @ 00007ae4 records: 3, size/record: 4, table size: 12
	index: 0, handler: __TI_decompress_lzss
	index: 1, handler: __TI_decompress_none
	index: 2, handler: __TI_zero_init


GLOBAL SYMBOLS: SORTED ALPHABETICALLY BY Name 

address   name                          
-------   ----                          
000078e5  C$$EXIT                       
000078bb  ResetISR                      
200010e4  T1                            
200010e8  T2                            
20001000  __STACK_END                   
00001000  __STACK_SIZE                  
20000200  __STACK_TOP                   
00007af8  __TI_CINIT_Base               
00007b08  __TI_CINIT_Limit              
00007ae4  __TI_Handler_Table_Base       
00007af0  __TI_Handler_Table_Limit      
00007569  __TI_auto_init_nobinit_nopinit
0000730d  __TI_decompress_lzss          
000078ad  __TI_decompress_none          
0000742f  __TI_ltoa                     
ffffffff  __TI_pprof_out_hndl           
00004009  __TI_printfi                  
ffffffff  __TI_prof_data_size           
ffffffff  __TI_prof_data_start          
000029e1  __TI_scanfi                   
00000000  __TI_static_base__            
00007779  __TI_zero_init_nomemset       
00006fbd  __aeabi_cdcmpeq               
00006fbd  __aeabi_cdcmple               
00007043  __aeabi_cdrcmple              
00007235  __aeabi_d2f                   
00007521  __aeabi_d2iz                  
00005ffb  __aeabi_dadd                  
00006731  __aeabi_ddiv                  
00006cdd  __aeabi_dmul                  
00005ff1  __aeabi_dsub                  
000078d1  __aeabi_errno_addr            
000076d9  __aeabi_i2d                   
00004a57  __aeabi_idiv0                 
00004a57  __aeabi_ldiv0                 
000077e3  __aeabi_lmul                  
0000714d  __aeabi_memclr                
0000714d  __aeabi_memclr4               
0000714d  __aeabi_memclr8               
00006e8b  __aeabi_memcpy                
00006e8b  __aeabi_memcpy4               
00006e8b  __aeabi_memcpy8               
0000714f  __aeabi_memset                
0000714f  __aeabi_memset4               
0000714f  __aeabi_memset8               
00006f27  __aeabi_uldivmod              
ffffffff  __binit__                     
ffffffff  __c_args__                    
UNDEFED   __mpu_init                    
20000000  __stack                       
20000000  __start___llvm_prf_cnts       
20000000  __stop___llvm_prf_cnts        
000076a5  _c_int00_noargs               
000078e8  _ctypes_                      
UNDEFED   _system_post_cinit            
000078e1  _system_pre_init              
000078e5  abort                         
00003567  arptimer                      
00003945  asciiToUint8                  
000074d5  atoi                          
ffffffff  binit                         
000050ad  clearPinInterrupt             
000077b1  copysign                      
000077b1  copysignl                     
200010fc  count                         
000002bb  dhcpDisable                   
000002b3  dhcpEnable                    
20001110  dhcpEnabled                   
000002fd  dhcpGetLeaseSeconds           
00000281  dhcpGetState                  
00001239  dhcpHandleAck                 
00001023  dhcpIsAck                     
000002cb  dhcpIsEnabled                 
00000f2f  dhcpIsOffer                   
200010fd  dhcpOfferedIpAdd              
0000152d  dhcpProcessArpResponse        
00001475  dhcpProcessDhcpResponse       
000002ed  dhcpRequestRebind             
000002f5  dhcpRequestRelease            
000002dd  dhcpRequestRenew              
00000319  dhcpSendMessage               
00001337  dhcpSendPendingMessages       
20001101  dhcpServerAddress             
20001105  dhcpServerIpAdd               
0000026d  dhcpSetState                  
200010e0  dhcpState                     
00005089  disablePinInterrupt           
00004dc1  disablePinPulldown            
00004d79  disablePinPullup              
00004b15  disablePort                   
00003553  discovertimer                 
000035e1  displayConnectionInfo         
20001109  dummy                         
00005065  enablePinInterrupt            
00004d9d  enablePinPulldown             
00004d4b  enablePinPullup               
00004a59  enablePort                    
20001128  errno                         
00001cad  etherCalcIpChecksum           
000016fb  etherClearReg                 
00001653  etherCsOff                    
0000163d  etherCsOn                     
00002871  etherGetDhcpServerAddress     
000025f1  etherGetId                    
00002667  etherGetIpAddress             
000027c3  etherGetIpDnsAddress          
0000274f  etherGetIpGatewayAddress      
000026db  etherGetIpSubnetMask          
000028ab  etherGetIpTimeServerAddress   
00002979  etherGetMacAddress            
00001a31  etherGetPacket                
000022f5  etherGetUdpData               
000025fd  etherIncId                    
00001847  etherInit                     
00001f71  etherIsArpRequest             
0000200f  etherIsArpResponse            
000019e7  etherIsDataAvailable          
000024c5  etherIsDhcpResponse           
00001d41  etherIsIp                     
00001db1  etherIsIpUnicast              
00002607  etherIsIpValid                
000019cd  etherIsLinkUp                 
00001a01  etherIsOverflow               
00001e15  etherIsPingRequest            
0000251f  etherIsTcp                    
0000224d  etherIsUdp                    
00001b21  etherPutPacket                
0000182f  etherReadMem                  
0000181d  etherReadMemStart             
0000183f  etherReadMemStop              
00001783  etherReadPhy                  
00001695  etherReadReg                  
00002139  etherSendArpRequest           
00002069  etherSendArpResponse          
00001e61  etherSendPingResponse         
00002325  etherSendUdpResponse          
0000172f  etherSetBank                  
00002837  etherSetDhcpServerAddress     
0000262d  etherSetIpAddress             
00002789  etherSetIpDnsAddress          
00002715  etherSetIpGatewayAddress      
000026a1  etherSetIpSubnetMask          
000027fd  etherSetIpTimeServerAddress   
000028f9  etherSetMacAddress            
000016c7  etherSetReg                   
00001c07  etherSumWords                 
00001801  etherWriteMem                 
000017ef  etherWriteMemStart            
00001815  etherWriteMemStop             
0000174b  etherWritePhy                 
00001661  etherWriteReg                 
20001054  fn                            
00007375  frexp                         
00007375  frexpl                        
00000000  g_pfnVectors                  
00001c7b  getEtherChecksum              
000002ad  getLease                      
00000dfd  getOption                     
000050f7  getPinValue                   
000051ad  getPortValue                  
0000029b  getRequestBit                 
000002a1  getT1                         
000002a7  getT2                         
000062c5  getcUart0                     
00001d0d  htonl                         
00001ce9  htons                         
200010f0  hwAddress                     
000070c9  initEeprom                    
000034f5  initHw                        
00006339  initSpi0                      
0000788d  initSystemClockTo40Mhz        
0000569d  initTimer                     
000061a9  initUart0                     
20001111  ipAddress                     
20001115  ipDnsAddress                  
20001119  ipGwAddress                   
2000111d  ipSubnetMask                  
20001121  ipTimeServerAddress           
000062d9  kbhitUart0                    
00006abd  ldexp                         
00006abd  ldexpl                        
200010ec  lease                         
000035c1  leasetimer                    
00003dfd  main                          
00007795  memccpy                       
00006e8b  memcpy                        
00007155  memset                        
200010e1  needDiscover                  
200010e3  needRelease                   
200010e2  needRequest                   
2000110d  nextPacketLsb                 
2000110e  nextPacketMsb                 
2000107c  period                        
00003a21  processShell                  
0000627d  putcUart0                     
00006299  putsUart0                     
00005997  random32                      
00003893  readConfiguration             
00007111  readEeprom                    
00006471  readSpi0Data                  
000035b9  rebindtimer                   
200010cc  reload                        
000035ab  renewRequestTimer             
0000359d  renewtimer                    
200010dc  requestBit                    
0000355d  requesttimer                  
00003531  reset_values                  
000058af  restartTimer                  
00006abd  scalbn                        
00006abd  scalbnl                       
00004c7f  selectPinAnalogInput          
00004c31  selectPinDigitalInput         
00004f9b  selectPinInterruptBothEdges   
00004f4b  selectPinInterruptFallingEdge 
00004ff1  selectPinInterruptHighLevel   
0000502b  selectPinInterruptLowLevel    
00004efb  selectPinInterruptRisingEdge  
00004be3  selectPinOpenDrainOutput      
00004b95  selectPinPushPullOutput       
2000110f  sequenceId                    
00004de9  setPinAuxFunction             
00004ccf  setPinCommitControl           
000050d1  setPinValue                   
00005131  setPortValue                  
00000287  setRequestBit                 
000063d5  setSpi0BaudRate               
0000640b  setSpi0Mode                   
0000623d  setUart0BaudRate              
000075ad  sprintf                       
0000766d  sscanf                        
0000573d  startOneshotTimer             
000057c3  startPeriodicTimer            
00005849  stopTimer                     
20001000  strInput                      
0000782b  strchr                        
000077fb  strcmp                        
00007841  strcpy                        
00007731  strcspn                       
00007855  strlen                        
00007813  strrchr                       
00007707  strspn                        
0000523d  strtod                        
000075ed  strtok                        
00006869  strtol                        
0000523d  strtold                       
00005c45  strtoll                       
00006bcd  strtoul                       
00006499  strtoull                      
0000591d  tickIsr                       
200010a4  ticks                         
200010d8  token                         
0000789d  tolower                       
00007755  waitMicrosecond               
0000787b  wcslen                        
000070df  writeEeprom                   
00006459  writeSpi0Data                 
200010f8  x                             


GLOBAL SYMBOLS: SORTED BY Symbol Address 

address   name                          
-------   ----                          
00000000  __TI_static_base__            
00000000  g_pfnVectors                  
0000026d  dhcpSetState                  
00000281  dhcpGetState                  
00000287  setRequestBit                 
0000029b  getRequestBit                 
000002a1  getT1                         
000002a7  getT2                         
000002ad  getLease                      
000002b3  dhcpEnable                    
000002bb  dhcpDisable                   
000002cb  dhcpIsEnabled                 
000002dd  dhcpRequestRenew              
000002ed  dhcpRequestRebind             
000002f5  dhcpRequestRelease            
000002fd  dhcpGetLeaseSeconds           
00000319  dhcpSendMessage               
00000dfd  getOption                     
00000f2f  dhcpIsOffer                   
00001000  __STACK_SIZE                  
00001023  dhcpIsAck                     
00001239  dhcpHandleAck                 
00001337  dhcpSendPendingMessages       
00001475  dhcpProcessDhcpResponse       
0000152d  dhcpProcessArpResponse        
0000163d  etherCsOn                     
00001653  etherCsOff                    
00001661  etherWriteReg                 
00001695  etherReadReg                  
000016c7  etherSetReg                   
000016fb  etherClearReg                 
0000172f  etherSetBank                  
0000174b  etherWritePhy                 
00001783  etherReadPhy                  
000017ef  etherWriteMemStart            
00001801  etherWriteMem                 
00001815  etherWriteMemStop             
0000181d  etherReadMemStart             
0000182f  etherReadMem                  
0000183f  etherReadMemStop              
00001847  etherInit                     
000019cd  etherIsLinkUp                 
000019e7  etherIsDataAvailable          
00001a01  etherIsOverflow               
00001a31  etherGetPacket                
00001b21  etherPutPacket                
00001c07  etherSumWords                 
00001c7b  getEtherChecksum              
00001cad  etherCalcIpChecksum           
00001ce9  htons                         
00001d0d  htonl                         
00001d41  etherIsIp                     
00001db1  etherIsIpUnicast              
00001e15  etherIsPingRequest            
00001e61  etherSendPingResponse         
00001f71  etherIsArpRequest             
0000200f  etherIsArpResponse            
00002069  etherSendArpResponse          
00002139  etherSendArpRequest           
0000224d  etherIsUdp                    
000022f5  etherGetUdpData               
00002325  etherSendUdpResponse          
000024c5  etherIsDhcpResponse           
0000251f  etherIsTcp                    
000025f1  etherGetId                    
000025fd  etherIncId                    
00002607  etherIsIpValid                
0000262d  etherSetIpAddress             
00002667  etherGetIpAddress             
000026a1  etherSetIpSubnetMask          
000026db  etherGetIpSubnetMask          
00002715  etherSetIpGatewayAddress      
0000274f  etherGetIpGatewayAddress      
00002789  etherSetIpDnsAddress          
000027c3  etherGetIpDnsAddress          
000027fd  etherSetIpTimeServerAddress   
00002837  etherSetDhcpServerAddress     
00002871  etherGetDhcpServerAddress     
000028ab  etherGetIpTimeServerAddress   
000028f9  etherSetMacAddress            
00002979  etherGetMacAddress            
000029e1  __TI_scanfi                   
000034f5  initHw                        
00003531  reset_values                  
00003553  discovertimer                 
0000355d  requesttimer                  
00003567  arptimer                      
0000359d  renewtimer                    
000035ab  renewRequestTimer             
000035b9  rebindtimer                   
000035c1  leasetimer                    
000035e1  displayConnectionInfo         
00003893  readConfiguration             
00003945  asciiToUint8                  
00003a21  processShell                  
00003dfd  main                          
00004009  __TI_printfi                  
00004a57  __aeabi_idiv0                 
00004a57  __aeabi_ldiv0                 
00004a59  enablePort                    
00004b15  disablePort                   
00004b95  selectPinPushPullOutput       
00004be3  selectPinOpenDrainOutput      
00004c31  selectPinDigitalInput         
00004c7f  selectPinAnalogInput          
00004ccf  setPinCommitControl           
00004d4b  enablePinPullup               
00004d79  disablePinPullup              
00004d9d  enablePinPulldown             
00004dc1  disablePinPulldown            
00004de9  setPinAuxFunction             
00004efb  selectPinInterruptRisingEdge  
00004f4b  selectPinInterruptFallingEdge 
00004f9b  selectPinInterruptBothEdges   
00004ff1  selectPinInterruptHighLevel   
0000502b  selectPinInterruptLowLevel    
00005065  enablePinInterrupt            
00005089  disablePinInterrupt           
000050ad  clearPinInterrupt             
000050d1  setPinValue                   
000050f7  getPinValue                   
00005131  setPortValue                  
000051ad  getPortValue                  
0000523d  strtod                        
0000523d  strtold                       
0000569d  initTimer                     
0000573d  startOneshotTimer             
000057c3  startPeriodicTimer            
00005849  stopTimer                     
000058af  restartTimer                  
0000591d  tickIsr                       
00005997  random32                      
00005c45  strtoll                       
00005ff1  __aeabi_dsub                  
00005ffb  __aeabi_dadd                  
000061a9  initUart0                     
0000623d  setUart0BaudRate              
0000627d  putcUart0                     
00006299  putsUart0                     
000062c5  getcUart0                     
000062d9  kbhitUart0                    
00006339  initSpi0                      
000063d5  setSpi0BaudRate               
0000640b  setSpi0Mode                   
00006459  writeSpi0Data                 
00006471  readSpi0Data                  
00006499  strtoull                      
00006731  __aeabi_ddiv                  
00006869  strtol                        
00006abd  ldexp                         
00006abd  ldexpl                        
00006abd  scalbn                        
00006abd  scalbnl                       
00006bcd  strtoul                       
00006cdd  __aeabi_dmul                  
00006e8b  __aeabi_memcpy                
00006e8b  __aeabi_memcpy4               
00006e8b  __aeabi_memcpy8               
00006e8b  memcpy                        
00006f27  __aeabi_uldivmod              
00006fbd  __aeabi_cdcmpeq               
00006fbd  __aeabi_cdcmple               
00007043  __aeabi_cdrcmple              
000070c9  initEeprom                    
000070df  writeEeprom                   
00007111  readEeprom                    
0000714d  __aeabi_memclr                
0000714d  __aeabi_memclr4               
0000714d  __aeabi_memclr8               
0000714f  __aeabi_memset                
0000714f  __aeabi_memset4               
0000714f  __aeabi_memset8               
00007155  memset                        
00007235  __aeabi_d2f                   
0000730d  __TI_decompress_lzss          
00007375  frexp                         
00007375  frexpl                        
0000742f  __TI_ltoa                     
000074d5  atoi                          
00007521  __aeabi_d2iz                  
00007569  __TI_auto_init_nobinit_nopinit
000075ad  sprintf                       
000075ed  strtok                        
0000766d  sscanf                        
000076a5  _c_int00_noargs               
000076d9  __aeabi_i2d                   
00007707  strspn                        
00007731  strcspn                       
00007755  waitMicrosecond               
00007779  __TI_zero_init_nomemset       
00007795  memccpy                       
000077b1  copysign                      
000077b1  copysignl                     
000077e3  __aeabi_lmul                  
000077fb  strcmp                        
00007813  strrchr                       
0000782b  strchr                        
00007841  strcpy                        
00007855  strlen                        
0000787b  wcslen                        
0000788d  initSystemClockTo40Mhz        
0000789d  tolower                       
000078ad  __TI_decompress_none          
000078bb  ResetISR                      
000078d1  __aeabi_errno_addr            
000078e1  _system_pre_init              
000078e5  C$$EXIT                       
000078e5  abort                         
000078e8  _ctypes_                      
00007ae4  __TI_Handler_Table_Base       
00007af0  __TI_Handler_Table_Limit      
00007af8  __TI_CINIT_Base               
00007b08  __TI_CINIT_Limit              
20000000  __stack                       
20000000  __start___llvm_prf_cnts       
20000000  __stop___llvm_prf_cnts        
20000200  __STACK_TOP                   
20001000  __STACK_END                   
20001000  strInput                      
20001054  fn                            
2000107c  period                        
200010a4  ticks                         
200010cc  reload                        
200010d8  token                         
200010dc  requestBit                    
200010e0  dhcpState                     
200010e1  needDiscover                  
200010e2  needRequest                   
200010e3  needRelease                   
200010e4  T1                            
200010e8  T2                            
200010ec  lease                         
200010f0  hwAddress                     
200010f8  x                             
200010fc  count                         
200010fd  dhcpOfferedIpAdd              
20001101  dhcpServerAddress             
20001105  dhcpServerIpAdd               
20001109  dummy                         
2000110d  nextPacketLsb                 
2000110e  nextPacketMsb                 
2000110f  sequenceId                    
20001110  dhcpEnabled                   
20001111  ipAddress                     
20001115  ipDnsAddress                  
20001119  ipGwAddress                   
2000111d  ipSubnetMask                  
20001121  ipTimeServerAddress           
20001128  errno                         
ffffffff  __TI_pprof_out_hndl           
ffffffff  __TI_prof_data_size           
ffffffff  __TI_prof_data_start          
ffffffff  __binit__                     
ffffffff  __c_args__                    
ffffffff  binit                         
UNDEFED   __mpu_init                    
UNDEFED   _system_post_cinit            

[257 symbols]
